[0.119s] DEBUG:colcon:Command line arguments: ['/usr/bin/colcon', 'build', '--symlink-install']
[0.119s] DEBUG:colcon:Parsed command line arguments: Namespace(log_base=None, log_level=None, verb_name='build', build_base='build', install_base='install', merge_install=False, symlink_install=True, test_result_base=None, continue_on_error=False, executor='parallel', parallel_workers=4, event_handlers=None, ignore_user_meta=False, metas=['./colcon.meta'], base_paths=['.'], packages_ignore=None, packages_ignore_regex=None, paths=None, packages_up_to=None, packages_up_to_regex=None, packages_above=None, packages_above_and_dependencies=None, packages_above_depth=None, packages_select_by_dep=None, packages_skip_by_dep=None, packages_skip_up_to=None, packages_select_build_failed=False, packages_skip_build_finished=False, packages_select_test_failures=False, packages_skip_test_passed=False, packages_select=None, packages_skip=None, packages_select_regex=None, packages_skip_regex=None, packages_start=None, packages_end=None, allow_overriding=[], cmake_args=None, cmake_target=None, cmake_target_skip_unavailable=False, cmake_clean_cache=False, cmake_clean_first=False, cmake_force_configure=False, ament_cmake_args=None, catkin_cmake_args=None, catkin_skip_building_tests=False, mixin_files=None, mixin=None, verb_parser=<colcon_mixin.mixin.mixin_argument.MixinArgumentDecorator object at 0x71a80d367970>, verb_extension=<colcon_core.verb.build.BuildVerb object at 0x71a80d366fe0>, main=<bound method BuildVerb.main of <colcon_core.verb.build.BuildVerb object at 0x71a80d366fe0>>, mixin_verb=('build',))
[0.274s] Level 1:colcon.colcon_core.package_discovery:discover_packages(colcon_meta) check parameters
[0.274s] Level 1:colcon.colcon_core.package_discovery:discover_packages(recursive) check parameters
[0.274s] Level 1:colcon.colcon_core.package_discovery:discover_packages(ignore) check parameters
[0.274s] Level 1:colcon.colcon_core.package_discovery:discover_packages(path) check parameters
[0.274s] Level 1:colcon.colcon_core.package_discovery:discover_packages(colcon_meta) discover
[0.274s] Level 1:colcon.colcon_core.package_discovery:discover_packages(recursive) discover
[0.274s] INFO:colcon.colcon_core.package_discovery:Crawling recursively for packages in '/home/skyler/Documents/ece569-fall2026/ece569_Lab2/ws2'
[0.274s] Level 1:colcon.colcon_core.package_identification:_identify(.) by extensions ['ignore', 'ignore_ament_install']
[0.274s] Level 1:colcon.colcon_core.package_identification:_identify(.) by extension 'ignore'
[0.274s] Level 1:colcon.colcon_core.package_identification:_identify(.) by extension 'ignore_ament_install'
[0.274s] Level 1:colcon.colcon_core.package_identification:_identify(.) by extensions ['colcon_pkg']
[0.274s] Level 1:colcon.colcon_core.package_identification:_identify(.) by extension 'colcon_pkg'
[0.274s] Level 1:colcon.colcon_core.package_identification:_identify(.) by extensions ['colcon_meta']
[0.274s] Level 1:colcon.colcon_core.package_identification:_identify(.) by extension 'colcon_meta'
[0.274s] Level 1:colcon.colcon_core.package_identification:_identify(.) by extensions ['ros']
[0.274s] Level 1:colcon.colcon_core.package_identification:_identify(.) by extension 'ros'
[0.284s] Level 1:colcon.colcon_core.package_identification:_identify(.) by extensions ['cmake', 'python']
[0.284s] Level 1:colcon.colcon_core.package_identification:_identify(.) by extension 'cmake'
[0.284s] Level 1:colcon.colcon_core.package_identification:_identify(.) by extension 'python'
[0.284s] Level 1:colcon.colcon_core.package_identification:_identify(.) by extensions ['python_setup_py']
[0.284s] Level 1:colcon.colcon_core.package_identification:_identify(.) by extension 'python_setup_py'
[0.285s] Level 1:colcon.colcon_core.package_identification:_identify(build) by extensions ['ignore', 'ignore_ament_install']
[0.285s] Level 1:colcon.colcon_core.package_identification:_identify(build) by extension 'ignore'
[0.285s] Level 1:colcon.colcon_core.package_identification:_identify(build) ignored
[0.285s] Level 1:colcon.colcon_core.package_identification:_identify(install) by extensions ['ignore', 'ignore_ament_install']
[0.285s] Level 1:colcon.colcon_core.package_identification:_identify(install) by extension 'ignore'
[0.285s] Level 1:colcon.colcon_core.package_identification:_identify(install) ignored
[0.285s] Level 1:colcon.colcon_core.package_identification:_identify(log) by extensions ['ignore', 'ignore_ament_install']
[0.285s] Level 1:colcon.colcon_core.package_identification:_identify(log) by extension 'ignore'
[0.285s] Level 1:colcon.colcon_core.package_identification:_identify(log) ignored
[0.285s] Level 1:colcon.colcon_core.package_identification:_identify(src) by extensions ['ignore', 'ignore_ament_install']
[0.285s] Level 1:colcon.colcon_core.package_identification:_identify(src) by extension 'ignore'
[0.285s] Level 1:colcon.colcon_core.package_identification:_identify(src) by extension 'ignore_ament_install'
[0.285s] Level 1:colcon.colcon_core.package_identification:_identify(src) by extensions ['colcon_pkg']
[0.285s] Level 1:colcon.colcon_core.package_identification:_identify(src) by extension 'colcon_pkg'
[0.285s] Level 1:colcon.colcon_core.package_identification:_identify(src) by extensions ['colcon_meta']
[0.286s] Level 1:colcon.colcon_core.package_identification:_identify(src) by extension 'colcon_meta'
[0.286s] Level 1:colcon.colcon_core.package_identification:_identify(src) by extensions ['ros']
[0.286s] Level 1:colcon.colcon_core.package_identification:_identify(src) by extension 'ros'
[0.286s] Level 1:colcon.colcon_core.package_identification:_identify(src) by extensions ['cmake', 'python']
[0.286s] Level 1:colcon.colcon_core.package_identification:_identify(src) by extension 'cmake'
[0.286s] Level 1:colcon.colcon_core.package_identification:_identify(src) by extension 'python'
[0.286s] Level 1:colcon.colcon_core.package_identification:_identify(src) by extensions ['python_setup_py']
[0.286s] Level 1:colcon.colcon_core.package_identification:_identify(src) by extension 'python_setup_py'
[0.286s] Level 1:colcon.colcon_core.package_identification:_identify(src/Universal_Robots_ROS2_Description) by extensions ['ignore', 'ignore_ament_install']
[0.286s] Level 1:colcon.colcon_core.package_identification:_identify(src/Universal_Robots_ROS2_Description) by extension 'ignore'
[0.286s] Level 1:colcon.colcon_core.package_identification:_identify(src/Universal_Robots_ROS2_Description) by extension 'ignore_ament_install'
[0.286s] Level 1:colcon.colcon_core.package_identification:_identify(src/Universal_Robots_ROS2_Description) by extensions ['colcon_pkg']
[0.286s] Level 1:colcon.colcon_core.package_identification:_identify(src/Universal_Robots_ROS2_Description) by extension 'colcon_pkg'
[0.286s] Level 1:colcon.colcon_core.package_identification:_identify(src/Universal_Robots_ROS2_Description) by extensions ['colcon_meta']
[0.286s] Level 1:colcon.colcon_core.package_identification:_identify(src/Universal_Robots_ROS2_Description) by extension 'colcon_meta'
[0.286s] Level 1:colcon.colcon_core.package_identification:_identify(src/Universal_Robots_ROS2_Description) by extensions ['ros']
[0.286s] Level 1:colcon.colcon_core.package_identification:_identify(src/Universal_Robots_ROS2_Description) by extension 'ros'
[0.289s] DEBUG:colcon.colcon_core.package_identification:Package 'src/Universal_Robots_ROS2_Description' with type 'ros.ament_cmake' and name 'ur_description'
[0.289s] Level 1:colcon.colcon_core.package_identification:_identify(src/rrbot_description) by extensions ['ignore', 'ignore_ament_install']
[0.289s] Level 1:colcon.colcon_core.package_identification:_identify(src/rrbot_description) by extension 'ignore'
[0.289s] Level 1:colcon.colcon_core.package_identification:_identify(src/rrbot_description) by extension 'ignore_ament_install'
[0.289s] Level 1:colcon.colcon_core.package_identification:_identify(src/rrbot_description) by extensions ['colcon_pkg']
[0.289s] Level 1:colcon.colcon_core.package_identification:_identify(src/rrbot_description) by extension 'colcon_pkg'
[0.289s] Level 1:colcon.colcon_core.package_identification:_identify(src/rrbot_description) by extensions ['colcon_meta']
[0.289s] Level 1:colcon.colcon_core.package_identification:_identify(src/rrbot_description) by extension 'colcon_meta'
[0.289s] Level 1:colcon.colcon_core.package_identification:_identify(src/rrbot_description) by extensions ['ros']
[0.289s] Level 1:colcon.colcon_core.package_identification:_identify(src/rrbot_description) by extension 'ros'
[0.290s] DEBUG:colcon.colcon_core.package_identification:Package 'src/rrbot_description' with type 'ros.ament_python' and name 'rrbot_description'
[0.290s] Level 1:colcon.colcon_core.package_identification:_identify(src/table_description) by extensions ['ignore', 'ignore_ament_install']
[0.290s] Level 1:colcon.colcon_core.package_identification:_identify(src/table_description) by extension 'ignore'
[0.290s] Level 1:colcon.colcon_core.package_identification:_identify(src/table_description) by extension 'ignore_ament_install'
[0.290s] Level 1:colcon.colcon_core.package_identification:_identify(src/table_description) by extensions ['colcon_pkg']
[0.290s] Level 1:colcon.colcon_core.package_identification:_identify(src/table_description) by extension 'colcon_pkg'
[0.290s] Level 1:colcon.colcon_core.package_identification:_identify(src/table_description) by extensions ['colcon_meta']
[0.290s] Level 1:colcon.colcon_core.package_identification:_identify(src/table_description) by extension 'colcon_meta'
[0.290s] Level 1:colcon.colcon_core.package_identification:_identify(src/table_description) by extensions ['ros']
[0.290s] Level 1:colcon.colcon_core.package_identification:_identify(src/table_description) by extension 'ros'
[0.291s] DEBUG:colcon.colcon_core.package_identification:Package 'src/table_description' with type 'ros.ament_python' and name 'table_description'
[0.291s] Level 1:colcon.colcon_core.package_identification:_identify(src/ur3e_on_table) by extensions ['ignore', 'ignore_ament_install']
[0.291s] Level 1:colcon.colcon_core.package_identification:_identify(src/ur3e_on_table) by extension 'ignore'
[0.291s] Level 1:colcon.colcon_core.package_identification:_identify(src/ur3e_on_table) by extension 'ignore_ament_install'
[0.291s] Level 1:colcon.colcon_core.package_identification:_identify(src/ur3e_on_table) by extensions ['colcon_pkg']
[0.291s] Level 1:colcon.colcon_core.package_identification:_identify(src/ur3e_on_table) by extension 'colcon_pkg'
[0.291s] Level 1:colcon.colcon_core.package_identification:_identify(src/ur3e_on_table) by extensions ['colcon_meta']
[0.291s] Level 1:colcon.colcon_core.package_identification:_identify(src/ur3e_on_table) by extension 'colcon_meta'
[0.291s] Level 1:colcon.colcon_core.package_identification:_identify(src/ur3e_on_table) by extensions ['ros']
[0.291s] Level 1:colcon.colcon_core.package_identification:_identify(src/ur3e_on_table) by extension 'ros'
[0.291s] DEBUG:colcon.colcon_core.package_identification:Package 'src/ur3e_on_table' with type 'ros.ament_python' and name 'ur3e_on_table'
[0.291s] Level 1:colcon.colcon_core.package_discovery:discover_packages(recursive) using defaults
[0.292s] Level 1:colcon.colcon_core.package_discovery:discover_packages(ignore) discover
[0.292s] Level 1:colcon.colcon_core.package_discovery:discover_packages(ignore) using defaults
[0.292s] Level 1:colcon.colcon_core.package_discovery:discover_packages(path) discover
[0.292s] Level 1:colcon.colcon_core.package_discovery:discover_packages(path) using defaults
[0.327s] Level 1:colcon.colcon_core.package_discovery:discover_packages(prefix_path) check parameters
[0.327s] Level 1:colcon.colcon_core.package_discovery:discover_packages(prefix_path) discover
[0.328s] DEBUG:colcon.colcon_installed_package_information.package_discovery:Found 4 installed packages in /home/skyler/Documents/ece569-fall2026/ece569_Lab2/ws2/install
[0.330s] DEBUG:colcon.colcon_installed_package_information.package_discovery:Found 276 installed packages in /opt/ros/humble
[0.331s] Level 1:colcon.colcon_core.package_discovery:discover_packages(prefix_path) using defaults
[0.364s] Level 5:colcon.colcon_core.verb:set package 'rrbot_description' build argument 'cmake_args' from command line to 'None'
[0.364s] Level 5:colcon.colcon_core.verb:set package 'rrbot_description' build argument 'cmake_target' from command line to 'None'
[0.364s] Level 5:colcon.colcon_core.verb:set package 'rrbot_description' build argument 'cmake_target_skip_unavailable' from command line to 'False'
[0.364s] Level 5:colcon.colcon_core.verb:set package 'rrbot_description' build argument 'cmake_clean_cache' from command line to 'False'
[0.364s] Level 5:colcon.colcon_core.verb:set package 'rrbot_description' build argument 'cmake_clean_first' from command line to 'False'
[0.364s] Level 5:colcon.colcon_core.verb:set package 'rrbot_description' build argument 'cmake_force_configure' from command line to 'False'
[0.364s] Level 5:colcon.colcon_core.verb:set package 'rrbot_description' build argument 'ament_cmake_args' from command line to 'None'
[0.364s] Level 5:colcon.colcon_core.verb:set package 'rrbot_description' build argument 'catkin_cmake_args' from command line to 'None'
[0.364s] Level 5:colcon.colcon_core.verb:set package 'rrbot_description' build argument 'catkin_skip_building_tests' from command line to 'False'
[0.364s] DEBUG:colcon.colcon_core.verb:Building package 'rrbot_description' with the following arguments: {'ament_cmake_args': None, 'build_base': '/home/skyler/Documents/ece569-fall2026/ece569_Lab2/ws2/build/rrbot_description', 'catkin_cmake_args': None, 'catkin_skip_building_tests': False, 'cmake_args': None, 'cmake_clean_cache': False, 'cmake_clean_first': False, 'cmake_force_configure': False, 'cmake_target': None, 'cmake_target_skip_unavailable': False, 'install_base': '/home/skyler/Documents/ece569-fall2026/ece569_Lab2/ws2/install/rrbot_description', 'merge_install': False, 'path': '/home/skyler/Documents/ece569-fall2026/ece569_Lab2/ws2/src/rrbot_description', 'symlink_install': True, 'test_result_base': None}
[0.365s] Level 5:colcon.colcon_core.verb:set package 'table_description' build argument 'cmake_args' from command line to 'None'
[0.365s] Level 5:colcon.colcon_core.verb:set package 'table_description' build argument 'cmake_target' from command line to 'None'
[0.365s] Level 5:colcon.colcon_core.verb:set package 'table_description' build argument 'cmake_target_skip_unavailable' from command line to 'False'
[0.365s] Level 5:colcon.colcon_core.verb:set package 'table_description' build argument 'cmake_clean_cache' from command line to 'False'
[0.365s] Level 5:colcon.colcon_core.verb:set package 'table_description' build argument 'cmake_clean_first' from command line to 'False'
[0.365s] Level 5:colcon.colcon_core.verb:set package 'table_description' build argument 'cmake_force_configure' from command line to 'False'
[0.365s] Level 5:colcon.colcon_core.verb:set package 'table_description' build argument 'ament_cmake_args' from command line to 'None'
[0.365s] Level 5:colcon.colcon_core.verb:set package 'table_description' build argument 'catkin_cmake_args' from command line to 'None'
[0.365s] Level 5:colcon.colcon_core.verb:set package 'table_description' build argument 'catkin_skip_building_tests' from command line to 'False'
[0.365s] DEBUG:colcon.colcon_core.verb:Building package 'table_description' with the following arguments: {'ament_cmake_args': None, 'build_base': '/home/skyler/Documents/ece569-fall2026/ece569_Lab2/ws2/build/table_description', 'catkin_cmake_args': None, 'catkin_skip_building_tests': False, 'cmake_args': None, 'cmake_clean_cache': False, 'cmake_clean_first': False, 'cmake_force_configure': False, 'cmake_target': None, 'cmake_target_skip_unavailable': False, 'install_base': '/home/skyler/Documents/ece569-fall2026/ece569_Lab2/ws2/install/table_description', 'merge_install': False, 'path': '/home/skyler/Documents/ece569-fall2026/ece569_Lab2/ws2/src/table_description', 'symlink_install': True, 'test_result_base': None}
[0.365s] Level 5:colcon.colcon_core.verb:set package 'ur3e_on_table' build argument 'cmake_args' from command line to 'None'
[0.365s] Level 5:colcon.colcon_core.verb:set package 'ur3e_on_table' build argument 'cmake_target' from command line to 'None'
[0.365s] Level 5:colcon.colcon_core.verb:set package 'ur3e_on_table' build argument 'cmake_target_skip_unavailable' from command line to 'False'
[0.365s] Level 5:colcon.colcon_core.verb:set package 'ur3e_on_table' build argument 'cmake_clean_cache' from command line to 'False'
[0.365s] Level 5:colcon.colcon_core.verb:set package 'ur3e_on_table' build argument 'cmake_clean_first' from command line to 'False'
[0.365s] Level 5:colcon.colcon_core.verb:set package 'ur3e_on_table' build argument 'cmake_force_configure' from command line to 'False'
[0.365s] Level 5:colcon.colcon_core.verb:set package 'ur3e_on_table' build argument 'ament_cmake_args' from command line to 'None'
[0.365s] Level 5:colcon.colcon_core.verb:set package 'ur3e_on_table' build argument 'catkin_cmake_args' from command line to 'None'
[0.365s] Level 5:colcon.colcon_core.verb:set package 'ur3e_on_table' build argument 'catkin_skip_building_tests' from command line to 'False'
[0.365s] DEBUG:colcon.colcon_core.verb:Building package 'ur3e_on_table' with the following arguments: {'ament_cmake_args': None, 'build_base': '/home/skyler/Documents/ece569-fall2026/ece569_Lab2/ws2/build/ur3e_on_table', 'catkin_cmake_args': None, 'catkin_skip_building_tests': False, 'cmake_args': None, 'cmake_clean_cache': False, 'cmake_clean_first': False, 'cmake_force_configure': False, 'cmake_target': None, 'cmake_target_skip_unavailable': False, 'install_base': '/home/skyler/Documents/ece569-fall2026/ece569_Lab2/ws2/install/ur3e_on_table', 'merge_install': False, 'path': '/home/skyler/Documents/ece569-fall2026/ece569_Lab2/ws2/src/ur3e_on_table', 'symlink_install': True, 'test_result_base': None}
[0.366s] Level 5:colcon.colcon_core.verb:set package 'ur_description' build argument 'cmake_args' from command line to 'None'
[0.366s] Level 5:colcon.colcon_core.verb:set package 'ur_description' build argument 'cmake_target' from command line to 'None'
[0.366s] Level 5:colcon.colcon_core.verb:set package 'ur_description' build argument 'cmake_target_skip_unavailable' from command line to 'False'
[0.366s] Level 5:colcon.colcon_core.verb:set package 'ur_description' build argument 'cmake_clean_cache' from command line to 'False'
[0.366s] Level 5:colcon.colcon_core.verb:set package 'ur_description' build argument 'cmake_clean_first' from command line to 'False'
[0.366s] Level 5:colcon.colcon_core.verb:set package 'ur_description' build argument 'cmake_force_configure' from command line to 'False'
[0.366s] Level 5:colcon.colcon_core.verb:set package 'ur_description' build argument 'ament_cmake_args' from command line to 'None'
[0.366s] Level 5:colcon.colcon_core.verb:set package 'ur_description' build argument 'catkin_cmake_args' from command line to 'None'
[0.366s] Level 5:colcon.colcon_core.verb:set package 'ur_description' build argument 'catkin_skip_building_tests' from command line to 'False'
[0.366s] DEBUG:colcon.colcon_core.verb:Building package 'ur_description' with the following arguments: {'ament_cmake_args': None, 'build_base': '/home/skyler/Documents/ece569-fall2026/ece569_Lab2/ws2/build/ur_description', 'catkin_cmake_args': None, 'catkin_skip_building_tests': False, 'cmake_args': None, 'cmake_clean_cache': False, 'cmake_clean_first': False, 'cmake_force_configure': False, 'cmake_target': None, 'cmake_target_skip_unavailable': False, 'install_base': '/home/skyler/Documents/ece569-fall2026/ece569_Lab2/ws2/install/ur_description', 'merge_install': False, 'path': '/home/skyler/Documents/ece569-fall2026/ece569_Lab2/ws2/src/Universal_Robots_ROS2_Description', 'symlink_install': True, 'test_result_base': None}
[0.366s] INFO:colcon.colcon_core.executor:Executing jobs using 'parallel' executor
[0.371s] DEBUG:colcon.colcon_parallel_executor.executor.parallel:run_until_complete
[0.371s] INFO:colcon.colcon_ros.task.ament_python.build:Building ROS package in '/home/skyler/Documents/ece569-fall2026/ece569_Lab2/ws2/src/rrbot_description' with build type 'ament_python'
[0.372s] Level 1:colcon.colcon_core.shell:create_environment_hook('rrbot_description', 'ament_prefix_path')
[0.373s] INFO:colcon.colcon_core.plugin_system:Skipping extension 'colcon_core.shell.bat': Not used on non-Windows systems
[0.373s] INFO:colcon.colcon_core.shell:Creating environment hook '/home/skyler/Documents/ece569-fall2026/ece569_Lab2/ws2/install/rrbot_description/share/rrbot_description/hook/ament_prefix_path.ps1'
[0.374s] INFO:colcon.colcon_core.shell:Creating environment descriptor '/home/skyler/Documents/ece569-fall2026/ece569_Lab2/ws2/install/rrbot_description/share/rrbot_description/hook/ament_prefix_path.dsv'
[0.374s] INFO:colcon.colcon_core.shell:Creating environment hook '/home/skyler/Documents/ece569-fall2026/ece569_Lab2/ws2/install/rrbot_description/share/rrbot_description/hook/ament_prefix_path.sh'
[0.377s] INFO:colcon.colcon_core.shell:Skip shell extension 'powershell' for command environment: Not usable outside of PowerShell
[0.377s] DEBUG:colcon.colcon_core.shell:Skip shell extension 'dsv' for command environment
[0.385s] INFO:colcon.colcon_ros.task.ament_python.build:Building ROS package in '/home/skyler/Documents/ece569-fall2026/ece569_Lab2/ws2/src/table_description' with build type 'ament_python'
[0.385s] Level 1:colcon.colcon_core.shell:create_environment_hook('table_description', 'ament_prefix_path')
[0.385s] INFO:colcon.colcon_core.shell:Creating environment hook '/home/skyler/Documents/ece569-fall2026/ece569_Lab2/ws2/install/table_description/share/table_description/hook/ament_prefix_path.ps1'
[0.386s] INFO:colcon.colcon_core.shell:Creating environment descriptor '/home/skyler/Documents/ece569-fall2026/ece569_Lab2/ws2/install/table_description/share/table_description/hook/ament_prefix_path.dsv'
[0.386s] INFO:colcon.colcon_core.shell:Creating environment hook '/home/skyler/Documents/ece569-fall2026/ece569_Lab2/ws2/install/table_description/share/table_description/hook/ament_prefix_path.sh'
[0.387s] INFO:colcon.colcon_core.shell:Skip shell extension 'powershell' for command environment: Not usable outside of PowerShell
[0.387s] DEBUG:colcon.colcon_core.shell:Skip shell extension 'dsv' for command environment
[0.394s] INFO:colcon.colcon_ros.task.ament_python.build:Building ROS package in '/home/skyler/Documents/ece569-fall2026/ece569_Lab2/ws2/src/ur3e_on_table' with build type 'ament_python'
[0.395s] Level 1:colcon.colcon_core.shell:create_environment_hook('ur3e_on_table', 'ament_prefix_path')
[0.395s] INFO:colcon.colcon_core.shell:Creating environment hook '/home/skyler/Documents/ece569-fall2026/ece569_Lab2/ws2/install/ur3e_on_table/share/ur3e_on_table/hook/ament_prefix_path.ps1'
[0.395s] INFO:colcon.colcon_core.shell:Creating environment descriptor '/home/skyler/Documents/ece569-fall2026/ece569_Lab2/ws2/install/ur3e_on_table/share/ur3e_on_table/hook/ament_prefix_path.dsv'
[0.396s] INFO:colcon.colcon_core.shell:Creating environment hook '/home/skyler/Documents/ece569-fall2026/ece569_Lab2/ws2/install/ur3e_on_table/share/ur3e_on_table/hook/ament_prefix_path.sh'
[0.396s] INFO:colcon.colcon_core.shell:Skip shell extension 'powershell' for command environment: Not usable outside of PowerShell
[0.396s] DEBUG:colcon.colcon_core.shell:Skip shell extension 'dsv' for command environment
[0.405s] INFO:colcon.colcon_ros.task.ament_cmake.build:Building ROS package in '/home/skyler/Documents/ece569-fall2026/ece569_Lab2/ws2/src/Universal_Robots_ROS2_Description' with build type 'ament_cmake'
[0.405s] INFO:colcon.colcon_cmake.task.cmake.build:Building CMake package in '/home/skyler/Documents/ece569-fall2026/ece569_Lab2/ws2/src/Universal_Robots_ROS2_Description'
[0.405s] INFO:colcon.colcon_core.shell:Skip shell extension 'powershell' for command environment: Not usable outside of PowerShell
[0.405s] DEBUG:colcon.colcon_core.shell:Skip shell extension 'dsv' for command environment
[0.673s] INFO:colcon.colcon_core.task.python.build:Building Python package in '/home/skyler/Documents/ece569-fall2026/ece569_Lab2/ws2/src/rrbot_description'
[0.673s] INFO:colcon.colcon_core.shell:Skip shell extension 'powershell' for command environment: Not usable outside of PowerShell
[0.673s] DEBUG:colcon.colcon_core.shell:Skip shell extension 'dsv' for command environment
[0.926s] INFO:colcon.colcon_core.task.python.build:Building Python package in '/home/skyler/Documents/ece569-fall2026/ece569_Lab2/ws2/src/table_description'
[0.926s] INFO:colcon.colcon_core.shell:Skip shell extension 'powershell' for command environment: Not usable outside of PowerShell
[0.926s] DEBUG:colcon.colcon_core.shell:Skip shell extension 'dsv' for command environment
[1.153s] INFO:colcon.colcon_core.task.python.build:Building Python package in '/home/skyler/Documents/ece569-fall2026/ece569_Lab2/ws2/src/ur3e_on_table'
[1.153s] INFO:colcon.colcon_core.shell:Skip shell extension 'powershell' for command environment: Not usable outside of PowerShell
[1.153s] DEBUG:colcon.colcon_core.shell:Skip shell extension 'dsv' for command environment
[1.161s] DEBUG:colcon.colcon_core.event_handler.log_command:Invoking command in '/home/skyler/Documents/ece569-fall2026/ece569_Lab2/ws2/build/ur_description': CMAKE_PREFIX_PATH=${CMAKE_PREFIX_PATH}:/home/skyler/Documents/ece569-fall2026/ece569_Lab2/ws2/install/ur3e_on_table:/home/skyler/Documents/ece569-fall2026/ece569_Lab2/ws2/install/table_description:/home/skyler/Documents/ece569-fall2026/ece569_Lab2/ws2/install/rrbot_description:/opt/ros/humble /usr/bin/cmake --build /home/skyler/Documents/ece569-fall2026/ece569_Lab2/ws2/build/ur_description -- -j4 -l4
[1.215s] DEBUG:colcon.colcon_core.event_handler.log_command:Invoked command in '/home/skyler/Documents/ece569-fall2026/ece569_Lab2/ws2/build/ur_description' returned '0': CMAKE_PREFIX_PATH=${CMAKE_PREFIX_PATH}:/home/skyler/Documents/ece569-fall2026/ece569_Lab2/ws2/install/ur3e_on_table:/home/skyler/Documents/ece569-fall2026/ece569_Lab2/ws2/install/table_description:/home/skyler/Documents/ece569-fall2026/ece569_Lab2/ws2/install/rrbot_description:/opt/ros/humble /usr/bin/cmake --build /home/skyler/Documents/ece569-fall2026/ece569_Lab2/ws2/build/ur_description -- -j4 -l4
[1.231s] DEBUG:colcon.colcon_core.event_handler.log_command:Invoking command in '/home/skyler/Documents/ece569-fall2026/ece569_Lab2/ws2/build/ur_description': CMAKE_PREFIX_PATH=${CMAKE_PREFIX_PATH}:/home/skyler/Documents/ece569-fall2026/ece569_Lab2/ws2/install/ur3e_on_table:/home/skyler/Documents/ece569-fall2026/ece569_Lab2/ws2/install/table_description:/home/skyler/Documents/ece569-fall2026/ece569_Lab2/ws2/install/rrbot_description:/opt/ros/humble /usr/bin/cmake --install /home/skyler/Documents/ece569-fall2026/ece569_Lab2/ws2/build/ur_description
[1.293s] Level 1:colcon.colcon_core.environment:create_environment_scripts_only(ur_description)
[1.295s] Level 1:colcon.colcon_core.environment:checking '/home/skyler/Documents/ece569-fall2026/ece569_Lab2/ws2/install/ur_description' for CMake module files
[1.295s] Level 1:colcon.colcon_core.environment:checking '/home/skyler/Documents/ece569-fall2026/ece569_Lab2/ws2/install/ur_description' for CMake config files
[1.295s] Level 1:colcon.colcon_core.shell:create_environment_hook('ur_description', 'cmake_prefix_path')
[1.296s] INFO:colcon.colcon_core.shell:Creating environment hook '/home/skyler/Documents/ece569-fall2026/ece569_Lab2/ws2/install/ur_description/share/ur_description/hook/cmake_prefix_path.ps1'
[1.296s] DEBUG:colcon.colcon_core.event_handler.log_command:Invoked command in '/home/skyler/Documents/ece569-fall2026/ece569_Lab2/ws2/build/ur_description' returned '0': CMAKE_PREFIX_PATH=${CMAKE_PREFIX_PATH}:/home/skyler/Documents/ece569-fall2026/ece569_Lab2/ws2/install/ur3e_on_table:/home/skyler/Documents/ece569-fall2026/ece569_Lab2/ws2/install/table_description:/home/skyler/Documents/ece569-fall2026/ece569_Lab2/ws2/install/rrbot_description:/opt/ros/humble /usr/bin/cmake --install /home/skyler/Documents/ece569-fall2026/ece569_Lab2/ws2/build/ur_description
[1.297s] INFO:colcon.colcon_core.shell:Creating environment descriptor '/home/skyler/Documents/ece569-fall2026/ece569_Lab2/ws2/install/ur_description/share/ur_description/hook/cmake_prefix_path.dsv'
[1.297s] INFO:colcon.colcon_core.shell:Creating environment hook '/home/skyler/Documents/ece569-fall2026/ece569_Lab2/ws2/install/ur_description/share/ur_description/hook/cmake_prefix_path.sh'
[1.298s] Level 1:colcon.colcon_core.environment:checking '/home/skyler/Documents/ece569-fall2026/ece569_Lab2/ws2/install/ur_description/bin'
[1.298s] Level 1:colcon.colcon_core.environment:checking '/home/skyler/Documents/ece569-fall2026/ece569_Lab2/ws2/install/ur_description/lib/pkgconfig/ur_description.pc'
[1.298s] Level 1:colcon.colcon_core.environment:checking '/home/skyler/Documents/ece569-fall2026/ece569_Lab2/ws2/install/ur_description/lib/python3.10/site-packages'
[1.298s] Level 1:colcon.colcon_core.environment:checking '/home/skyler/Documents/ece569-fall2026/ece569_Lab2/ws2/install/ur_description/bin'
[1.298s] INFO:colcon.colcon_core.shell:Creating package script '/home/skyler/Documents/ece569-fall2026/ece569_Lab2/ws2/install/ur_description/share/ur_description/package.ps1'
[1.299s] INFO:colcon.colcon_core.shell:Creating package descriptor '/home/skyler/Documents/ece569-fall2026/ece569_Lab2/ws2/install/ur_description/share/ur_description/package.dsv'
[1.300s] INFO:colcon.colcon_core.shell:Creating package script '/home/skyler/Documents/ece569-fall2026/ece569_Lab2/ws2/install/ur_description/share/ur_description/package.sh'
[1.300s] INFO:colcon.colcon_core.shell:Creating package script '/home/skyler/Documents/ece569-fall2026/ece569_Lab2/ws2/install/ur_description/share/ur_description/package.bash'
[1.302s] INFO:colcon.colcon_core.shell:Creating package script '/home/skyler/Documents/ece569-fall2026/ece569_Lab2/ws2/install/ur_description/share/ur_description/package.zsh'
[1.303s] Level 1:colcon.colcon_core.environment:create_file_with_runtime_dependencies(/home/skyler/Documents/ece569-fall2026/ece569_Lab2/ws2/install/ur_description/share/colcon-core/packages/ur_description)
[1.304s] Level 1:colcon.colcon_core.environment:create_environment_scripts_only(ur_description)
[1.304s] Level 1:colcon.colcon_core.environment:checking '/home/skyler/Documents/ece569-fall2026/ece569_Lab2/ws2/install/ur_description' for CMake module files
[1.304s] Level 1:colcon.colcon_core.environment:checking '/home/skyler/Documents/ece569-fall2026/ece569_Lab2/ws2/install/ur_description' for CMake config files
[1.305s] Level 1:colcon.colcon_core.shell:create_environment_hook('ur_description', 'cmake_prefix_path')
[1.305s] INFO:colcon.colcon_core.shell:Creating environment hook '/home/skyler/Documents/ece569-fall2026/ece569_Lab2/ws2/install/ur_description/share/ur_description/hook/cmake_prefix_path.ps1'
[1.305s] INFO:colcon.colcon_core.shell:Creating environment descriptor '/home/skyler/Documents/ece569-fall2026/ece569_Lab2/ws2/install/ur_description/share/ur_description/hook/cmake_prefix_path.dsv'
[1.306s] INFO:colcon.colcon_core.shell:Creating environment hook '/home/skyler/Documents/ece569-fall2026/ece569_Lab2/ws2/install/ur_description/share/ur_description/hook/cmake_prefix_path.sh'
[1.306s] Level 1:colcon.colcon_core.environment:checking '/home/skyler/Documents/ece569-fall2026/ece569_Lab2/ws2/install/ur_description/bin'
[1.306s] Level 1:colcon.colcon_core.environment:checking '/home/skyler/Documents/ece569-fall2026/ece569_Lab2/ws2/install/ur_description/lib/pkgconfig/ur_description.pc'
[1.307s] Level 1:colcon.colcon_core.environment:checking '/home/skyler/Documents/ece569-fall2026/ece569_Lab2/ws2/install/ur_description/lib/python3.10/site-packages'
[1.308s] Level 1:colcon.colcon_core.environment:checking '/home/skyler/Documents/ece569-fall2026/ece569_Lab2/ws2/install/ur_description/bin'
[1.309s] INFO:colcon.colcon_core.shell:Creating package script '/home/skyler/Documents/ece569-fall2026/ece569_Lab2/ws2/install/ur_description/share/ur_description/package.ps1'
[1.309s] INFO:colcon.colcon_core.shell:Creating package descriptor '/home/skyler/Documents/ece569-fall2026/ece569_Lab2/ws2/install/ur_description/share/ur_description/package.dsv'
[1.310s] INFO:colcon.colcon_core.shell:Creating package script '/home/skyler/Documents/ece569-fall2026/ece569_Lab2/ws2/install/ur_description/share/ur_description/package.sh'
[1.310s] INFO:colcon.colcon_core.shell:Creating package script '/home/skyler/Documents/ece569-fall2026/ece569_Lab2/ws2/install/ur_description/share/ur_description/package.bash'
[1.311s] INFO:colcon.colcon_core.shell:Creating package script '/home/skyler/Documents/ece569-fall2026/ece569_Lab2/ws2/install/ur_description/share/ur_description/package.zsh'
[1.311s] Level 1:colcon.colcon_core.environment:create_file_with_runtime_dependencies(/home/skyler/Documents/ece569-fall2026/ece569_Lab2/ws2/install/ur_description/share/colcon-core/packages/ur_description)
[1.519s] DEBUG:colcon.colcon_core.task.python.build:Available setuptools commands: install_headers, upload, install_data, dist_info, rotate, install_lib, sdist, bdist_dumb, build, build_py, bdist_egg, symlink_data, register, test, check, easy_install, bdist, setopt, build_clib, install_scripts, bdist_wheel, build_scripts, clean, build_ext, saveopts, develop, upload_docs, install, bdist_rpm, install_egg_info, nosetests, egg_info, alias
[1.553s] DEBUG:colcon.colcon_core.task.python.build:Available setuptools commands: install_headers, upload, install_data, dist_info, rotate, install_lib, sdist, bdist_dumb, build, build_py, bdist_egg, symlink_data, register, test, check, easy_install, bdist, setopt, build_clib, install_scripts, bdist_wheel, build_scripts, clean, build_ext, saveopts, develop, upload_docs, install, bdist_rpm, install_egg_info, nosetests, egg_info, alias
[1.559s] DEBUG:colcon.colcon_core.task.python.build:Available setuptools commands: install_headers, upload, install_data, dist_info, rotate, install_lib, sdist, bdist_dumb, build, build_py, bdist_egg, symlink_data, register, test, check, easy_install, bdist, setopt, build_clib, install_scripts, bdist_wheel, build_scripts, clean, build_ext, saveopts, develop, upload_docs, install, bdist_rpm, install_egg_info, nosetests, egg_info, alias
[1.785s] DEBUG:colcon.colcon_core.task.python.build:Available setuptools 'develop' options: --no-user-cfg, --allow-hosts, --site-dirs, --multi-version, --prefix, --quiet, --always-unzip, --install-layout, --version, --help, --find-links, --dry-run, --egg-path, --index-url, --no-deps, --optimize, --zip-ok, --no-find-links, --exclude-scripts, --record, --editable, --local-snapshots-ok, --script-dir, --force-installation-into-system-dir, --build-directory, --uninstall, --always-copy, --upgrade, --verbose, --install-dir, --user
[1.787s] DEBUG:colcon.colcon_core.event_handler.log_command:Invoking command in '/home/skyler/Documents/ece569-fall2026/ece569_Lab2/ws2/build/rrbot_description': PYTHONPATH=/home/skyler/Documents/ece569-fall2026/ece569_Lab2/ws2/build/rrbot_description/prefix_override:/usr/lib/python3/dist-packages/colcon_core/task/python/colcon_distutils_commands:/home/skyler/Documents/ece569-fall2026/ece569_Lab2/ws2/install/rrbot_description/lib/python3.10/site-packages:${PYTHONPATH} /usr/bin/python3 -W ignore:setup.py install is deprecated -W ignore:easy_install command is deprecated setup.py develop --editable --build-directory /home/skyler/Documents/ece569-fall2026/ece569_Lab2/ws2/build/rrbot_description/build --no-deps symlink_data
[1.817s] DEBUG:colcon.colcon_core.task.python.build:Available setuptools 'develop' options: --no-user-cfg, --allow-hosts, --site-dirs, --multi-version, --prefix, --quiet, --always-unzip, --install-layout, --version, --help, --find-links, --dry-run, --egg-path, --index-url, --no-deps, --optimize, --zip-ok, --no-find-links, --exclude-scripts, --record, --editable, --local-snapshots-ok, --script-dir, --force-installation-into-system-dir, --build-directory, --uninstall, --always-copy, --upgrade, --verbose, --install-dir, --user
[1.821s] DEBUG:colcon.colcon_core.event_handler.log_command:Invoking command in '/home/skyler/Documents/ece569-fall2026/ece569_Lab2/ws2/build/table_description': PYTHONPATH=/home/skyler/Documents/ece569-fall2026/ece569_Lab2/ws2/build/table_description/prefix_override:/usr/lib/python3/dist-packages/colcon_core/task/python/colcon_distutils_commands:/home/skyler/Documents/ece569-fall2026/ece569_Lab2/ws2/install/table_description/lib/python3.10/site-packages:${PYTHONPATH} /usr/bin/python3 -W ignore:setup.py install is deprecated -W ignore:easy_install command is deprecated setup.py develop --editable --build-directory /home/skyler/Documents/ece569-fall2026/ece569_Lab2/ws2/build/table_description/build --no-deps symlink_data
[1.888s] DEBUG:colcon.colcon_core.task.python.build:Available setuptools 'develop' options: --no-user-cfg, --allow-hosts, --site-dirs, --multi-version, --prefix, --quiet, --always-unzip, --install-layout, --version, --help, --find-links, --dry-run, --egg-path, --index-url, --no-deps, --optimize, --zip-ok, --no-find-links, --exclude-scripts, --record, --editable, --local-snapshots-ok, --script-dir, --force-installation-into-system-dir, --build-directory, --uninstall, --always-copy, --upgrade, --verbose, --install-dir, --user
[1.893s] DEBUG:colcon.colcon_core.event_handler.log_command:Invoking command in '/home/skyler/Documents/ece569-fall2026/ece569_Lab2/ws2/build/ur3e_on_table': PYTHONPATH=/home/skyler/Documents/ece569-fall2026/ece569_Lab2/ws2/build/ur3e_on_table/prefix_override:/usr/lib/python3/dist-packages/colcon_core/task/python/colcon_distutils_commands:/home/skyler/Documents/ece569-fall2026/ece569_Lab2/ws2/install/ur3e_on_table/lib/python3.10/site-packages:${PYTHONPATH} /usr/bin/python3 -W ignore:setup.py install is deprecated -W ignore:easy_install command is deprecated setup.py develop --editable --build-directory /home/skyler/Documents/ece569-fall2026/ece569_Lab2/ws2/build/ur3e_on_table/build --no-deps symlink_data
[2.205s] Level 1:colcon.colcon_core.shell:create_environment_hook('rrbot_description', 'pythonpath_develop')
[2.206s] INFO:colcon.colcon_core.shell:Creating environment hook '/home/skyler/Documents/ece569-fall2026/ece569_Lab2/ws2/build/rrbot_description/share/rrbot_description/hook/pythonpath_develop.ps1'
[2.206s] DEBUG:colcon.colcon_core.event_handler.log_command:Invoked command in '/home/skyler/Documents/ece569-fall2026/ece569_Lab2/ws2/build/rrbot_description' returned '0': PYTHONPATH=/home/skyler/Documents/ece569-fall2026/ece569_Lab2/ws2/build/rrbot_description/prefix_override:/usr/lib/python3/dist-packages/colcon_core/task/python/colcon_distutils_commands:/home/skyler/Documents/ece569-fall2026/ece569_Lab2/ws2/install/rrbot_description/lib/python3.10/site-packages:${PYTHONPATH} /usr/bin/python3 -W ignore:setup.py install is deprecated -W ignore:easy_install command is deprecated setup.py develop --editable --build-directory /home/skyler/Documents/ece569-fall2026/ece569_Lab2/ws2/build/rrbot_description/build --no-deps symlink_data
[2.206s] INFO:colcon.colcon_core.shell:Creating environment descriptor '/home/skyler/Documents/ece569-fall2026/ece569_Lab2/ws2/build/rrbot_description/share/rrbot_description/hook/pythonpath_develop.dsv'
[2.207s] INFO:colcon.colcon_core.shell:Creating environment hook '/home/skyler/Documents/ece569-fall2026/ece569_Lab2/ws2/build/rrbot_description/share/rrbot_description/hook/pythonpath_develop.sh'
[2.207s] Level 1:colcon.colcon_core.environment:checking '/home/skyler/Documents/ece569-fall2026/ece569_Lab2/ws2/install/rrbot_description' for CMake module files
[2.208s] Level 1:colcon.colcon_core.environment:checking '/home/skyler/Documents/ece569-fall2026/ece569_Lab2/ws2/install/rrbot_description' for CMake config files
[2.208s] Level 1:colcon.colcon_core.environment:checking '/home/skyler/Documents/ece569-fall2026/ece569_Lab2/ws2/install/rrbot_description/lib'
[2.208s] Level 1:colcon.colcon_core.environment:checking '/home/skyler/Documents/ece569-fall2026/ece569_Lab2/ws2/install/rrbot_description/bin'
[2.208s] Level 1:colcon.colcon_core.environment:checking '/home/skyler/Documents/ece569-fall2026/ece569_Lab2/ws2/install/rrbot_description/lib/pkgconfig/rrbot_description.pc'
[2.209s] Level 1:colcon.colcon_core.environment:checking '/home/skyler/Documents/ece569-fall2026/ece569_Lab2/ws2/install/rrbot_description/lib/python3.10/site-packages'
[2.209s] Level 1:colcon.colcon_core.shell:create_environment_hook('rrbot_description', 'pythonpath')
[2.209s] INFO:colcon.colcon_core.shell:Creating environment hook '/home/skyler/Documents/ece569-fall2026/ece569_Lab2/ws2/install/rrbot_description/share/rrbot_description/hook/pythonpath.ps1'
[2.209s] INFO:colcon.colcon_core.shell:Creating environment descriptor '/home/skyler/Documents/ece569-fall2026/ece569_Lab2/ws2/install/rrbot_description/share/rrbot_description/hook/pythonpath.dsv'
[2.210s] INFO:colcon.colcon_core.shell:Creating environment hook '/home/skyler/Documents/ece569-fall2026/ece569_Lab2/ws2/install/rrbot_description/share/rrbot_description/hook/pythonpath.sh'
[2.210s] Level 1:colcon.colcon_core.environment:checking '/home/skyler/Documents/ece569-fall2026/ece569_Lab2/ws2/install/rrbot_description/bin'
[2.210s] Level 1:colcon.colcon_core.environment:create_environment_scripts_only(rrbot_description)
[2.211s] INFO:colcon.colcon_core.shell:Creating package script '/home/skyler/Documents/ece569-fall2026/ece569_Lab2/ws2/install/rrbot_description/share/rrbot_description/package.ps1'
[2.211s] INFO:colcon.colcon_core.shell:Creating package descriptor '/home/skyler/Documents/ece569-fall2026/ece569_Lab2/ws2/install/rrbot_description/share/rrbot_description/package.dsv'
[2.212s] INFO:colcon.colcon_core.shell:Creating package script '/home/skyler/Documents/ece569-fall2026/ece569_Lab2/ws2/install/rrbot_description/share/rrbot_description/package.sh'
[2.212s] INFO:colcon.colcon_core.shell:Creating package script '/home/skyler/Documents/ece569-fall2026/ece569_Lab2/ws2/install/rrbot_description/share/rrbot_description/package.bash'
[2.213s] INFO:colcon.colcon_core.shell:Creating package script '/home/skyler/Documents/ece569-fall2026/ece569_Lab2/ws2/install/rrbot_description/share/rrbot_description/package.zsh'
[2.213s] Level 1:colcon.colcon_core.environment:create_file_with_runtime_dependencies(/home/skyler/Documents/ece569-fall2026/ece569_Lab2/ws2/install/rrbot_description/share/colcon-core/packages/rrbot_description)
[2.269s] Level 1:colcon.colcon_core.shell:create_environment_hook('table_description', 'pythonpath_develop')
[2.269s] DEBUG:colcon.colcon_core.event_handler.log_command:Invoked command in '/home/skyler/Documents/ece569-fall2026/ece569_Lab2/ws2/build/table_description' returned '0': PYTHONPATH=/home/skyler/Documents/ece569-fall2026/ece569_Lab2/ws2/build/table_description/prefix_override:/usr/lib/python3/dist-packages/colcon_core/task/python/colcon_distutils_commands:/home/skyler/Documents/ece569-fall2026/ece569_Lab2/ws2/install/table_description/lib/python3.10/site-packages:${PYTHONPATH} /usr/bin/python3 -W ignore:setup.py install is deprecated -W ignore:easy_install command is deprecated setup.py develop --editable --build-directory /home/skyler/Documents/ece569-fall2026/ece569_Lab2/ws2/build/table_description/build --no-deps symlink_data
[2.269s] INFO:colcon.colcon_core.shell:Creating environment hook '/home/skyler/Documents/ece569-fall2026/ece569_Lab2/ws2/build/table_description/share/table_description/hook/pythonpath_develop.ps1'
[2.270s] INFO:colcon.colcon_core.shell:Creating environment descriptor '/home/skyler/Documents/ece569-fall2026/ece569_Lab2/ws2/build/table_description/share/table_description/hook/pythonpath_develop.dsv'
[2.270s] INFO:colcon.colcon_core.shell:Creating environment hook '/home/skyler/Documents/ece569-fall2026/ece569_Lab2/ws2/build/table_description/share/table_description/hook/pythonpath_develop.sh'
[2.271s] Level 1:colcon.colcon_core.environment:checking '/home/skyler/Documents/ece569-fall2026/ece569_Lab2/ws2/install/table_description' for CMake module files
[2.271s] Level 1:colcon.colcon_core.environment:checking '/home/skyler/Documents/ece569-fall2026/ece569_Lab2/ws2/install/table_description' for CMake config files
[2.271s] Level 1:colcon.colcon_core.environment:checking '/home/skyler/Documents/ece569-fall2026/ece569_Lab2/ws2/install/table_description/lib'
[2.272s] Level 1:colcon.colcon_core.environment:checking '/home/skyler/Documents/ece569-fall2026/ece569_Lab2/ws2/install/table_description/bin'
[2.272s] Level 1:colcon.colcon_core.environment:checking '/home/skyler/Documents/ece569-fall2026/ece569_Lab2/ws2/install/table_description/lib/pkgconfig/table_description.pc'
[2.272s] Level 1:colcon.colcon_core.environment:checking '/home/skyler/Documents/ece569-fall2026/ece569_Lab2/ws2/install/table_description/lib/python3.10/site-packages'
[2.272s] Level 1:colcon.colcon_core.shell:create_environment_hook('table_description', 'pythonpath')
[2.272s] INFO:colcon.colcon_core.shell:Creating environment hook '/home/skyler/Documents/ece569-fall2026/ece569_Lab2/ws2/install/table_description/share/table_description/hook/pythonpath.ps1'
[2.272s] INFO:colcon.colcon_core.shell:Creating environment descriptor '/home/skyler/Documents/ece569-fall2026/ece569_Lab2/ws2/install/table_description/share/table_description/hook/pythonpath.dsv'
[2.273s] INFO:colcon.colcon_core.shell:Creating environment hook '/home/skyler/Documents/ece569-fall2026/ece569_Lab2/ws2/install/table_description/share/table_description/hook/pythonpath.sh'
[2.273s] Level 1:colcon.colcon_core.environment:checking '/home/skyler/Documents/ece569-fall2026/ece569_Lab2/ws2/install/table_description/bin'
[2.273s] Level 1:colcon.colcon_core.environment:create_environment_scripts_only(table_description)
[2.274s] INFO:colcon.colcon_core.shell:Creating package script '/home/skyler/Documents/ece569-fall2026/ece569_Lab2/ws2/install/table_description/share/table_description/package.ps1'
[2.274s] INFO:colcon.colcon_core.shell:Creating package descriptor '/home/skyler/Documents/ece569-fall2026/ece569_Lab2/ws2/install/table_description/share/table_description/package.dsv'
[2.275s] INFO:colcon.colcon_core.shell:Creating package script '/home/skyler/Documents/ece569-fall2026/ece569_Lab2/ws2/install/table_description/share/table_description/package.sh'
[2.275s] INFO:colcon.colcon_core.shell:Creating package script '/home/skyler/Documents/ece569-fall2026/ece569_Lab2/ws2/install/table_description/share/table_description/package.bash'
[2.275s] INFO:colcon.colcon_core.shell:Creating package script '/home/skyler/Documents/ece569-fall2026/ece569_Lab2/ws2/install/table_description/share/table_description/package.zsh'
[2.276s] Level 1:colcon.colcon_core.environment:create_file_with_runtime_dependencies(/home/skyler/Documents/ece569-fall2026/ece569_Lab2/ws2/install/table_description/share/colcon-core/packages/table_description)
[2.360s] Level 1:colcon.colcon_core.shell:create_environment_hook('ur3e_on_table', 'pythonpath_develop')
[2.360s] INFO:colcon.colcon_core.shell:Creating environment hook '/home/skyler/Documents/ece569-fall2026/ece569_Lab2/ws2/build/ur3e_on_table/share/ur3e_on_table/hook/pythonpath_develop.ps1'
[2.361s] DEBUG:colcon.colcon_core.event_handler.log_command:Invoked command in '/home/skyler/Documents/ece569-fall2026/ece569_Lab2/ws2/build/ur3e_on_table' returned '0': PYTHONPATH=/home/skyler/Documents/ece569-fall2026/ece569_Lab2/ws2/build/ur3e_on_table/prefix_override:/usr/lib/python3/dist-packages/colcon_core/task/python/colcon_distutils_commands:/home/skyler/Documents/ece569-fall2026/ece569_Lab2/ws2/install/ur3e_on_table/lib/python3.10/site-packages:${PYTHONPATH} /usr/bin/python3 -W ignore:setup.py install is deprecated -W ignore:easy_install command is deprecated setup.py develop --editable --build-directory /home/skyler/Documents/ece569-fall2026/ece569_Lab2/ws2/build/ur3e_on_table/build --no-deps symlink_data
[2.361s] INFO:colcon.colcon_core.shell:Creating environment descriptor '/home/skyler/Documents/ece569-fall2026/ece569_Lab2/ws2/build/ur3e_on_table/share/ur3e_on_table/hook/pythonpath_develop.dsv'
[2.361s] INFO:colcon.colcon_core.shell:Creating environment hook '/home/skyler/Documents/ece569-fall2026/ece569_Lab2/ws2/build/ur3e_on_table/share/ur3e_on_table/hook/pythonpath_develop.sh'
[2.362s] Level 1:colcon.colcon_core.environment:checking '/home/skyler/Documents/ece569-fall2026/ece569_Lab2/ws2/install/ur3e_on_table' for CMake module files
[2.362s] Level 1:colcon.colcon_core.environment:checking '/home/skyler/Documents/ece569-fall2026/ece569_Lab2/ws2/install/ur3e_on_table' for CMake config files
[2.363s] Level 1:colcon.colcon_core.environment:checking '/home/skyler/Documents/ece569-fall2026/ece569_Lab2/ws2/install/ur3e_on_table/lib'
[2.363s] Level 1:colcon.colcon_core.environment:checking '/home/skyler/Documents/ece569-fall2026/ece569_Lab2/ws2/install/ur3e_on_table/bin'
[2.363s] Level 1:colcon.colcon_core.environment:checking '/home/skyler/Documents/ece569-fall2026/ece569_Lab2/ws2/install/ur3e_on_table/lib/pkgconfig/ur3e_on_table.pc'
[2.363s] Level 1:colcon.colcon_core.environment:checking '/home/skyler/Documents/ece569-fall2026/ece569_Lab2/ws2/install/ur3e_on_table/lib/python3.10/site-packages'
[2.363s] Level 1:colcon.colcon_core.shell:create_environment_hook('ur3e_on_table', 'pythonpath')
[2.363s] INFO:colcon.colcon_core.shell:Creating environment hook '/home/skyler/Documents/ece569-fall2026/ece569_Lab2/ws2/install/ur3e_on_table/share/ur3e_on_table/hook/pythonpath.ps1'
[2.364s] INFO:colcon.colcon_core.shell:Creating environment descriptor '/home/skyler/Documents/ece569-fall2026/ece569_Lab2/ws2/install/ur3e_on_table/share/ur3e_on_table/hook/pythonpath.dsv'
[2.364s] INFO:colcon.colcon_core.shell:Creating environment hook '/home/skyler/Documents/ece569-fall2026/ece569_Lab2/ws2/install/ur3e_on_table/share/ur3e_on_table/hook/pythonpath.sh'
[2.365s] Level 1:colcon.colcon_core.environment:checking '/home/skyler/Documents/ece569-fall2026/ece569_Lab2/ws2/install/ur3e_on_table/bin'
[2.365s] Level 1:colcon.colcon_core.environment:create_environment_scripts_only(ur3e_on_table)
[2.365s] INFO:colcon.colcon_core.shell:Creating package script '/home/skyler/Documents/ece569-fall2026/ece569_Lab2/ws2/install/ur3e_on_table/share/ur3e_on_table/package.ps1'
[2.365s] INFO:colcon.colcon_core.shell:Creating package descriptor '/home/skyler/Documents/ece569-fall2026/ece569_Lab2/ws2/install/ur3e_on_table/share/ur3e_on_table/package.dsv'
[2.366s] INFO:colcon.colcon_core.shell:Creating package script '/home/skyler/Documents/ece569-fall2026/ece569_Lab2/ws2/install/ur3e_on_table/share/ur3e_on_table/package.sh'
[2.366s] INFO:colcon.colcon_core.shell:Creating package script '/home/skyler/Documents/ece569-fall2026/ece569_Lab2/ws2/install/ur3e_on_table/share/ur3e_on_table/package.bash'
[2.366s] INFO:colcon.colcon_core.shell:Creating package script '/home/skyler/Documents/ece569-fall2026/ece569_Lab2/ws2/install/ur3e_on_table/share/ur3e_on_table/package.zsh'
[2.367s] Level 1:colcon.colcon_core.environment:create_file_with_runtime_dependencies(/home/skyler/Documents/ece569-fall2026/ece569_Lab2/ws2/install/ur3e_on_table/share/colcon-core/packages/ur3e_on_table)
[2.367s] DEBUG:colcon.colcon_parallel_executor.executor.parallel:closing loop
[2.367s] DEBUG:colcon.colcon_parallel_executor.executor.parallel:loop closed
[2.367s] DEBUG:colcon.colcon_parallel_executor.executor.parallel:run_until_complete finished with '0'
[2.367s] DEBUG:colcon.colcon_core.event_reactor:joining thread
[2.372s] INFO:colcon.colcon_core.plugin_system:Skipping extension 'colcon_notification.desktop_notification.terminal_notifier': Not used on non-Darwin systems
[2.372s] INFO:colcon.colcon_core.plugin_system:Skipping extension 'colcon_notification.desktop_notification.win32': Not used on non-Windows systems
[2.372s] INFO:colcon.colcon_notification.desktop_notification:Sending desktop notification using 'notify2'
[2.384s] DEBUG:colcon.colcon_core.event_reactor:joined thread
[2.384s] INFO:colcon.colcon_core.shell:Creating prefix script '/home/skyler/Documents/ece569-fall2026/ece569_Lab2/ws2/install/local_setup.ps1'
[2.385s] INFO:colcon.colcon_core.shell:Creating prefix util module '/home/skyler/Documents/ece569-fall2026/ece569_Lab2/ws2/install/_local_setup_util_ps1.py'
[2.387s] INFO:colcon.colcon_core.shell:Creating prefix chain script '/home/skyler/Documents/ece569-fall2026/ece569_Lab2/ws2/install/setup.ps1'
[2.388s] INFO:colcon.colcon_core.shell:Creating prefix script '/home/skyler/Documents/ece569-fall2026/ece569_Lab2/ws2/install/local_setup.sh'
[2.389s] INFO:colcon.colcon_core.shell:Creating prefix util module '/home/skyler/Documents/ece569-fall2026/ece569_Lab2/ws2/install/_local_setup_util_sh.py'
[2.389s] INFO:colcon.colcon_core.shell:Creating prefix chain script '/home/skyler/Documents/ece569-fall2026/ece569_Lab2/ws2/install/setup.sh'
[2.390s] INFO:colcon.colcon_core.shell:Creating prefix script '/home/skyler/Documents/ece569-fall2026/ece569_Lab2/ws2/install/local_setup.bash'
[2.391s] INFO:colcon.colcon_core.shell:Creating prefix chain script '/home/skyler/Documents/ece569-fall2026/ece569_Lab2/ws2/install/setup.bash'
[2.392s] INFO:colcon.colcon_core.shell:Creating prefix script '/home/skyler/Documents/ece569-fall2026/ece569_Lab2/ws2/install/local_setup.zsh'
[2.392s] INFO:colcon.colcon_core.shell:Creating prefix chain script '/home/skyler/Documents/ece569-fall2026/ece569_Lab2/ws2/install/setup.zsh'
