[0.111s] DEBUG:colcon:Command line arguments: ['/usr/bin/colcon', 'build', '--symlink-install']
[0.111s] DEBUG:colcon:Parsed command line arguments: Namespace(log_base=None, log_level=None, verb_name='build', build_base='build', install_base='install', merge_install=False, symlink_install=True, test_result_base=None, continue_on_error=False, executor='parallel', parallel_workers=4, event_handlers=None, ignore_user_meta=False, metas=['./colcon.meta'], base_paths=['.'], packages_ignore=None, packages_ignore_regex=None, paths=None, packages_up_to=None, packages_up_to_regex=None, packages_above=None, packages_above_and_dependencies=None, packages_above_depth=None, packages_select_by_dep=None, packages_skip_by_dep=None, packages_skip_up_to=None, packages_select_build_failed=False, packages_skip_build_finished=False, packages_select_test_failures=False, packages_skip_test_passed=False, packages_select=None, packages_skip=None, packages_select_regex=None, packages_skip_regex=None, packages_start=None, packages_end=None, allow_overriding=[], cmake_args=None, cmake_target=None, cmake_target_skip_unavailable=False, cmake_clean_cache=False, cmake_clean_first=False, cmake_force_configure=False, ament_cmake_args=None, catkin_cmake_args=None, catkin_skip_building_tests=False, mixin_files=None, mixin=None, verb_parser=<colcon_mixin.mixin.mixin_argument.MixinArgumentDecorator object at 0x7b07a9003160>, verb_extension=<colcon_core.verb.build.BuildVerb object at 0x7b07a9002770>, main=<bound method BuildVerb.main of <colcon_core.verb.build.BuildVerb object at 0x7b07a9002770>>, mixin_verb=('build',))
[0.257s] Level 1:colcon.colcon_core.package_discovery:discover_packages(colcon_meta) check parameters
[0.257s] Level 1:colcon.colcon_core.package_discovery:discover_packages(recursive) check parameters
[0.257s] Level 1:colcon.colcon_core.package_discovery:discover_packages(ignore) check parameters
[0.257s] Level 1:colcon.colcon_core.package_discovery:discover_packages(path) check parameters
[0.257s] Level 1:colcon.colcon_core.package_discovery:discover_packages(colcon_meta) discover
[0.257s] Level 1:colcon.colcon_core.package_discovery:discover_packages(recursive) discover
[0.258s] INFO:colcon.colcon_core.package_discovery:Crawling recursively for packages in '/home/skyler/Documents/ece569-fall2026/ece569_Lab2/ws2'
[0.258s] Level 1:colcon.colcon_core.package_identification:_identify(.) by extensions ['ignore', 'ignore_ament_install']
[0.258s] Level 1:colcon.colcon_core.package_identification:_identify(.) by extension 'ignore'
[0.258s] Level 1:colcon.colcon_core.package_identification:_identify(.) by extension 'ignore_ament_install'
[0.258s] Level 1:colcon.colcon_core.package_identification:_identify(.) by extensions ['colcon_pkg']
[0.258s] Level 1:colcon.colcon_core.package_identification:_identify(.) by extension 'colcon_pkg'
[0.258s] Level 1:colcon.colcon_core.package_identification:_identify(.) by extensions ['colcon_meta']
[0.258s] Level 1:colcon.colcon_core.package_identification:_identify(.) by extension 'colcon_meta'
[0.258s] Level 1:colcon.colcon_core.package_identification:_identify(.) by extensions ['ros']
[0.258s] Level 1:colcon.colcon_core.package_identification:_identify(.) by extension 'ros'
[0.267s] Level 1:colcon.colcon_core.package_identification:_identify(.) by extensions ['cmake', 'python']
[0.267s] Level 1:colcon.colcon_core.package_identification:_identify(.) by extension 'cmake'
[0.267s] Level 1:colcon.colcon_core.package_identification:_identify(.) by extension 'python'
[0.267s] Level 1:colcon.colcon_core.package_identification:_identify(.) by extensions ['python_setup_py']
[0.267s] Level 1:colcon.colcon_core.package_identification:_identify(.) by extension 'python_setup_py'
[0.267s] Level 1:colcon.colcon_core.package_identification:_identify(build) by extensions ['ignore', 'ignore_ament_install']
[0.267s] Level 1:colcon.colcon_core.package_identification:_identify(build) by extension 'ignore'
[0.268s] Level 1:colcon.colcon_core.package_identification:_identify(build) ignored
[0.268s] Level 1:colcon.colcon_core.package_identification:_identify(install) by extensions ['ignore', 'ignore_ament_install']
[0.268s] Level 1:colcon.colcon_core.package_identification:_identify(install) by extension 'ignore'
[0.268s] Level 1:colcon.colcon_core.package_identification:_identify(install) ignored
[0.268s] Level 1:colcon.colcon_core.package_identification:_identify(log) by extensions ['ignore', 'ignore_ament_install']
[0.268s] Level 1:colcon.colcon_core.package_identification:_identify(log) by extension 'ignore'
[0.268s] Level 1:colcon.colcon_core.package_identification:_identify(log) ignored
[0.268s] Level 1:colcon.colcon_core.package_identification:_identify(src) by extensions ['ignore', 'ignore_ament_install']
[0.268s] Level 1:colcon.colcon_core.package_identification:_identify(src) by extension 'ignore'
[0.268s] Level 1:colcon.colcon_core.package_identification:_identify(src) by extension 'ignore_ament_install'
[0.268s] Level 1:colcon.colcon_core.package_identification:_identify(src) by extensions ['colcon_pkg']
[0.268s] Level 1:colcon.colcon_core.package_identification:_identify(src) by extension 'colcon_pkg'
[0.268s] Level 1:colcon.colcon_core.package_identification:_identify(src) by extensions ['colcon_meta']
[0.268s] Level 1:colcon.colcon_core.package_identification:_identify(src) by extension 'colcon_meta'
[0.268s] Level 1:colcon.colcon_core.package_identification:_identify(src) by extensions ['ros']
[0.268s] Level 1:colcon.colcon_core.package_identification:_identify(src) by extension 'ros'
[0.268s] Level 1:colcon.colcon_core.package_identification:_identify(src) by extensions ['cmake', 'python']
[0.269s] Level 1:colcon.colcon_core.package_identification:_identify(src) by extension 'cmake'
[0.269s] Level 1:colcon.colcon_core.package_identification:_identify(src) by extension 'python'
[0.269s] Level 1:colcon.colcon_core.package_identification:_identify(src) by extensions ['python_setup_py']
[0.269s] Level 1:colcon.colcon_core.package_identification:_identify(src) by extension 'python_setup_py'
[0.269s] Level 1:colcon.colcon_core.package_identification:_identify(src/rrbot_description) by extensions ['ignore', 'ignore_ament_install']
[0.269s] Level 1:colcon.colcon_core.package_identification:_identify(src/rrbot_description) by extension 'ignore'
[0.269s] Level 1:colcon.colcon_core.package_identification:_identify(src/rrbot_description) by extension 'ignore_ament_install'
[0.269s] Level 1:colcon.colcon_core.package_identification:_identify(src/rrbot_description) by extensions ['colcon_pkg']
[0.269s] Level 1:colcon.colcon_core.package_identification:_identify(src/rrbot_description) by extension 'colcon_pkg'
[0.269s] Level 1:colcon.colcon_core.package_identification:_identify(src/rrbot_description) by extensions ['colcon_meta']
[0.269s] Level 1:colcon.colcon_core.package_identification:_identify(src/rrbot_description) by extension 'colcon_meta'
[0.269s] Level 1:colcon.colcon_core.package_identification:_identify(src/rrbot_description) by extensions ['ros']
[0.269s] Level 1:colcon.colcon_core.package_identification:_identify(src/rrbot_description) by extension 'ros'
[0.271s] DEBUG:colcon.colcon_core.package_identification:Package 'src/rrbot_description' with type 'ros.ament_python' and name 'rrbot_description'
[0.271s] Level 1:colcon.colcon_core.package_identification:_identify(src/table_description) by extensions ['ignore', 'ignore_ament_install']
[0.271s] Level 1:colcon.colcon_core.package_identification:_identify(src/table_description) by extension 'ignore'
[0.271s] Level 1:colcon.colcon_core.package_identification:_identify(src/table_description) by extension 'ignore_ament_install'
[0.271s] Level 1:colcon.colcon_core.package_identification:_identify(src/table_description) by extensions ['colcon_pkg']
[0.271s] Level 1:colcon.colcon_core.package_identification:_identify(src/table_description) by extension 'colcon_pkg'
[0.271s] Level 1:colcon.colcon_core.package_identification:_identify(src/table_description) by extensions ['colcon_meta']
[0.271s] Level 1:colcon.colcon_core.package_identification:_identify(src/table_description) by extension 'colcon_meta'
[0.271s] Level 1:colcon.colcon_core.package_identification:_identify(src/table_description) by extensions ['ros']
[0.271s] Level 1:colcon.colcon_core.package_identification:_identify(src/table_description) by extension 'ros'
[0.272s] DEBUG:colcon.colcon_core.package_identification:Package 'src/table_description' with type 'ros.ament_python' and name 'table_description'
[0.272s] Level 1:colcon.colcon_core.package_discovery:discover_packages(recursive) using defaults
[0.272s] Level 1:colcon.colcon_core.package_discovery:discover_packages(ignore) discover
[0.272s] Level 1:colcon.colcon_core.package_discovery:discover_packages(ignore) using defaults
[0.272s] Level 1:colcon.colcon_core.package_discovery:discover_packages(path) discover
[0.272s] Level 1:colcon.colcon_core.package_discovery:discover_packages(path) using defaults
[0.297s] Level 1:colcon.colcon_core.package_discovery:discover_packages(prefix_path) check parameters
[0.297s] Level 1:colcon.colcon_core.package_discovery:discover_packages(prefix_path) discover
[0.298s] WARNING:colcon.colcon_ros.prefix_path.ament:The path '/home/skyler/Documents/ece569-fall2026/ece569_Lab2/ws2/install/table_description' in the environment variable AMENT_PREFIX_PATH doesn't exist
[0.298s] WARNING:colcon.colcon_ros.prefix_path.ament:The path '/home/skyler/Documents/ece569-fall2026/ece569_Lab2/ws2/install/rrbot_description' in the environment variable AMENT_PREFIX_PATH doesn't exist
[0.299s] DEBUG:colcon.colcon_installed_package_information.package_discovery:Found 0 installed packages in /home/skyler/Documents/ece569-fall2026/ece569_Lab2/ws2/install
[0.300s] DEBUG:colcon.colcon_installed_package_information.package_discovery:Found 276 installed packages in /opt/ros/humble
[0.301s] Level 1:colcon.colcon_core.package_discovery:discover_packages(prefix_path) using defaults
[0.333s] Level 5:colcon.colcon_core.verb:set package 'rrbot_description' build argument 'cmake_args' from command line to 'None'
[0.333s] Level 5:colcon.colcon_core.verb:set package 'rrbot_description' build argument 'cmake_target' from command line to 'None'
[0.334s] Level 5:colcon.colcon_core.verb:set package 'rrbot_description' build argument 'cmake_target_skip_unavailable' from command line to 'False'
[0.334s] Level 5:colcon.colcon_core.verb:set package 'rrbot_description' build argument 'cmake_clean_cache' from command line to 'False'
[0.334s] Level 5:colcon.colcon_core.verb:set package 'rrbot_description' build argument 'cmake_clean_first' from command line to 'False'
[0.334s] Level 5:colcon.colcon_core.verb:set package 'rrbot_description' build argument 'cmake_force_configure' from command line to 'False'
[0.334s] Level 5:colcon.colcon_core.verb:set package 'rrbot_description' build argument 'ament_cmake_args' from command line to 'None'
[0.334s] Level 5:colcon.colcon_core.verb:set package 'rrbot_description' build argument 'catkin_cmake_args' from command line to 'None'
[0.334s] Level 5:colcon.colcon_core.verb:set package 'rrbot_description' build argument 'catkin_skip_building_tests' from command line to 'False'
[0.334s] DEBUG:colcon.colcon_core.verb:Building package 'rrbot_description' with the following arguments: {'ament_cmake_args': None, 'build_base': '/home/skyler/Documents/ece569-fall2026/ece569_Lab2/ws2/build/rrbot_description', 'catkin_cmake_args': None, 'catkin_skip_building_tests': False, 'cmake_args': None, 'cmake_clean_cache': False, 'cmake_clean_first': False, 'cmake_force_configure': False, 'cmake_target': None, 'cmake_target_skip_unavailable': False, 'install_base': '/home/skyler/Documents/ece569-fall2026/ece569_Lab2/ws2/install/rrbot_description', 'merge_install': False, 'path': '/home/skyler/Documents/ece569-fall2026/ece569_Lab2/ws2/src/rrbot_description', 'symlink_install': True, 'test_result_base': None}
[0.334s] Level 5:colcon.colcon_core.verb:set package 'table_description' build argument 'cmake_args' from command line to 'None'
[0.334s] Level 5:colcon.colcon_core.verb:set package 'table_description' build argument 'cmake_target' from command line to 'None'
[0.334s] Level 5:colcon.colcon_core.verb:set package 'table_description' build argument 'cmake_target_skip_unavailable' from command line to 'False'
[0.334s] Level 5:colcon.colcon_core.verb:set package 'table_description' build argument 'cmake_clean_cache' from command line to 'False'
[0.334s] Level 5:colcon.colcon_core.verb:set package 'table_description' build argument 'cmake_clean_first' from command line to 'False'
[0.334s] Level 5:colcon.colcon_core.verb:set package 'table_description' build argument 'cmake_force_configure' from command line to 'False'
[0.334s] Level 5:colcon.colcon_core.verb:set package 'table_description' build argument 'ament_cmake_args' from command line to 'None'
[0.334s] Level 5:colcon.colcon_core.verb:set package 'table_description' build argument 'catkin_cmake_args' from command line to 'None'
[0.334s] Level 5:colcon.colcon_core.verb:set package 'table_description' build argument 'catkin_skip_building_tests' from command line to 'False'
[0.334s] DEBUG:colcon.colcon_core.verb:Building package 'table_description' with the following arguments: {'ament_cmake_args': None, 'build_base': '/home/skyler/Documents/ece569-fall2026/ece569_Lab2/ws2/build/table_description', 'catkin_cmake_args': None, 'catkin_skip_building_tests': False, 'cmake_args': None, 'cmake_clean_cache': False, 'cmake_clean_first': False, 'cmake_force_configure': False, 'cmake_target': None, 'cmake_target_skip_unavailable': False, 'install_base': '/home/skyler/Documents/ece569-fall2026/ece569_Lab2/ws2/install/table_description', 'merge_install': False, 'path': '/home/skyler/Documents/ece569-fall2026/ece569_Lab2/ws2/src/table_description', 'symlink_install': True, 'test_result_base': None}
[0.334s] INFO:colcon.colcon_core.executor:Executing jobs using 'parallel' executor
[0.335s] DEBUG:colcon.colcon_parallel_executor.executor.parallel:run_until_complete
[0.335s] INFO:colcon.colcon_ros.task.ament_python.build:Building ROS package in '/home/skyler/Documents/ece569-fall2026/ece569_Lab2/ws2/src/rrbot_description' with build type 'ament_python'
[0.336s] Level 1:colcon.colcon_core.shell:create_environment_hook('rrbot_description', 'ament_prefix_path')
[0.337s] INFO:colcon.colcon_core.plugin_system:Skipping extension 'colcon_core.shell.bat': Not used on non-Windows systems
[0.337s] INFO:colcon.colcon_core.shell:Creating environment hook '/home/skyler/Documents/ece569-fall2026/ece569_Lab2/ws2/install/rrbot_description/share/rrbot_description/hook/ament_prefix_path.ps1'
[0.338s] INFO:colcon.colcon_core.shell:Creating environment descriptor '/home/skyler/Documents/ece569-fall2026/ece569_Lab2/ws2/install/rrbot_description/share/rrbot_description/hook/ament_prefix_path.dsv'
[0.338s] INFO:colcon.colcon_core.shell:Creating environment hook '/home/skyler/Documents/ece569-fall2026/ece569_Lab2/ws2/install/rrbot_description/share/rrbot_description/hook/ament_prefix_path.sh'
[0.339s] INFO:colcon.colcon_core.shell:Skip shell extension 'powershell' for command environment: Not usable outside of PowerShell
[0.339s] DEBUG:colcon.colcon_core.shell:Skip shell extension 'dsv' for command environment
[0.342s] INFO:colcon.colcon_ros.task.ament_python.build:Building ROS package in '/home/skyler/Documents/ece569-fall2026/ece569_Lab2/ws2/src/table_description' with build type 'ament_python'
[0.342s] Level 1:colcon.colcon_core.shell:create_environment_hook('table_description', 'ament_prefix_path')
[0.342s] INFO:colcon.colcon_core.shell:Creating environment hook '/home/skyler/Documents/ece569-fall2026/ece569_Lab2/ws2/install/table_description/share/table_description/hook/ament_prefix_path.ps1'
[0.343s] INFO:colcon.colcon_core.shell:Creating environment descriptor '/home/skyler/Documents/ece569-fall2026/ece569_Lab2/ws2/install/table_description/share/table_description/hook/ament_prefix_path.dsv'
[0.344s] INFO:colcon.colcon_core.shell:Creating environment hook '/home/skyler/Documents/ece569-fall2026/ece569_Lab2/ws2/install/table_description/share/table_description/hook/ament_prefix_path.sh'
[0.344s] INFO:colcon.colcon_core.shell:Skip shell extension 'powershell' for command environment: Not usable outside of PowerShell
[0.344s] DEBUG:colcon.colcon_core.shell:Skip shell extension 'dsv' for command environment
[0.584s] INFO:colcon.colcon_core.task.python.build:Building Python package in '/home/skyler/Documents/ece569-fall2026/ece569_Lab2/ws2/src/rrbot_description'
[0.584s] INFO:colcon.colcon_core.shell:Skip shell extension 'powershell' for command environment: Not usable outside of PowerShell
[0.585s] DEBUG:colcon.colcon_core.shell:Skip shell extension 'dsv' for command environment
[0.797s] INFO:colcon.colcon_core.task.python.build:Building Python package in '/home/skyler/Documents/ece569-fall2026/ece569_Lab2/ws2/src/table_description'
[0.797s] INFO:colcon.colcon_core.shell:Skip shell extension 'powershell' for command environment: Not usable outside of PowerShell
[0.797s] DEBUG:colcon.colcon_core.shell:Skip shell extension 'dsv' for command environment
[1.103s] DEBUG:colcon.colcon_core.task.python.build:Available setuptools commands: upload, build_scripts, bdist_dumb, bdist_egg, build_ext, build_clib, install_scripts, register, install_data, egg_info, build_py, symlink_data, check, install_egg_info, install_headers, saveopts, rotate, test, setopt, bdist, dist_info, install, easy_install, clean, bdist_wheel, sdist, develop, bdist_rpm, install_lib, upload_docs, nosetests, alias, build
[1.104s] DEBUG:colcon.colcon_core.task.python.build:Available setuptools commands: upload, build_scripts, bdist_dumb, bdist_egg, build_ext, build_clib, install_scripts, register, install_data, egg_info, build_py, symlink_data, check, install_egg_info, install_headers, saveopts, rotate, test, setopt, bdist, dist_info, install, easy_install, clean, bdist_wheel, sdist, develop, bdist_rpm, install_lib, upload_docs, nosetests, alias, build
[1.348s] DEBUG:colcon.colcon_core.task.python.build:Available setuptools 'develop' options: --find-links, --install-layout, --optimize, --help, --verbose, --script-dir, --multi-version, --egg-path, --user, --zip-ok, --local-snapshots-ok, --dry-run, --no-user-cfg, --record, --no-find-links, --uninstall, --version, --no-deps, --build-directory, --always-unzip, --upgrade, --editable, --index-url, --site-dirs, --exclude-scripts, --force-installation-into-system-dir, --install-dir, --always-copy, --prefix, --allow-hosts, --quiet
[1.349s] DEBUG:colcon.colcon_core.event_handler.log_command:Invoking command in '/home/skyler/Documents/ece569-fall2026/ece569_Lab2/ws2/build/rrbot_description': PYTHONPATH=/home/skyler/Documents/ece569-fall2026/ece569_Lab2/ws2/build/rrbot_description/prefix_override:/usr/lib/python3/dist-packages/colcon_core/task/python/colcon_distutils_commands:/home/skyler/Documents/ece569-fall2026/ece569_Lab2/ws2/install/rrbot_description/lib/python3.10/site-packages:${PYTHONPATH} /usr/bin/python3 -W ignore:setup.py install is deprecated -W ignore:easy_install command is deprecated setup.py develop --editable --build-directory /home/skyler/Documents/ece569-fall2026/ece569_Lab2/ws2/build/rrbot_description/build --no-deps symlink_data
[1.352s] DEBUG:colcon.colcon_core.task.python.build:Available setuptools 'develop' options: --find-links, --install-layout, --optimize, --help, --verbose, --script-dir, --multi-version, --egg-path, --user, --zip-ok, --local-snapshots-ok, --dry-run, --no-user-cfg, --record, --no-find-links, --uninstall, --version, --no-deps, --build-directory, --always-unzip, --upgrade, --editable, --index-url, --site-dirs, --exclude-scripts, --force-installation-into-system-dir, --install-dir, --always-copy, --prefix, --allow-hosts, --quiet
[1.354s] DEBUG:colcon.colcon_core.event_handler.log_command:Invoking command in '/home/skyler/Documents/ece569-fall2026/ece569_Lab2/ws2/build/table_description': PYTHONPATH=/home/skyler/Documents/ece569-fall2026/ece569_Lab2/ws2/build/table_description/prefix_override:/usr/lib/python3/dist-packages/colcon_core/task/python/colcon_distutils_commands:/home/skyler/Documents/ece569-fall2026/ece569_Lab2/ws2/install/table_description/lib/python3.10/site-packages:${PYTHONPATH} /usr/bin/python3 -W ignore:setup.py install is deprecated -W ignore:easy_install command is deprecated setup.py develop --editable --build-directory /home/skyler/Documents/ece569-fall2026/ece569_Lab2/ws2/build/table_description/build --no-deps symlink_data
[1.738s] Level 1:colcon.colcon_core.shell:create_environment_hook('table_description', 'pythonpath_develop')
[1.739s] INFO:colcon.colcon_core.shell:Creating environment hook '/home/skyler/Documents/ece569-fall2026/ece569_Lab2/ws2/build/table_description/share/table_description/hook/pythonpath_develop.ps1'
[1.739s] DEBUG:colcon.colcon_core.event_handler.log_command:Invoked command in '/home/skyler/Documents/ece569-fall2026/ece569_Lab2/ws2/build/table_description' returned '0': PYTHONPATH=/home/skyler/Documents/ece569-fall2026/ece569_Lab2/ws2/build/table_description/prefix_override:/usr/lib/python3/dist-packages/colcon_core/task/python/colcon_distutils_commands:/home/skyler/Documents/ece569-fall2026/ece569_Lab2/ws2/install/table_description/lib/python3.10/site-packages:${PYTHONPATH} /usr/bin/python3 -W ignore:setup.py install is deprecated -W ignore:easy_install command is deprecated setup.py develop --editable --build-directory /home/skyler/Documents/ece569-fall2026/ece569_Lab2/ws2/build/table_description/build --no-deps symlink_data
[1.739s] INFO:colcon.colcon_core.shell:Creating environment descriptor '/home/skyler/Documents/ece569-fall2026/ece569_Lab2/ws2/build/table_description/share/table_description/hook/pythonpath_develop.dsv'
[1.740s] INFO:colcon.colcon_core.shell:Creating environment hook '/home/skyler/Documents/ece569-fall2026/ece569_Lab2/ws2/build/table_description/share/table_description/hook/pythonpath_develop.sh'
[1.742s] Level 1:colcon.colcon_core.environment:checking '/home/skyler/Documents/ece569-fall2026/ece569_Lab2/ws2/install/table_description' for CMake module files
[1.742s] Level 1:colcon.colcon_core.environment:checking '/home/skyler/Documents/ece569-fall2026/ece569_Lab2/ws2/install/table_description' for CMake config files
[1.743s] Level 1:colcon.colcon_core.environment:checking '/home/skyler/Documents/ece569-fall2026/ece569_Lab2/ws2/install/table_description/lib'
[1.743s] Level 1:colcon.colcon_core.environment:checking '/home/skyler/Documents/ece569-fall2026/ece569_Lab2/ws2/install/table_description/bin'
[1.743s] Level 1:colcon.colcon_core.environment:checking '/home/skyler/Documents/ece569-fall2026/ece569_Lab2/ws2/install/table_description/lib/pkgconfig/table_description.pc'
[1.743s] Level 1:colcon.colcon_core.environment:checking '/home/skyler/Documents/ece569-fall2026/ece569_Lab2/ws2/install/table_description/lib/python3.10/site-packages'
[1.743s] Level 1:colcon.colcon_core.shell:create_environment_hook('table_description', 'pythonpath')
[1.743s] INFO:colcon.colcon_core.shell:Creating environment hook '/home/skyler/Documents/ece569-fall2026/ece569_Lab2/ws2/install/table_description/share/table_description/hook/pythonpath.ps1'
[1.744s] INFO:colcon.colcon_core.shell:Creating environment descriptor '/home/skyler/Documents/ece569-fall2026/ece569_Lab2/ws2/install/table_description/share/table_description/hook/pythonpath.dsv'
[1.744s] INFO:colcon.colcon_core.shell:Creating environment hook '/home/skyler/Documents/ece569-fall2026/ece569_Lab2/ws2/install/table_description/share/table_description/hook/pythonpath.sh'
[1.744s] Level 1:colcon.colcon_core.environment:checking '/home/skyler/Documents/ece569-fall2026/ece569_Lab2/ws2/install/table_description/bin'
[1.745s] Level 1:colcon.colcon_core.environment:create_environment_scripts_only(table_description)
[1.745s] INFO:colcon.colcon_core.shell:Creating package script '/home/skyler/Documents/ece569-fall2026/ece569_Lab2/ws2/install/table_description/share/table_description/package.ps1'
[1.746s] INFO:colcon.colcon_core.shell:Creating package descriptor '/home/skyler/Documents/ece569-fall2026/ece569_Lab2/ws2/install/table_description/share/table_description/package.dsv'
[1.746s] INFO:colcon.colcon_core.shell:Creating package script '/home/skyler/Documents/ece569-fall2026/ece569_Lab2/ws2/install/table_description/share/table_description/package.sh'
[1.747s] INFO:colcon.colcon_core.shell:Creating package script '/home/skyler/Documents/ece569-fall2026/ece569_Lab2/ws2/install/table_description/share/table_description/package.bash'
[1.748s] INFO:colcon.colcon_core.shell:Creating package script '/home/skyler/Documents/ece569-fall2026/ece569_Lab2/ws2/install/table_description/share/table_description/package.zsh'
[1.748s] Level 1:colcon.colcon_core.environment:create_file_with_runtime_dependencies(/home/skyler/Documents/ece569-fall2026/ece569_Lab2/ws2/install/table_description/share/colcon-core/packages/table_description)
[1.754s] Level 1:colcon.colcon_core.shell:create_environment_hook('rrbot_description', 'pythonpath_develop')
[1.754s] DEBUG:colcon.colcon_core.event_handler.log_command:Invoked command in '/home/skyler/Documents/ece569-fall2026/ece569_Lab2/ws2/build/rrbot_description' returned '0': PYTHONPATH=/home/skyler/Documents/ece569-fall2026/ece569_Lab2/ws2/build/rrbot_description/prefix_override:/usr/lib/python3/dist-packages/colcon_core/task/python/colcon_distutils_commands:/home/skyler/Documents/ece569-fall2026/ece569_Lab2/ws2/install/rrbot_description/lib/python3.10/site-packages:${PYTHONPATH} /usr/bin/python3 -W ignore:setup.py install is deprecated -W ignore:easy_install command is deprecated setup.py develop --editable --build-directory /home/skyler/Documents/ece569-fall2026/ece569_Lab2/ws2/build/rrbot_description/build --no-deps symlink_data
[1.754s] INFO:colcon.colcon_core.shell:Creating environment hook '/home/skyler/Documents/ece569-fall2026/ece569_Lab2/ws2/build/rrbot_description/share/rrbot_description/hook/pythonpath_develop.ps1'
[1.755s] INFO:colcon.colcon_core.shell:Creating environment descriptor '/home/skyler/Documents/ece569-fall2026/ece569_Lab2/ws2/build/rrbot_description/share/rrbot_description/hook/pythonpath_develop.dsv'
[1.755s] INFO:colcon.colcon_core.shell:Creating environment hook '/home/skyler/Documents/ece569-fall2026/ece569_Lab2/ws2/build/rrbot_description/share/rrbot_description/hook/pythonpath_develop.sh'
[1.756s] Level 1:colcon.colcon_core.environment:checking '/home/skyler/Documents/ece569-fall2026/ece569_Lab2/ws2/install/rrbot_description' for CMake module files
[1.756s] Level 1:colcon.colcon_core.environment:checking '/home/skyler/Documents/ece569-fall2026/ece569_Lab2/ws2/install/rrbot_description' for CMake config files
[1.756s] Level 1:colcon.colcon_core.environment:checking '/home/skyler/Documents/ece569-fall2026/ece569_Lab2/ws2/install/rrbot_description/lib'
[1.756s] Level 1:colcon.colcon_core.environment:checking '/home/skyler/Documents/ece569-fall2026/ece569_Lab2/ws2/install/rrbot_description/bin'
[1.757s] Level 1:colcon.colcon_core.environment:checking '/home/skyler/Documents/ece569-fall2026/ece569_Lab2/ws2/install/rrbot_description/lib/pkgconfig/rrbot_description.pc'
[1.757s] Level 1:colcon.colcon_core.environment:checking '/home/skyler/Documents/ece569-fall2026/ece569_Lab2/ws2/install/rrbot_description/lib/python3.10/site-packages'
[1.757s] Level 1:colcon.colcon_core.shell:create_environment_hook('rrbot_description', 'pythonpath')
[1.757s] INFO:colcon.colcon_core.shell:Creating environment hook '/home/skyler/Documents/ece569-fall2026/ece569_Lab2/ws2/install/rrbot_description/share/rrbot_description/hook/pythonpath.ps1'
[1.757s] INFO:colcon.colcon_core.shell:Creating environment descriptor '/home/skyler/Documents/ece569-fall2026/ece569_Lab2/ws2/install/rrbot_description/share/rrbot_description/hook/pythonpath.dsv'
[1.758s] INFO:colcon.colcon_core.shell:Creating environment hook '/home/skyler/Documents/ece569-fall2026/ece569_Lab2/ws2/install/rrbot_description/share/rrbot_description/hook/pythonpath.sh'
[1.758s] Level 1:colcon.colcon_core.environment:checking '/home/skyler/Documents/ece569-fall2026/ece569_Lab2/ws2/install/rrbot_description/bin'
[1.758s] Level 1:colcon.colcon_core.environment:create_environment_scripts_only(rrbot_description)
[1.758s] INFO:colcon.colcon_core.shell:Creating package script '/home/skyler/Documents/ece569-fall2026/ece569_Lab2/ws2/install/rrbot_description/share/rrbot_description/package.ps1'
[1.759s] INFO:colcon.colcon_core.shell:Creating package descriptor '/home/skyler/Documents/ece569-fall2026/ece569_Lab2/ws2/install/rrbot_description/share/rrbot_description/package.dsv'
[1.759s] INFO:colcon.colcon_core.shell:Creating package script '/home/skyler/Documents/ece569-fall2026/ece569_Lab2/ws2/install/rrbot_description/share/rrbot_description/package.sh'
[1.760s] INFO:colcon.colcon_core.shell:Creating package script '/home/skyler/Documents/ece569-fall2026/ece569_Lab2/ws2/install/rrbot_description/share/rrbot_description/package.bash'
[1.760s] INFO:colcon.colcon_core.shell:Creating package script '/home/skyler/Documents/ece569-fall2026/ece569_Lab2/ws2/install/rrbot_description/share/rrbot_description/package.zsh'
[1.760s] Level 1:colcon.colcon_core.environment:create_file_with_runtime_dependencies(/home/skyler/Documents/ece569-fall2026/ece569_Lab2/ws2/install/rrbot_description/share/colcon-core/packages/rrbot_description)
[1.760s] DEBUG:colcon.colcon_parallel_executor.executor.parallel:closing loop
[1.761s] DEBUG:colcon.colcon_parallel_executor.executor.parallel:loop closed
[1.761s] DEBUG:colcon.colcon_parallel_executor.executor.parallel:run_until_complete finished with '0'
[1.761s] DEBUG:colcon.colcon_core.event_reactor:joining thread
[1.765s] INFO:colcon.colcon_core.plugin_system:Skipping extension 'colcon_notification.desktop_notification.terminal_notifier': Not used on non-Darwin systems
[1.765s] INFO:colcon.colcon_core.plugin_system:Skipping extension 'colcon_notification.desktop_notification.win32': Not used on non-Windows systems
[1.766s] INFO:colcon.colcon_notification.desktop_notification:Sending desktop notification using 'notify2'
[1.788s] DEBUG:colcon.colcon_core.event_reactor:joined thread
[1.788s] INFO:colcon.colcon_core.shell:Creating prefix script '/home/skyler/Documents/ece569-fall2026/ece569_Lab2/ws2/install/local_setup.ps1'
[1.789s] INFO:colcon.colcon_core.shell:Creating prefix util module '/home/skyler/Documents/ece569-fall2026/ece569_Lab2/ws2/install/_local_setup_util_ps1.py'
[1.792s] INFO:colcon.colcon_core.shell:Creating prefix chain script '/home/skyler/Documents/ece569-fall2026/ece569_Lab2/ws2/install/setup.ps1'
[1.793s] INFO:colcon.colcon_core.shell:Creating prefix script '/home/skyler/Documents/ece569-fall2026/ece569_Lab2/ws2/install/local_setup.sh'
[1.793s] INFO:colcon.colcon_core.shell:Creating prefix util module '/home/skyler/Documents/ece569-fall2026/ece569_Lab2/ws2/install/_local_setup_util_sh.py'
[1.794s] INFO:colcon.colcon_core.shell:Creating prefix chain script '/home/skyler/Documents/ece569-fall2026/ece569_Lab2/ws2/install/setup.sh'
[1.795s] INFO:colcon.colcon_core.shell:Creating prefix script '/home/skyler/Documents/ece569-fall2026/ece569_Lab2/ws2/install/local_setup.bash'
[1.798s] INFO:colcon.colcon_core.shell:Creating prefix chain script '/home/skyler/Documents/ece569-fall2026/ece569_Lab2/ws2/install/setup.bash'
[1.799s] INFO:colcon.colcon_core.shell:Creating prefix script '/home/skyler/Documents/ece569-fall2026/ece569_Lab2/ws2/install/local_setup.zsh'
[1.799s] INFO:colcon.colcon_core.shell:Creating prefix chain script '/home/skyler/Documents/ece569-fall2026/ece569_Lab2/ws2/install/setup.zsh'
