running develop
running egg_info
creating table_description.egg-info
writing table_description.egg-info/PKG-INFO
writing dependency_links to table_description.egg-info/dependency_links.txt
writing entry points to table_description.egg-info/entry_points.txt
writing requirements to table_description.egg-info/requires.txt
writing top-level names to table_description.egg-info/top_level.txt
writing manifest file 'table_description.egg-info/SOURCES.txt'
reading manifest file 'table_description.egg-info/SOURCES.txt'
writing manifest file 'table_description.egg-info/SOURCES.txt'
running build_ext
Creating /home/skyler/Documents/ece569-fall2026/ece569_Lab2/ws2/install/table_description/lib/python3.10/site-packages/table-description.egg-link (link to .)

Installed /home/skyler/Documents/ece569-fall2026/ece569_Lab2/ws2/build/table_description
running symlink_data
creating /home/skyler/Documents/ece569-fall2026/ece569_Lab2/ws2/install/table_description/share/ament_index
creating /home/skyler/Documents/ece569-fall2026/ece569_Lab2/ws2/install/table_description/share/ament_index/resource_index
creating /home/skyler/Documents/ece569-fall2026/ece569_Lab2/ws2/install/table_description/share/ament_index/resource_index/packages
symbolically linking /home/skyler/Documents/ece569-fall2026/ece569_Lab2/ws2/build/table_description/resource/table_description -> /home/skyler/Documents/ece569-fall2026/ece569_Lab2/ws2/install/table_description/share/ament_index/resource_index/packages
symbolically linking /home/skyler/Documents/ece569-fall2026/ece569_Lab2/ws2/build/table_description/package.xml -> /home/skyler/Documents/ece569-fall2026/ece569_Lab2/ws2/install/table_description/share/table_description
creating /home/skyler/Documents/ece569-fall2026/ece569_Lab2/ws2/install/table_description/share/table_description/config
symbolically linking /home/skyler/Documents/ece569-fall2026/ece569_Lab2/ws2/build/table_description/config/table_dimensions.yml -> /home/skyler/Documents/ece569-fall2026/ece569_Lab2/ws2/install/table_description/share/table_description/config
creating /home/skyler/Documents/ece569-fall2026/ece569_Lab2/ws2/install/table_description/share/table_description/launch
symbolically linking /home/skyler/Documents/ece569-fall2026/ece569_Lab2/ws2/build/table_description/launch/test_table_description.launch.py -> /home/skyler/Documents/ece569-fall2026/ece569_Lab2/ws2/install/table_description/share/table_description/launch
creating /home/skyler/Documents/ece569-fall2026/ece569_Lab2/ws2/install/table_description/share/table_description/rviz
symbolically linking /home/skyler/Documents/ece569-fall2026/ece569_Lab2/ws2/build/table_description/rviz/table_default.rviz -> /home/skyler/Documents/ece569-fall2026/ece569_Lab2/ws2/install/table_description/share/table_description/rviz
creating /home/skyler/Documents/ece569-fall2026/ece569_Lab2/ws2/install/table_description/share/table_description/urdf
symbolically linking /home/skyler/Documents/ece569-fall2026/ece569_Lab2/ws2/build/table_description/urdf/table.urdf.xacro -> /home/skyler/Documents/ece569-fall2026/ece569_Lab2/ws2/install/table_description/share/table_description/urdf
symbolically linking /home/skyler/Documents/ece569-fall2026/ece569_Lab2/ws2/build/table_description/urdf/common.xacro -> /home/skyler/Documents/ece569-fall2026/ece569_Lab2/ws2/install/table_description/share/table_description/urdf
creating /home/skyler/Documents/ece569-fall2026/ece569_Lab2/ws2/install/table_description/share/table_description/urdf/table
symbolically linking /home/skyler/Documents/ece569-fall2026/ece569_Lab2/ws2/build/table_description/urdf/table/table_macro.xacro -> /home/skyler/Documents/ece569-fall2026/ece569_Lab2/ws2/install/table_description/share/table_description/urdf/table
