[1.518s] Invoking command in '/home/skyler/Documents/ece569-fall2026/ece569_Lab2/ws2/build/table_description': PYTHONPATH=/home/skyler/Documents/ece569-fall2026/ece569_Lab2/ws2/build/table_description/prefix_override:/usr/lib/python3/dist-packages/colcon_core/task/python/colcon_distutils_commands:/home/skyler/Documents/ece569-fall2026/ece569_Lab2/ws2/install/table_description/lib/python3.10/site-packages:${PYTHONPATH} /usr/bin/python3 -W ignore:setup.py install is deprecated -W ignore:easy_install command is deprecated setup.py develop --editable --build-directory /home/skyler/Documents/ece569-fall2026/ece569_Lab2/ws2/build/table_description/build --no-deps symlink_data
[1.937s] running develop
[2.153s] running egg_info
[2.153s] creating table_description.egg-info
[2.153s] writing table_description.egg-info/PKG-INFO
[2.154s] writing dependency_links to table_description.egg-info/dependency_links.txt
[2.154s] writing entry points to table_description.egg-info/entry_points.txt
[2.154s] writing requirements to table_description.egg-info/requires.txt
[2.154s] writing top-level names to table_description.egg-info/top_level.txt
[2.154s] writing manifest file 'table_description.egg-info/SOURCES.txt'
[2.155s] reading manifest file 'table_description.egg-info/SOURCES.txt'
[2.157s] writing manifest file 'table_description.egg-info/SOURCES.txt'
[2.159s] running build_ext
[2.160s] Creating /home/skyler/Documents/ece569-fall2026/ece569_Lab2/ws2/install/table_description/lib/python3.10/site-packages/table-description.egg-link (link to .)
[2.160s] 
[2.160s] Installed /home/skyler/Documents/ece569-fall2026/ece569_Lab2/ws2/build/table_description
[2.160s] running symlink_data
[2.160s] creating /home/skyler/Documents/ece569-fall2026/ece569_Lab2/ws2/install/table_description/share/ament_index
[2.160s] creating /home/skyler/Documents/ece569-fall2026/ece569_Lab2/ws2/install/table_description/share/ament_index/resource_index
[2.160s] creating /home/skyler/Documents/ece569-fall2026/ece569_Lab2/ws2/install/table_description/share/ament_index/resource_index/packages
[2.160s] symbolically linking /home/skyler/Documents/ece569-fall2026/ece569_Lab2/ws2/build/table_description/resource/table_description -> /home/skyler/Documents/ece569-fall2026/ece569_Lab2/ws2/install/table_description/share/ament_index/resource_index/packages
[2.162s] symbolically linking /home/skyler/Documents/ece569-fall2026/ece569_Lab2/ws2/build/table_description/package.xml -> /home/skyler/Documents/ece569-fall2026/ece569_Lab2/ws2/install/table_description/share/table_description
[2.162s] creating /home/skyler/Documents/ece569-fall2026/ece569_Lab2/ws2/install/table_description/share/table_description/config
[2.162s] symbolically linking /home/skyler/Documents/ece569-fall2026/ece569_Lab2/ws2/build/table_description/config/table_dimensions.yml -> /home/skyler/Documents/ece569-fall2026/ece569_Lab2/ws2/install/table_description/share/table_description/config
[2.162s] creating /home/skyler/Documents/ece569-fall2026/ece569_Lab2/ws2/install/table_description/share/table_description/launch
[2.162s] symbolically linking /home/skyler/Documents/ece569-fall2026/ece569_Lab2/ws2/build/table_description/launch/test_table_description.launch.py -> /home/skyler/Documents/ece569-fall2026/ece569_Lab2/ws2/install/table_description/share/table_description/launch
[2.162s] creating /home/skyler/Documents/ece569-fall2026/ece569_Lab2/ws2/install/table_description/share/table_description/rviz
[2.162s] symbolically linking /home/skyler/Documents/ece569-fall2026/ece569_Lab2/ws2/build/table_description/rviz/table_default.rviz -> /home/skyler/Documents/ece569-fall2026/ece569_Lab2/ws2/install/table_description/share/table_description/rviz
[2.162s] creating /home/skyler/Documents/ece569-fall2026/ece569_Lab2/ws2/install/table_description/share/table_description/urdf
[2.162s] symbolically linking /home/skyler/Documents/ece569-fall2026/ece569_Lab2/ws2/build/table_description/urdf/table.urdf.xacro -> /home/skyler/Documents/ece569-fall2026/ece569_Lab2/ws2/install/table_description/share/table_description/urdf
[2.162s] symbolically linking /home/skyler/Documents/ece569-fall2026/ece569_Lab2/ws2/build/table_description/urdf/common.xacro -> /home/skyler/Documents/ece569-fall2026/ece569_Lab2/ws2/install/table_description/share/table_description/urdf
[2.162s] creating /home/skyler/Documents/ece569-fall2026/ece569_Lab2/ws2/install/table_description/share/table_description/urdf/table
[2.162s] symbolically linking /home/skyler/Documents/ece569-fall2026/ece569_Lab2/ws2/build/table_description/urdf/table/table_macro.xacro -> /home/skyler/Documents/ece569-fall2026/ece569_Lab2/ws2/install/table_description/share/table_description/urdf/table
[2.196s] Invoked command in '/home/skyler/Documents/ece569-fall2026/ece569_Lab2/ws2/build/table_description' returned '0': PYTHONPATH=/home/skyler/Documents/ece569-fall2026/ece569_Lab2/ws2/build/table_description/prefix_override:/usr/lib/python3/dist-packages/colcon_core/task/python/colcon_distutils_commands:/home/skyler/Documents/ece569-fall2026/ece569_Lab2/ws2/install/table_description/lib/python3.10/site-packages:${PYTHONPATH} /usr/bin/python3 -W ignore:setup.py install is deprecated -W ignore:easy_install command is deprecated setup.py develop --editable --build-directory /home/skyler/Documents/ece569-fall2026/ece569_Lab2/ws2/build/table_description/build --no-deps symlink_data
