[1.493s] Invoking command in '/home/skyler/Documents/ece569-fall2026/ece569_Lab2/ws2/build/ur3e_on_table': PYTHONPATH=/home/skyler/Documents/ece569-fall2026/ece569_Lab2/ws2/build/ur3e_on_table/prefix_override:/usr/lib/python3/dist-packages/colcon_core/task/python/colcon_distutils_commands:/home/skyler/Documents/ece569-fall2026/ece569_Lab2/ws2/install/ur3e_on_table/lib/python3.10/site-packages:${PYTHONPATH} /usr/bin/python3 -W ignore:setup.py install is deprecated -W ignore:easy_install command is deprecated setup.py develop --editable --build-directory /home/skyler/Documents/ece569-fall2026/ece569_Lab2/ws2/build/ur3e_on_table/build --no-deps symlink_data
[1.911s] running develop
[2.080s] running egg_info
[2.080s] creating ur3e_on_table.egg-info
[2.080s] writing ur3e_on_table.egg-info/PKG-INFO
[2.080s] writing dependency_links to ur3e_on_table.egg-info/dependency_links.txt
[2.080s] writing entry points to ur3e_on_table.egg-info/entry_points.txt
[2.081s] writing requirements to ur3e_on_table.egg-info/requires.txt
[2.081s] writing top-level names to ur3e_on_table.egg-info/top_level.txt
[2.081s] writing manifest file 'ur3e_on_table.egg-info/SOURCES.txt'
[2.082s] reading manifest file 'ur3e_on_table.egg-info/SOURCES.txt'
[2.083s] writing manifest file 'ur3e_on_table.egg-info/SOURCES.txt'
[2.084s] running build_ext
[2.084s] Creating /home/skyler/Documents/ece569-fall2026/ece569_Lab2/ws2/install/ur3e_on_table/lib/python3.10/site-packages/ur3e-on-table.egg-link (link to .)
[2.085s] 
[2.085s] Installed /home/skyler/Documents/ece569-fall2026/ece569_Lab2/ws2/build/ur3e_on_table
[2.085s] running symlink_data
[2.085s] creating /home/skyler/Documents/ece569-fall2026/ece569_Lab2/ws2/install/ur3e_on_table/share/ament_index
[2.085s] creating /home/skyler/Documents/ece569-fall2026/ece569_Lab2/ws2/install/ur3e_on_table/share/ament_index/resource_index
[2.085s] creating /home/skyler/Documents/ece569-fall2026/ece569_Lab2/ws2/install/ur3e_on_table/share/ament_index/resource_index/packages
[2.086s] symbolically linking /home/skyler/Documents/ece569-fall2026/ece569_Lab2/ws2/build/ur3e_on_table/resource/ur3e_on_table -> /home/skyler/Documents/ece569-fall2026/ece569_Lab2/ws2/install/ur3e_on_table/share/ament_index/resource_index/packages
[2.086s] symbolically linking /home/skyler/Documents/ece569-fall2026/ece569_Lab2/ws2/build/ur3e_on_table/package.xml -> /home/skyler/Documents/ece569-fall2026/ece569_Lab2/ws2/install/ur3e_on_table/share/ur3e_on_table
[2.086s] creating /home/skyler/Documents/ece569-fall2026/ece569_Lab2/ws2/install/ur3e_on_table/share/ur3e_on_table/config
[2.086s] creating /home/skyler/Documents/ece569-fall2026/ece569_Lab2/ws2/install/ur3e_on_table/share/ur3e_on_table/launch
[2.086s] symbolically linking /home/skyler/Documents/ece569-fall2026/ece569_Lab2/ws2/build/ur3e_on_table/launch/view_ur3e_on_table.launch.py -> /home/skyler/Documents/ece569-fall2026/ece569_Lab2/ws2/install/ur3e_on_table/share/ur3e_on_table/launch
[2.086s] symbolically linking /home/skyler/Documents/ece569-fall2026/ece569_Lab2/ws2/build/ur3e_on_table/launch/test_ur3e_on_table.launch.py -> /home/skyler/Documents/ece569-fall2026/ece569_Lab2/ws2/install/ur3e_on_table/share/ur3e_on_table/launch
[2.086s] creating /home/skyler/Documents/ece569-fall2026/ece569_Lab2/ws2/install/ur3e_on_table/share/ur3e_on_table/rviz
[2.086s] symbolically linking /home/skyler/Documents/ece569-fall2026/ece569_Lab2/ws2/build/ur3e_on_table/rviz/ur3e_on_table_default.rviz -> /home/skyler/Documents/ece569-fall2026/ece569_Lab2/ws2/install/ur3e_on_table/share/ur3e_on_table/rviz
[2.086s] creating /home/skyler/Documents/ece569-fall2026/ece569_Lab2/ws2/install/ur3e_on_table/share/ur3e_on_table/urdf
[2.086s] symbolically linking /home/skyler/Documents/ece569-fall2026/ece569_Lab2/ws2/build/ur3e_on_table/urdf/ur3e_on_table.urdf.xacro -> /home/skyler/Documents/ece569-fall2026/ece569_Lab2/ws2/install/ur3e_on_table/share/ur3e_on_table/urdf
[2.086s] symbolically linking /home/skyler/Documents/ece569-fall2026/ece569_Lab2/ws2/build/ur3e_on_table/urdf/materials.xacro -> /home/skyler/Documents/ece569-fall2026/ece569_Lab2/ws2/install/ur3e_on_table/share/ur3e_on_table/urdf
[2.116s] Invoked command in '/home/skyler/Documents/ece569-fall2026/ece569_Lab2/ws2/build/ur3e_on_table' returned '0': PYTHONPATH=/home/skyler/Documents/ece569-fall2026/ece569_Lab2/ws2/build/ur3e_on_table/prefix_override:/usr/lib/python3/dist-packages/colcon_core/task/python/colcon_distutils_commands:/home/skyler/Documents/ece569-fall2026/ece569_Lab2/ws2/install/ur3e_on_table/lib/python3.10/site-packages:${PYTHONPATH} /usr/bin/python3 -W ignore:setup.py install is deprecated -W ignore:easy_install command is deprecated setup.py develop --editable --build-directory /home/skyler/Documents/ece569-fall2026/ece569_Lab2/ws2/build/ur3e_on_table/build --no-deps symlink_data
