[1.592s] Invoking command in '/home/skyler/Documents/ece569-fall2026/ece569_Lab2/ws2/build/table_description': PYTHONPATH=/home/skyler/Documents/ece569-fall2026/ece569_Lab2/ws2/build/table_description/prefix_override:/usr/lib/python3/dist-packages/colcon_core/task/python/colcon_distutils_commands:/home/skyler/Documents/ece569-fall2026/ece569_Lab2/ws2/install/table_description/lib/python3.10/site-packages:${PYTHONPATH} /usr/bin/python3 -W ignore:setup.py install is deprecated -W ignore:easy_install command is deprecated setup.py develop --editable --build-directory /home/skyler/Documents/ece569-fall2026/ece569_Lab2/ws2/build/table_description/build --no-deps symlink_data
[1.878s] running develop
[2.054s] running egg_info
[2.055s] creating table_description.egg-info
[2.055s] writing table_description.egg-info/PKG-INFO
[2.055s] writing dependency_links to table_description.egg-info/dependency_links.txt
[2.055s] writing entry points to table_description.egg-info/entry_points.txt
[2.055s] writing requirements to table_description.egg-info/requires.txt
[2.057s] writing top-level names to table_description.egg-info/top_level.txt
[2.057s] writing manifest file 'table_description.egg-info/SOURCES.txt'
[2.057s] reading manifest file 'table_description.egg-info/SOURCES.txt'
[2.057s] writing manifest file 'table_description.egg-info/SOURCES.txt'
[2.058s] running build_ext
[2.058s] Creating /home/skyler/Documents/ece569-fall2026/ece569_Lab2/ws2/install/table_description/lib/python3.10/site-packages/table-description.egg-link (link to .)
[2.059s] 
[2.059s] Installed /home/skyler/Documents/ece569-fall2026/ece569_Lab2/ws2/build/table_description
[2.059s] running symlink_data
[2.059s] creating /home/skyler/Documents/ece569-fall2026/ece569_Lab2/ws2/install/table_description/share/ament_index
[2.059s] creating /home/skyler/Documents/ece569-fall2026/ece569_Lab2/ws2/install/table_description/share/ament_index/resource_index
[2.060s] creating /home/skyler/Documents/ece569-fall2026/ece569_Lab2/ws2/install/table_description/share/ament_index/resource_index/packages
[2.060s] symbolically linking /home/skyler/Documents/ece569-fall2026/ece569_Lab2/ws2/build/table_description/resource/table_description -> /home/skyler/Documents/ece569-fall2026/ece569_Lab2/ws2/install/table_description/share/ament_index/resource_index/packages
[2.060s] symbolically linking /home/skyler/Documents/ece569-fall2026/ece569_Lab2/ws2/build/table_description/package.xml -> /home/skyler/Documents/ece569-fall2026/ece569_Lab2/ws2/install/table_description/share/table_description
[2.060s] creating /home/skyler/Documents/ece569-fall2026/ece569_Lab2/ws2/install/table_description/share/table_description/config
[2.060s] symbolically linking /home/skyler/Documents/ece569-fall2026/ece569_Lab2/ws2/build/table_description/config/table_dimensions.yml -> /home/skyler/Documents/ece569-fall2026/ece569_Lab2/ws2/install/table_description/share/table_description/config
[2.060s] creating /home/skyler/Documents/ece569-fall2026/ece569_Lab2/ws2/install/table_description/share/table_description/launch
[2.060s] symbolically linking /home/skyler/Documents/ece569-fall2026/ece569_Lab2/ws2/build/table_description/launch/test_table_description.launch.py -> /home/skyler/Documents/ece569-fall2026/ece569_Lab2/ws2/install/table_description/share/table_description/launch
[2.060s] creating /home/skyler/Documents/ece569-fall2026/ece569_Lab2/ws2/install/table_description/share/table_description/rviz
[2.060s] symbolically linking /home/skyler/Documents/ece569-fall2026/ece569_Lab2/ws2/build/table_description/rviz/table_default.rviz -> /home/skyler/Documents/ece569-fall2026/ece569_Lab2/ws2/install/table_description/share/table_description/rviz
[2.060s] creating /home/skyler/Documents/ece569-fall2026/ece569_Lab2/ws2/install/table_description/share/table_description/urdf
[2.060s] symbolically linking /home/skyler/Documents/ece569-fall2026/ece569_Lab2/ws2/build/table_description/urdf/table.urdf.xacro -> /home/skyler/Documents/ece569-fall2026/ece569_Lab2/ws2/install/table_description/share/table_description/urdf
[2.061s] symbolically linking /home/skyler/Documents/ece569-fall2026/ece569_Lab2/ws2/build/table_description/urdf/common.xacro -> /home/skyler/Documents/ece569-fall2026/ece569_Lab2/ws2/install/table_description/share/table_description/urdf
[2.061s] creating /home/skyler/Documents/ece569-fall2026/ece569_Lab2/ws2/install/table_description/share/table_description/urdf/table
[2.061s] symbolically linking /home/skyler/Documents/ece569-fall2026/ece569_Lab2/ws2/build/table_description/urdf/table/table_macro.xacro -> /home/skyler/Documents/ece569-fall2026/ece569_Lab2/ws2/install/table_description/share/table_description/urdf/table
[2.093s] Invoked command in '/home/skyler/Documents/ece569-fall2026/ece569_Lab2/ws2/build/table_description' returned '0': PYTHONPATH=/home/skyler/Documents/ece569-fall2026/ece569_Lab2/ws2/build/table_description/prefix_override:/usr/lib/python3/dist-packages/colcon_core/task/python/colcon_distutils_commands:/home/skyler/Documents/ece569-fall2026/ece569_Lab2/ws2/install/table_description/lib/python3.10/site-packages:${PYTHONPATH} /usr/bin/python3 -W ignore:setup.py install is deprecated -W ignore:easy_install command is deprecated setup.py develop --editable --build-directory /home/skyler/Documents/ece569-fall2026/ece569_Lab2/ws2/build/table_description/build --no-deps symlink_data
