[1.030s] Invoking command in '/home/skyler/Documents/ece569-fall2026/ece569_Lab2/ws2/build/table_description': PYTHONPATH=/home/skyler/Documents/ece569-fall2026/ece569_Lab2/ws2/build/table_description/prefix_override:/usr/lib/python3/dist-packages/colcon_core/task/python/colcon_distutils_commands:/home/skyler/Documents/ece569-fall2026/ece569_Lab2/ws2/install/table_description/lib/python3.10/site-packages:${PYTHONPATH} /usr/bin/python3 -W ignore:setup.py install is deprecated -W ignore:easy_install command is deprecated setup.py develop --editable --build-directory /home/skyler/Documents/ece569-fall2026/ece569_Lab2/ws2/build/table_description/build --no-deps symlink_data
[1.261s] running develop
[1.411s] running egg_info
[1.411s] creating table_description.egg-info
[1.411s] writing table_description.egg-info/PKG-INFO
[1.411s] writing dependency_links to table_description.egg-info/dependency_links.txt
[1.411s] writing entry points to table_description.egg-info/entry_points.txt
[1.411s] writing requirements to table_description.egg-info/requires.txt
[1.412s] writing top-level names to table_description.egg-info/top_level.txt
[1.412s] writing manifest file 'table_description.egg-info/SOURCES.txt'
[1.413s] reading manifest file 'table_description.egg-info/SOURCES.txt'
[1.414s] writing manifest file 'table_description.egg-info/SOURCES.txt'
[1.415s] running build_ext
[1.415s] Creating /home/skyler/Documents/ece569-fall2026/ece569_Lab2/ws2/install/table_description/lib/python3.10/site-packages/table-description.egg-link (link to .)
[1.416s] 
[1.416s] Installed /home/skyler/Documents/ece569-fall2026/ece569_Lab2/ws2/build/table_description
[1.416s] running symlink_data
[1.416s] creating /home/skyler/Documents/ece569-fall2026/ece569_Lab2/ws2/install/table_description/share/ament_index
[1.416s] creating /home/skyler/Documents/ece569-fall2026/ece569_Lab2/ws2/install/table_description/share/ament_index/resource_index
[1.416s] creating /home/skyler/Documents/ece569-fall2026/ece569_Lab2/ws2/install/table_description/share/ament_index/resource_index/packages
[1.416s] symbolically linking /home/skyler/Documents/ece569-fall2026/ece569_Lab2/ws2/build/table_description/resource/table_description -> /home/skyler/Documents/ece569-fall2026/ece569_Lab2/ws2/install/table_description/share/ament_index/resource_index/packages
[1.416s] symbolically linking /home/skyler/Documents/ece569-fall2026/ece569_Lab2/ws2/build/table_description/package.xml -> /home/skyler/Documents/ece569-fall2026/ece569_Lab2/ws2/install/table_description/share/table_description
[1.417s] creating /home/skyler/Documents/ece569-fall2026/ece569_Lab2/ws2/install/table_description/share/table_description/config
[1.417s] symbolically linking /home/skyler/Documents/ece569-fall2026/ece569_Lab2/ws2/build/table_description/config/table_dimensions.yml -> /home/skyler/Documents/ece569-fall2026/ece569_Lab2/ws2/install/table_description/share/table_description/config
[1.417s] creating /home/skyler/Documents/ece569-fall2026/ece569_Lab2/ws2/install/table_description/share/table_description/launch
[1.417s] symbolically linking /home/skyler/Documents/ece569-fall2026/ece569_Lab2/ws2/build/table_description/launch/test_table_description.launch.py -> /home/skyler/Documents/ece569-fall2026/ece569_Lab2/ws2/install/table_description/share/table_description/launch
[1.417s] creating /home/skyler/Documents/ece569-fall2026/ece569_Lab2/ws2/install/table_description/share/table_description/rviz
[1.417s] symbolically linking /home/skyler/Documents/ece569-fall2026/ece569_Lab2/ws2/build/table_description/rviz/table_default.rviz -> /home/skyler/Documents/ece569-fall2026/ece569_Lab2/ws2/install/table_description/share/table_description/rviz
[1.417s] creating /home/skyler/Documents/ece569-fall2026/ece569_Lab2/ws2/install/table_description/share/table_description/urdf
[1.417s] symbolically linking /home/skyler/Documents/ece569-fall2026/ece569_Lab2/ws2/build/table_description/urdf/table.urdf.xacro -> /home/skyler/Documents/ece569-fall2026/ece569_Lab2/ws2/install/table_description/share/table_description/urdf
[1.417s] symbolically linking /home/skyler/Documents/ece569-fall2026/ece569_Lab2/ws2/build/table_description/urdf/common.xacro -> /home/skyler/Documents/ece569-fall2026/ece569_Lab2/ws2/install/table_description/share/table_description/urdf
[1.417s] creating /home/skyler/Documents/ece569-fall2026/ece569_Lab2/ws2/install/table_description/share/table_description/urdf/table
[1.417s] symbolically linking /home/skyler/Documents/ece569-fall2026/ece569_Lab2/ws2/build/table_description/urdf/table/table_macro.xacro -> /home/skyler/Documents/ece569-fall2026/ece569_Lab2/ws2/install/table_description/share/table_description/urdf/table
[1.446s] Invoked command in '/home/skyler/Documents/ece569-fall2026/ece569_Lab2/ws2/build/table_description' returned '0': PYTHONPATH=/home/skyler/Documents/ece569-fall2026/ece569_Lab2/ws2/build/table_description/prefix_override:/usr/lib/python3/dist-packages/colcon_core/task/python/colcon_distutils_commands:/home/skyler/Documents/ece569-fall2026/ece569_Lab2/ws2/install/table_description/lib/python3.10/site-packages:${PYTHONPATH} /usr/bin/python3 -W ignore:setup.py install is deprecated -W ignore:easy_install command is deprecated setup.py develop --editable --build-directory /home/skyler/Documents/ece569-fall2026/ece569_Lab2/ws2/build/table_description/build --no-deps symlink_data
