[0.766s] Invoking command in '/home/skyler/Documents/ece569-fall2026/ece569_Lab2/ws2/build/ur_description': CMAKE_PREFIX_PATH=${CMAKE_PREFIX_PATH}:/home/skyler/Documents/ece569-fall2026/ece569_Lab2/ws2/install/ur3e_on_table:/home/skyler/Documents/ece569-fall2026/ece569_Lab2/ws2/install/table_description:/home/skyler/Documents/ece569-fall2026/ece569_Lab2/ws2/install/rrbot_description:/opt/ros/humble /usr/bin/cmake /home/skyler/Documents/ece569-fall2026/ece569_Lab2/ws2/src/Universal_Robots_ROS2_Description -DAMENT_CMAKE_SYMLINK_INSTALL=1 -DCMAKE_INSTALL_PREFIX=/home/skyler/Documents/ece569-fall2026/ece569_Lab2/ws2/install/ur_description
[0.831s] -- The C compiler identification is GNU 11.4.0
[0.908s] -- The CXX compiler identification is GNU 11.4.0
[0.916s] -- Detecting C compiler ABI info
[0.996s] -- Detecting C compiler ABI info - done
[1.015s] -- Check for working C compiler: /usr/bin/cc - skipped
[1.016s] -- Detecting C compile features
[1.016s] -- Detecting C compile features - done
[1.019s] -- Detecting CXX compiler ABI info
[1.110s] -- Detecting CXX compiler ABI info - done
[1.117s] -- Check for working CXX compiler: /usr/bin/c++ - skipped
[1.117s] -- Detecting CXX compile features
[1.118s] -- Detecting CXX compile features - done
[1.120s] -- Found ament_cmake: 1.3.14 (/opt/ros/humble/share/ament_cmake/cmake)
[1.293s] -- Found Python3: /usr/bin/python3 (found version "3.10.12") found components: Interpreter 
[1.366s] -- Override CMake install command with custom implementation using symlinks instead of copying resources
[1.404s] -- Found ament_cmake_pytest: 1.3.14 (/opt/ros/humble/share/ament_cmake_pytest/cmake)
[2.414s] -- Configuring done
[2.417s] -- Generating done
[2.420s] -- Build files have been written to: /home/skyler/Documents/ece569-fall2026/ece569_Lab2/ws2/build/ur_description
[2.423s] Invoked command in '/home/skyler/Documents/ece569-fall2026/ece569_Lab2/ws2/build/ur_description' returned '0': CMAKE_PREFIX_PATH=${CMAKE_PREFIX_PATH}:/home/skyler/Documents/ece569-fall2026/ece569_Lab2/ws2/install/ur3e_on_table:/home/skyler/Documents/ece569-fall2026/ece569_Lab2/ws2/install/table_description:/home/skyler/Documents/ece569-fall2026/ece569_Lab2/ws2/install/rrbot_description:/opt/ros/humble /usr/bin/cmake /home/skyler/Documents/ece569-fall2026/ece569_Lab2/ws2/src/Universal_Robots_ROS2_Description -DAMENT_CMAKE_SYMLINK_INSTALL=1 -DCMAKE_INSTALL_PREFIX=/home/skyler/Documents/ece569-fall2026/ece569_Lab2/ws2/install/ur_description
[2.425s] Invoking command in '/home/skyler/Documents/ece569-fall2026/ece569_Lab2/ws2/build/ur_description': CMAKE_PREFIX_PATH=${CMAKE_PREFIX_PATH}:/home/skyler/Documents/ece569-fall2026/ece569_Lab2/ws2/install/ur3e_on_table:/home/skyler/Documents/ece569-fall2026/ece569_Lab2/ws2/install/table_description:/home/skyler/Documents/ece569-fall2026/ece569_Lab2/ws2/install/rrbot_description:/opt/ros/humble /usr/bin/cmake --build /home/skyler/Documents/ece569-fall2026/ece569_Lab2/ws2/build/ur_description -- -j4 -l4
[2.457s] Invoked command in '/home/skyler/Documents/ece569-fall2026/ece569_Lab2/ws2/build/ur_description' returned '0': CMAKE_PREFIX_PATH=${CMAKE_PREFIX_PATH}:/home/skyler/Documents/ece569-fall2026/ece569_Lab2/ws2/install/ur3e_on_table:/home/skyler/Documents/ece569-fall2026/ece569_Lab2/ws2/install/table_description:/home/skyler/Documents/ece569-fall2026/ece569_Lab2/ws2/install/rrbot_description:/opt/ros/humble /usr/bin/cmake --build /home/skyler/Documents/ece569-fall2026/ece569_Lab2/ws2/build/ur_description -- -j4 -l4
[2.466s] Invoking command in '/home/skyler/Documents/ece569-fall2026/ece569_Lab2/ws2/build/ur_description': CMAKE_PREFIX_PATH=${CMAKE_PREFIX_PATH}:/home/skyler/Documents/ece569-fall2026/ece569_Lab2/ws2/install/ur3e_on_table:/home/skyler/Documents/ece569-fall2026/ece569_Lab2/ws2/install/table_description:/home/skyler/Documents/ece569-fall2026/ece569_Lab2/ws2/install/rrbot_description:/opt/ros/humble /usr/bin/cmake --install /home/skyler/Documents/ece569-fall2026/ece569_Lab2/ws2/build/ur_description
[2.472s] -- Install configuration: ""
[2.473s] -- Execute custom install script
[2.474s] -- Symlinking: /home/skyler/Documents/ece569-fall2026/ece569_Lab2/ws2/install/ur_description/share/ur_description/config/initial_positions.yaml
[2.482s] -- Symlinking: /home/skyler/Documents/ece569-fall2026/ece569_Lab2/ws2/install/ur_description/share/ur_description/config/ur10/default_kinematics.yaml
[2.490s] -- Symlinking: /home/skyler/Documents/ece569-fall2026/ece569_Lab2/ws2/install/ur_description/share/ur_description/config/ur10/joint_limits.yaml
[2.497s] -- Symlinking: /home/skyler/Documents/ece569-fall2026/ece569_Lab2/ws2/install/ur_description/share/ur_description/config/ur10/physical_parameters.yaml
[2.506s] -- Symlinking: /home/skyler/Documents/ece569-fall2026/ece569_Lab2/ws2/install/ur_description/share/ur_description/config/ur10/visual_parameters.yaml
[2.514s] -- Symlinking: /home/skyler/Documents/ece569-fall2026/ece569_Lab2/ws2/install/ur_description/share/ur_description/config/ur10e/default_kinematics.yaml
[2.522s] -- Symlinking: /home/skyler/Documents/ece569-fall2026/ece569_Lab2/ws2/install/ur_description/share/ur_description/config/ur10e/joint_limits.yaml
[2.530s] -- Symlinking: /home/skyler/Documents/ece569-fall2026/ece569_Lab2/ws2/install/ur_description/share/ur_description/config/ur10e/physical_parameters.yaml
[2.538s] -- Symlinking: /home/skyler/Documents/ece569-fall2026/ece569_Lab2/ws2/install/ur_description/share/ur_description/config/ur10e/visual_parameters.yaml
[2.545s] -- Symlinking: /home/skyler/Documents/ece569-fall2026/ece569_Lab2/ws2/install/ur_description/share/ur_description/config/ur12e/default_kinematics.yaml
[2.553s] -- Symlinking: /home/skyler/Documents/ece569-fall2026/ece569_Lab2/ws2/install/ur_description/share/ur_description/config/ur12e/joint_limits.yaml
[2.561s] -- Symlinking: /home/skyler/Documents/ece569-fall2026/ece569_Lab2/ws2/install/ur_description/share/ur_description/config/ur12e/physical_parameters.yaml
[2.568s] -- Symlinking: /home/skyler/Documents/ece569-fall2026/ece569_Lab2/ws2/install/ur_description/share/ur_description/config/ur12e/visual_parameters.yaml
[2.576s] -- Symlinking: /home/skyler/Documents/ece569-fall2026/ece569_Lab2/ws2/install/ur_description/share/ur_description/config/ur15/default_kinematics.yaml
[2.583s] -- Symlinking: /home/skyler/Documents/ece569-fall2026/ece569_Lab2/ws2/install/ur_description/share/ur_description/config/ur15/joint_limits.yaml
[2.591s] -- Symlinking: /home/skyler/Documents/ece569-fall2026/ece569_Lab2/ws2/install/ur_description/share/ur_description/config/ur15/physical_parameters.yaml
[2.599s] -- Symlinking: /home/skyler/Documents/ece569-fall2026/ece569_Lab2/ws2/install/ur_description/share/ur_description/config/ur15/visual_parameters.yaml
[2.608s] -- Symlinking: /home/skyler/Documents/ece569-fall2026/ece569_Lab2/ws2/install/ur_description/share/ur_description/config/ur16e/default_kinematics.yaml
[2.616s] -- Symlinking: /home/skyler/Documents/ece569-fall2026/ece569_Lab2/ws2/install/ur_description/share/ur_description/config/ur16e/joint_limits.yaml
[2.624s] -- Symlinking: /home/skyler/Documents/ece569-fall2026/ece569_Lab2/ws2/install/ur_description/share/ur_description/config/ur16e/physical_parameters.yaml
[2.632s] -- Symlinking: /home/skyler/Documents/ece569-fall2026/ece569_Lab2/ws2/install/ur_description/share/ur_description/config/ur16e/visual_parameters.yaml
[2.640s] -- Symlinking: /home/skyler/Documents/ece569-fall2026/ece569_Lab2/ws2/install/ur_description/share/ur_description/config/ur18/default_kinematics.yaml
[2.647s] -- Symlinking: /home/skyler/Documents/ece569-fall2026/ece569_Lab2/ws2/install/ur_description/share/ur_description/config/ur18/joint_limits.yaml
[2.656s] -- Symlinking: /home/skyler/Documents/ece569-fall2026/ece569_Lab2/ws2/install/ur_description/share/ur_description/config/ur18/physical_parameters.yaml
[2.663s] -- Symlinking: /home/skyler/Documents/ece569-fall2026/ece569_Lab2/ws2/install/ur_description/share/ur_description/config/ur18/visual_parameters.yaml
[2.671s] -- Symlinking: /home/skyler/Documents/ece569-fall2026/ece569_Lab2/ws2/install/ur_description/share/ur_description/config/ur20/default_kinematics.yaml
[2.679s] -- Symlinking: /home/skyler/Documents/ece569-fall2026/ece569_Lab2/ws2/install/ur_description/share/ur_description/config/ur20/joint_limits.yaml
[2.688s] -- Symlinking: /home/skyler/Documents/ece569-fall2026/ece569_Lab2/ws2/install/ur_description/share/ur_description/config/ur20/physical_parameters.yaml
[2.698s] -- Symlinking: /home/skyler/Documents/ece569-fall2026/ece569_Lab2/ws2/install/ur_description/share/ur_description/config/ur20/visual_parameters.yaml
[2.706s] -- Symlinking: /home/skyler/Documents/ece569-fall2026/ece569_Lab2/ws2/install/ur_description/share/ur_description/config/ur3/default_kinematics.yaml
[2.714s] -- Symlinking: /home/skyler/Documents/ece569-fall2026/ece569_Lab2/ws2/install/ur_description/share/ur_description/config/ur3/joint_limits.yaml
[2.723s] -- Symlinking: /home/skyler/Documents/ece569-fall2026/ece569_Lab2/ws2/install/ur_description/share/ur_description/config/ur3/physical_parameters.yaml
[2.732s] -- Symlinking: /home/skyler/Documents/ece569-fall2026/ece569_Lab2/ws2/install/ur_description/share/ur_description/config/ur3/visual_parameters.yaml
[2.739s] -- Symlinking: /home/skyler/Documents/ece569-fall2026/ece569_Lab2/ws2/install/ur_description/share/ur_description/config/ur30/default_kinematics.yaml
[2.747s] -- Symlinking: /home/skyler/Documents/ece569-fall2026/ece569_Lab2/ws2/install/ur_description/share/ur_description/config/ur30/joint_limits.yaml
[2.756s] -- Symlinking: /home/skyler/Documents/ece569-fall2026/ece569_Lab2/ws2/install/ur_description/share/ur_description/config/ur30/physical_parameters.yaml
[2.763s] -- Symlinking: /home/skyler/Documents/ece569-fall2026/ece569_Lab2/ws2/install/ur_description/share/ur_description/config/ur30/visual_parameters.yaml
[2.771s] -- Symlinking: /home/skyler/Documents/ece569-fall2026/ece569_Lab2/ws2/install/ur_description/share/ur_description/config/ur3e/default_kinematics.yaml
[2.780s] -- Symlinking: /home/skyler/Documents/ece569-fall2026/ece569_Lab2/ws2/install/ur_description/share/ur_description/config/ur3e/joint_limits.yaml
[2.788s] -- Symlinking: /home/skyler/Documents/ece569-fall2026/ece569_Lab2/ws2/install/ur_description/share/ur_description/config/ur3e/physical_parameters.yaml
[2.796s] -- Symlinking: /home/skyler/Documents/ece569-fall2026/ece569_Lab2/ws2/install/ur_description/share/ur_description/config/ur3e/visual_parameters.yaml
[2.805s] -- Symlinking: /home/skyler/Documents/ece569-fall2026/ece569_Lab2/ws2/install/ur_description/share/ur_description/config/ur5/default_kinematics.yaml
[2.813s] -- Symlinking: /home/skyler/Documents/ece569-fall2026/ece569_Lab2/ws2/install/ur_description/share/ur_description/config/ur5/joint_limits.yaml
[2.822s] -- Symlinking: /home/skyler/Documents/ece569-fall2026/ece569_Lab2/ws2/install/ur_description/share/ur_description/config/ur5/physical_parameters.yaml
[2.831s] -- Symlinking: /home/skyler/Documents/ece569-fall2026/ece569_Lab2/ws2/install/ur_description/share/ur_description/config/ur5/visual_parameters.yaml
[2.839s] -- Symlinking: /home/skyler/Documents/ece569-fall2026/ece569_Lab2/ws2/install/ur_description/share/ur_description/config/ur5e/default_kinematics.yaml
[2.847s] -- Symlinking: /home/skyler/Documents/ece569-fall2026/ece569_Lab2/ws2/install/ur_description/share/ur_description/config/ur5e/joint_limits.yaml
[2.856s] -- Symlinking: /home/skyler/Documents/ece569-fall2026/ece569_Lab2/ws2/install/ur_description/share/ur_description/config/ur5e/physical_parameters.yaml
[2.864s] -- Symlinking: /home/skyler/Documents/ece569-fall2026/ece569_Lab2/ws2/install/ur_description/share/ur_description/config/ur5e/visual_parameters.yaml
[2.872s] -- Symlinking: /home/skyler/Documents/ece569-fall2026/ece569_Lab2/ws2/install/ur_description/share/ur_description/config/ur7e/default_kinematics.yaml
[2.881s] -- Symlinking: /home/skyler/Documents/ece569-fall2026/ece569_Lab2/ws2/install/ur_description/share/ur_description/config/ur7e/joint_limits.yaml
[2.891s] -- Symlinking: /home/skyler/Documents/ece569-fall2026/ece569_Lab2/ws2/install/ur_description/share/ur_description/config/ur7e/physical_parameters.yaml
[2.900s] -- Symlinking: /home/skyler/Documents/ece569-fall2026/ece569_Lab2/ws2/install/ur_description/share/ur_description/config/ur7e/visual_parameters.yaml
[2.908s] -- Symlinking: /home/skyler/Documents/ece569-fall2026/ece569_Lab2/ws2/install/ur_description/share/ur_description/config/ur8long/default_kinematics.yaml
[2.919s] -- Symlinking: /home/skyler/Documents/ece569-fall2026/ece569_Lab2/ws2/install/ur_description/share/ur_description/config/ur8long/joint_limits.yaml
[2.926s] -- Symlinking: /home/skyler/Documents/ece569-fall2026/ece569_Lab2/ws2/install/ur_description/share/ur_description/config/ur8long/physical_parameters.yaml
[2.936s] -- Symlinking: /home/skyler/Documents/ece569-fall2026/ece569_Lab2/ws2/install/ur_description/share/ur_description/config/ur8long/visual_parameters.yaml
[2.944s] -- Symlinking: /home/skyler/Documents/ece569-fall2026/ece569_Lab2/ws2/install/ur_description/share/ur_description/launch/view_ur.launch.py
[2.953s] -- Symlinking: /home/skyler/Documents/ece569-fall2026/ece569_Lab2/ws2/install/ur_description/share/ur_description/launch/view_ur.launch.xml
[2.964s] -- Symlinking: /home/skyler/Documents/ece569-fall2026/ece569_Lab2/ws2/install/ur_description/share/ur_description/meshes/ur10/collision/base.stl
[2.971s] -- Symlinking: /home/skyler/Documents/ece569-fall2026/ece569_Lab2/ws2/install/ur_description/share/ur_description/meshes/ur10/collision/forearm.stl
[2.980s] -- Symlinking: /home/skyler/Documents/ece569-fall2026/ece569_Lab2/ws2/install/ur_description/share/ur_description/meshes/ur10/collision/shoulder.stl
[2.989s] -- Symlinking: /home/skyler/Documents/ece569-fall2026/ece569_Lab2/ws2/install/ur_description/share/ur_description/meshes/ur10/collision/upperarm.stl
[2.999s] -- Symlinking: /home/skyler/Documents/ece569-fall2026/ece569_Lab2/ws2/install/ur_description/share/ur_description/meshes/ur10/collision/wrist1.stl
[3.007s] -- Symlinking: /home/skyler/Documents/ece569-fall2026/ece569_Lab2/ws2/install/ur_description/share/ur_description/meshes/ur10/collision/wrist2.stl
[3.015s] -- Symlinking: /home/skyler/Documents/ece569-fall2026/ece569_Lab2/ws2/install/ur_description/share/ur_description/meshes/ur10/collision/wrist3.stl
[3.024s] -- Symlinking: /home/skyler/Documents/ece569-fall2026/ece569_Lab2/ws2/install/ur_description/share/ur_description/meshes/ur10/visual/base.dae
[3.033s] -- Symlinking: /home/skyler/Documents/ece569-fall2026/ece569_Lab2/ws2/install/ur_description/share/ur_description/meshes/ur10/visual/forearm.dae
[3.041s] -- Symlinking: /home/skyler/Documents/ece569-fall2026/ece569_Lab2/ws2/install/ur_description/share/ur_description/meshes/ur10/visual/shoulder.dae
[3.049s] -- Symlinking: /home/skyler/Documents/ece569-fall2026/ece569_Lab2/ws2/install/ur_description/share/ur_description/meshes/ur10/visual/upperarm.dae
[3.058s] -- Symlinking: /home/skyler/Documents/ece569-fall2026/ece569_Lab2/ws2/install/ur_description/share/ur_description/meshes/ur10/visual/wrist1.dae
[3.065s] -- Symlinking: /home/skyler/Documents/ece569-fall2026/ece569_Lab2/ws2/install/ur_description/share/ur_description/meshes/ur10/visual/wrist2.dae
[3.073s] -- Symlinking: /home/skyler/Documents/ece569-fall2026/ece569_Lab2/ws2/install/ur_description/share/ur_description/meshes/ur10/visual/wrist3.dae
[3.081s] -- Symlinking: /home/skyler/Documents/ece569-fall2026/ece569_Lab2/ws2/install/ur_description/share/ur_description/meshes/ur10e/collision/base.stl
[3.090s] -- Symlinking: /home/skyler/Documents/ece569-fall2026/ece569_Lab2/ws2/install/ur_description/share/ur_description/meshes/ur10e/collision/forearm.stl
[3.099s] -- Symlinking: /home/skyler/Documents/ece569-fall2026/ece569_Lab2/ws2/install/ur_description/share/ur_description/meshes/ur10e/collision/shoulder.stl
[3.107s] -- Symlinking: /home/skyler/Documents/ece569-fall2026/ece569_Lab2/ws2/install/ur_description/share/ur_description/meshes/ur10e/collision/upperarm.stl
[3.115s] -- Symlinking: /home/skyler/Documents/ece569-fall2026/ece569_Lab2/ws2/install/ur_description/share/ur_description/meshes/ur10e/collision/wrist1.stl
[3.122s] -- Symlinking: /home/skyler/Documents/ece569-fall2026/ece569_Lab2/ws2/install/ur_description/share/ur_description/meshes/ur10e/collision/wrist2.stl
[3.131s] -- Symlinking: /home/skyler/Documents/ece569-fall2026/ece569_Lab2/ws2/install/ur_description/share/ur_description/meshes/ur10e/collision/wrist3.stl
[3.138s] -- Symlinking: /home/skyler/Documents/ece569-fall2026/ece569_Lab2/ws2/install/ur_description/share/ur_description/meshes/ur10e/visual/base.dae
[3.146s] -- Symlinking: /home/skyler/Documents/ece569-fall2026/ece569_Lab2/ws2/install/ur_description/share/ur_description/meshes/ur10e/visual/forearm.dae
[3.153s] -- Symlinking: /home/skyler/Documents/ece569-fall2026/ece569_Lab2/ws2/install/ur_description/share/ur_description/meshes/ur10e/visual/shoulder.dae
[3.161s] -- Symlinking: /home/skyler/Documents/ece569-fall2026/ece569_Lab2/ws2/install/ur_description/share/ur_description/meshes/ur10e/visual/upperarm.dae
[3.169s] -- Symlinking: /home/skyler/Documents/ece569-fall2026/ece569_Lab2/ws2/install/ur_description/share/ur_description/meshes/ur10e/visual/wrist1.dae
[3.176s] -- Symlinking: /home/skyler/Documents/ece569-fall2026/ece569_Lab2/ws2/install/ur_description/share/ur_description/meshes/ur10e/visual/wrist2.dae
[3.185s] -- Symlinking: /home/skyler/Documents/ece569-fall2026/ece569_Lab2/ws2/install/ur_description/share/ur_description/meshes/ur10e/visual/wrist3.dae
[3.193s] -- Symlinking: /home/skyler/Documents/ece569-fall2026/ece569_Lab2/ws2/install/ur_description/share/ur_description/meshes/ur15/LICENSE.txt
[3.201s] -- Symlinking: /home/skyler/Documents/ece569-fall2026/ece569_Lab2/ws2/install/ur_description/share/ur_description/meshes/ur15/collision/base.stl
[3.209s] -- Symlinking: /home/skyler/Documents/ece569-fall2026/ece569_Lab2/ws2/install/ur_description/share/ur_description/meshes/ur15/collision/forearm.stl
[3.216s] -- Symlinking: /home/skyler/Documents/ece569-fall2026/ece569_Lab2/ws2/install/ur_description/share/ur_description/meshes/ur15/collision/shoulder.stl
[3.225s] -- Symlinking: /home/skyler/Documents/ece569-fall2026/ece569_Lab2/ws2/install/ur_description/share/ur_description/meshes/ur15/collision/upperarm.stl
[3.233s] -- Symlinking: /home/skyler/Documents/ece569-fall2026/ece569_Lab2/ws2/install/ur_description/share/ur_description/meshes/ur15/collision/wrist1.stl
[3.241s] -- Symlinking: /home/skyler/Documents/ece569-fall2026/ece569_Lab2/ws2/install/ur_description/share/ur_description/meshes/ur15/collision/wrist2.stl
[3.248s] -- Symlinking: /home/skyler/Documents/ece569-fall2026/ece569_Lab2/ws2/install/ur_description/share/ur_description/meshes/ur15/collision/wrist3.stl
[3.257s] -- Symlinking: /home/skyler/Documents/ece569-fall2026/ece569_Lab2/ws2/install/ur_description/share/ur_description/meshes/ur15/visual/UR15_DIFF_8bit_2K.jpg
[3.265s] -- Symlinking: /home/skyler/Documents/ece569-fall2026/ece569_Lab2/ws2/install/ur_description/share/ur_description/meshes/ur15/visual/base.dae
[3.272s] -- Symlinking: /home/skyler/Documents/ece569-fall2026/ece569_Lab2/ws2/install/ur_description/share/ur_description/meshes/ur15/visual/forearm.dae
[3.280s] -- Symlinking: /home/skyler/Documents/ece569-fall2026/ece569_Lab2/ws2/install/ur_description/share/ur_description/meshes/ur15/visual/shoulder.dae
[3.287s] -- Symlinking: /home/skyler/Documents/ece569-fall2026/ece569_Lab2/ws2/install/ur_description/share/ur_description/meshes/ur15/visual/upperarm.dae
[3.296s] -- Symlinking: /home/skyler/Documents/ece569-fall2026/ece569_Lab2/ws2/install/ur_description/share/ur_description/meshes/ur15/visual/wrist1.dae
[3.304s] -- Symlinking: /home/skyler/Documents/ece569-fall2026/ece569_Lab2/ws2/install/ur_description/share/ur_description/meshes/ur15/visual/wrist2.dae
[3.313s] -- Symlinking: /home/skyler/Documents/ece569-fall2026/ece569_Lab2/ws2/install/ur_description/share/ur_description/meshes/ur15/visual/wrist3.dae
[3.321s] -- Symlinking: /home/skyler/Documents/ece569-fall2026/ece569_Lab2/ws2/install/ur_description/share/ur_description/meshes/ur16e/collision/forearm.stl
[3.329s] -- Symlinking: /home/skyler/Documents/ece569-fall2026/ece569_Lab2/ws2/install/ur_description/share/ur_description/meshes/ur16e/collision/upperarm.stl
[3.337s] -- Symlinking: /home/skyler/Documents/ece569-fall2026/ece569_Lab2/ws2/install/ur_description/share/ur_description/meshes/ur16e/visual/forearm.dae
[3.345s] -- Symlinking: /home/skyler/Documents/ece569-fall2026/ece569_Lab2/ws2/install/ur_description/share/ur_description/meshes/ur16e/visual/upperarm.dae
[3.353s] -- Symlinking: /home/skyler/Documents/ece569-fall2026/ece569_Lab2/ws2/install/ur_description/share/ur_description/meshes/ur18/LICENSE.txt
[3.361s] -- Symlinking: /home/skyler/Documents/ece569-fall2026/ece569_Lab2/ws2/install/ur_description/share/ur_description/meshes/ur18/collision/forearm.stl
[3.368s] -- Symlinking: /home/skyler/Documents/ece569-fall2026/ece569_Lab2/ws2/install/ur_description/share/ur_description/meshes/ur18/collision/upperarm.stl
[3.376s] -- Symlinking: /home/skyler/Documents/ece569-fall2026/ece569_Lab2/ws2/install/ur_description/share/ur_description/meshes/ur18/visual/UR18_DIFF_8bit_2K.jpg
[3.384s] -- Symlinking: /home/skyler/Documents/ece569-fall2026/ece569_Lab2/ws2/install/ur_description/share/ur_description/meshes/ur18/visual/forearm.dae
[3.392s] -- Symlinking: /home/skyler/Documents/ece569-fall2026/ece569_Lab2/ws2/install/ur_description/share/ur_description/meshes/ur18/visual/upperarm.dae
[3.399s] -- Symlinking: /home/skyler/Documents/ece569-fall2026/ece569_Lab2/ws2/install/ur_description/share/ur_description/meshes/ur20/LICENSE.txt
[3.408s] -- Symlinking: /home/skyler/Documents/ece569-fall2026/ece569_Lab2/ws2/install/ur_description/share/ur_description/meshes/ur20/collision/base.stl
[3.415s] -- Symlinking: /home/skyler/Documents/ece569-fall2026/ece569_Lab2/ws2/install/ur_description/share/ur_description/meshes/ur20/collision/forearm.stl
[3.426s] -- Symlinking: /home/skyler/Documents/ece569-fall2026/ece569_Lab2/ws2/install/ur_description/share/ur_description/meshes/ur20/collision/shoulder.stl
[3.435s] -- Symlinking: /home/skyler/Documents/ece569-fall2026/ece569_Lab2/ws2/install/ur_description/share/ur_description/meshes/ur20/collision/upperarm.stl
[3.443s] -- Symlinking: /home/skyler/Documents/ece569-fall2026/ece569_Lab2/ws2/install/ur_description/share/ur_description/meshes/ur20/collision/wrist1.stl
[3.451s] -- Symlinking: /home/skyler/Documents/ece569-fall2026/ece569_Lab2/ws2/install/ur_description/share/ur_description/meshes/ur20/collision/wrist2.stl
[3.460s] -- Symlinking: /home/skyler/Documents/ece569-fall2026/ece569_Lab2/ws2/install/ur_description/share/ur_description/meshes/ur20/collision/wrist3.stl
[3.468s] -- Symlinking: /home/skyler/Documents/ece569-fall2026/ece569_Lab2/ws2/install/ur_description/share/ur_description/meshes/ur20/visual/UR20_DIFF_8bit_2K.png
[3.477s] -- Symlinking: /home/skyler/Documents/ece569-fall2026/ece569_Lab2/ws2/install/ur_description/share/ur_description/meshes/ur20/visual/base.dae
[3.485s] -- Symlinking: /home/skyler/Documents/ece569-fall2026/ece569_Lab2/ws2/install/ur_description/share/ur_description/meshes/ur20/visual/forearm.dae
[3.493s] -- Symlinking: /home/skyler/Documents/ece569-fall2026/ece569_Lab2/ws2/install/ur_description/share/ur_description/meshes/ur20/visual/shoulder.dae
[3.501s] -- Symlinking: /home/skyler/Documents/ece569-fall2026/ece569_Lab2/ws2/install/ur_description/share/ur_description/meshes/ur20/visual/upperarm.dae
[3.509s] -- Symlinking: /home/skyler/Documents/ece569-fall2026/ece569_Lab2/ws2/install/ur_description/share/ur_description/meshes/ur20/visual/wrist1.dae
[3.520s] -- Symlinking: /home/skyler/Documents/ece569-fall2026/ece569_Lab2/ws2/install/ur_description/share/ur_description/meshes/ur20/visual/wrist2.dae
[3.527s] -- Symlinking: /home/skyler/Documents/ece569-fall2026/ece569_Lab2/ws2/install/ur_description/share/ur_description/meshes/ur20/visual/wrist3.dae
[3.535s] -- Symlinking: /home/skyler/Documents/ece569-fall2026/ece569_Lab2/ws2/install/ur_description/share/ur_description/meshes/ur3/collision/base.stl
[3.543s] -- Symlinking: /home/skyler/Documents/ece569-fall2026/ece569_Lab2/ws2/install/ur_description/share/ur_description/meshes/ur3/collision/forearm.stl
[3.550s] -- Symlinking: /home/skyler/Documents/ece569-fall2026/ece569_Lab2/ws2/install/ur_description/share/ur_description/meshes/ur3/collision/shoulder.stl
[3.559s] -- Symlinking: /home/skyler/Documents/ece569-fall2026/ece569_Lab2/ws2/install/ur_description/share/ur_description/meshes/ur3/collision/upperarm.stl
[3.569s] -- Symlinking: /home/skyler/Documents/ece569-fall2026/ece569_Lab2/ws2/install/ur_description/share/ur_description/meshes/ur3/collision/wrist1.stl
[3.578s] -- Symlinking: /home/skyler/Documents/ece569-fall2026/ece569_Lab2/ws2/install/ur_description/share/ur_description/meshes/ur3/collision/wrist2.stl
[3.585s] -- Symlinking: /home/skyler/Documents/ece569-fall2026/ece569_Lab2/ws2/install/ur_description/share/ur_description/meshes/ur3/collision/wrist3.stl
[3.594s] -- Symlinking: /home/skyler/Documents/ece569-fall2026/ece569_Lab2/ws2/install/ur_description/share/ur_description/meshes/ur3/visual/base.dae
[3.602s] -- Symlinking: /home/skyler/Documents/ece569-fall2026/ece569_Lab2/ws2/install/ur_description/share/ur_description/meshes/ur3/visual/forearm.dae
[3.610s] -- Symlinking: /home/skyler/Documents/ece569-fall2026/ece569_Lab2/ws2/install/ur_description/share/ur_description/meshes/ur3/visual/shoulder.dae
[3.618s] -- Symlinking: /home/skyler/Documents/ece569-fall2026/ece569_Lab2/ws2/install/ur_description/share/ur_description/meshes/ur3/visual/upperarm.dae
[3.626s] -- Symlinking: /home/skyler/Documents/ece569-fall2026/ece569_Lab2/ws2/install/ur_description/share/ur_description/meshes/ur3/visual/wrist1.dae
[3.635s] -- Symlinking: /home/skyler/Documents/ece569-fall2026/ece569_Lab2/ws2/install/ur_description/share/ur_description/meshes/ur3/visual/wrist2.dae
[3.642s] -- Symlinking: /home/skyler/Documents/ece569-fall2026/ece569_Lab2/ws2/install/ur_description/share/ur_description/meshes/ur3/visual/wrist3.dae
[3.649s] -- Symlinking: /home/skyler/Documents/ece569-fall2026/ece569_Lab2/ws2/install/ur_description/share/ur_description/meshes/ur30/LICENSE.txt
[3.658s] -- Symlinking: /home/skyler/Documents/ece569-fall2026/ece569_Lab2/ws2/install/ur_description/share/ur_description/meshes/ur30/collision/forearm.stl
[3.665s] -- Symlinking: /home/skyler/Documents/ece569-fall2026/ece569_Lab2/ws2/install/ur_description/share/ur_description/meshes/ur30/collision/upperarm.stl
[3.673s] -- Symlinking: /home/skyler/Documents/ece569-fall2026/ece569_Lab2/ws2/install/ur_description/share/ur_description/meshes/ur30/visual/UR30_DIFF_8bit_2K.png
[3.680s] -- Symlinking: /home/skyler/Documents/ece569-fall2026/ece569_Lab2/ws2/install/ur_description/share/ur_description/meshes/ur30/visual/forearm.dae
[3.688s] -- Symlinking: /home/skyler/Documents/ece569-fall2026/ece569_Lab2/ws2/install/ur_description/share/ur_description/meshes/ur30/visual/upperarm.dae
[3.696s] -- Symlinking: /home/skyler/Documents/ece569-fall2026/ece569_Lab2/ws2/install/ur_description/share/ur_description/meshes/ur3e/collision/base.stl
[3.704s] -- Symlinking: /home/skyler/Documents/ece569-fall2026/ece569_Lab2/ws2/install/ur_description/share/ur_description/meshes/ur3e/collision/forearm.stl
[3.713s] -- Symlinking: /home/skyler/Documents/ece569-fall2026/ece569_Lab2/ws2/install/ur_description/share/ur_description/meshes/ur3e/collision/shoulder.stl
[3.720s] -- Symlinking: /home/skyler/Documents/ece569-fall2026/ece569_Lab2/ws2/install/ur_description/share/ur_description/meshes/ur3e/collision/upperarm.stl
[3.729s] -- Symlinking: /home/skyler/Documents/ece569-fall2026/ece569_Lab2/ws2/install/ur_description/share/ur_description/meshes/ur3e/collision/wrist1.stl
[3.736s] -- Symlinking: /home/skyler/Documents/ece569-fall2026/ece569_Lab2/ws2/install/ur_description/share/ur_description/meshes/ur3e/collision/wrist2.stl
[3.744s] -- Symlinking: /home/skyler/Documents/ece569-fall2026/ece569_Lab2/ws2/install/ur_description/share/ur_description/meshes/ur3e/collision/wrist3.stl
[3.751s] -- Symlinking: /home/skyler/Documents/ece569-fall2026/ece569_Lab2/ws2/install/ur_description/share/ur_description/meshes/ur3e/visual/base.dae
[3.759s] -- Symlinking: /home/skyler/Documents/ece569-fall2026/ece569_Lab2/ws2/install/ur_description/share/ur_description/meshes/ur3e/visual/forearm.dae
[3.766s] -- Symlinking: /home/skyler/Documents/ece569-fall2026/ece569_Lab2/ws2/install/ur_description/share/ur_description/meshes/ur3e/visual/shoulder.dae
[3.774s] -- Symlinking: /home/skyler/Documents/ece569-fall2026/ece569_Lab2/ws2/install/ur_description/share/ur_description/meshes/ur3e/visual/upperarm.dae
[3.781s] -- Symlinking: /home/skyler/Documents/ece569-fall2026/ece569_Lab2/ws2/install/ur_description/share/ur_description/meshes/ur3e/visual/wrist1.dae
[3.788s] -- Symlinking: /home/skyler/Documents/ece569-fall2026/ece569_Lab2/ws2/install/ur_description/share/ur_description/meshes/ur3e/visual/wrist2.dae
[3.797s] -- Symlinking: /home/skyler/Documents/ece569-fall2026/ece569_Lab2/ws2/install/ur_description/share/ur_description/meshes/ur3e/visual/wrist3.dae
[3.805s] -- Symlinking: /home/skyler/Documents/ece569-fall2026/ece569_Lab2/ws2/install/ur_description/share/ur_description/meshes/ur5/collision/base.stl
[3.813s] -- Symlinking: /home/skyler/Documents/ece569-fall2026/ece569_Lab2/ws2/install/ur_description/share/ur_description/meshes/ur5/collision/forearm.stl
[3.820s] -- Symlinking: /home/skyler/Documents/ece569-fall2026/ece569_Lab2/ws2/install/ur_description/share/ur_description/meshes/ur5/collision/shoulder.stl
[3.829s] -- Symlinking: /home/skyler/Documents/ece569-fall2026/ece569_Lab2/ws2/install/ur_description/share/ur_description/meshes/ur5/collision/upperarm.stl
[3.837s] -- Symlinking: /home/skyler/Documents/ece569-fall2026/ece569_Lab2/ws2/install/ur_description/share/ur_description/meshes/ur5/collision/wrist1.stl
[3.845s] -- Symlinking: /home/skyler/Documents/ece569-fall2026/ece569_Lab2/ws2/install/ur_description/share/ur_description/meshes/ur5/collision/wrist2.stl
[3.852s] -- Symlinking: /home/skyler/Documents/ece569-fall2026/ece569_Lab2/ws2/install/ur_description/share/ur_description/meshes/ur5/collision/wrist3.stl
[3.860s] -- Symlinking: /home/skyler/Documents/ece569-fall2026/ece569_Lab2/ws2/install/ur_description/share/ur_description/meshes/ur5/visual/base.dae
[3.868s] -- Symlinking: /home/skyler/Documents/ece569-fall2026/ece569_Lab2/ws2/install/ur_description/share/ur_description/meshes/ur5/visual/forearm.dae
[3.875s] -- Symlinking: /home/skyler/Documents/ece569-fall2026/ece569_Lab2/ws2/install/ur_description/share/ur_description/meshes/ur5/visual/shoulder.dae
[3.883s] -- Symlinking: /home/skyler/Documents/ece569-fall2026/ece569_Lab2/ws2/install/ur_description/share/ur_description/meshes/ur5/visual/upperarm.dae
[3.893s] -- Symlinking: /home/skyler/Documents/ece569-fall2026/ece569_Lab2/ws2/install/ur_description/share/ur_description/meshes/ur5/visual/wrist1.dae
[3.902s] -- Symlinking: /home/skyler/Documents/ece569-fall2026/ece569_Lab2/ws2/install/ur_description/share/ur_description/meshes/ur5/visual/wrist2.dae
[3.909s] -- Symlinking: /home/skyler/Documents/ece569-fall2026/ece569_Lab2/ws2/install/ur_description/share/ur_description/meshes/ur5/visual/wrist3.dae
[3.917s] -- Symlinking: /home/skyler/Documents/ece569-fall2026/ece569_Lab2/ws2/install/ur_description/share/ur_description/meshes/ur5e/collision/base.stl
[3.925s] -- Symlinking: /home/skyler/Documents/ece569-fall2026/ece569_Lab2/ws2/install/ur_description/share/ur_description/meshes/ur5e/collision/forearm.stl
[3.934s] -- Symlinking: /home/skyler/Documents/ece569-fall2026/ece569_Lab2/ws2/install/ur_description/share/ur_description/meshes/ur5e/collision/shoulder.stl
[3.941s] -- Symlinking: /home/skyler/Documents/ece569-fall2026/ece569_Lab2/ws2/install/ur_description/share/ur_description/meshes/ur5e/collision/upperarm.stl
[3.949s] -- Symlinking: /home/skyler/Documents/ece569-fall2026/ece569_Lab2/ws2/install/ur_description/share/ur_description/meshes/ur5e/collision/wrist1.stl
[3.957s] -- Symlinking: /home/skyler/Documents/ece569-fall2026/ece569_Lab2/ws2/install/ur_description/share/ur_description/meshes/ur5e/collision/wrist2.stl
[3.965s] -- Symlinking: /home/skyler/Documents/ece569-fall2026/ece569_Lab2/ws2/install/ur_description/share/ur_description/meshes/ur5e/collision/wrist3.stl
[3.972s] -- Symlinking: /home/skyler/Documents/ece569-fall2026/ece569_Lab2/ws2/install/ur_description/share/ur_description/meshes/ur5e/visual/base.dae
[3.980s] -- Symlinking: /home/skyler/Documents/ece569-fall2026/ece569_Lab2/ws2/install/ur_description/share/ur_description/meshes/ur5e/visual/forearm.dae
[3.988s] -- Symlinking: /home/skyler/Documents/ece569-fall2026/ece569_Lab2/ws2/install/ur_description/share/ur_description/meshes/ur5e/visual/shoulder.dae
[3.996s] -- Symlinking: /home/skyler/Documents/ece569-fall2026/ece569_Lab2/ws2/install/ur_description/share/ur_description/meshes/ur5e/visual/upperarm.dae
[4.004s] -- Symlinking: /home/skyler/Documents/ece569-fall2026/ece569_Lab2/ws2/install/ur_description/share/ur_description/meshes/ur5e/visual/wrist1.dae
[4.012s] -- Symlinking: /home/skyler/Documents/ece569-fall2026/ece569_Lab2/ws2/install/ur_description/share/ur_description/meshes/ur5e/visual/wrist2.dae
[4.020s] -- Symlinking: /home/skyler/Documents/ece569-fall2026/ece569_Lab2/ws2/install/ur_description/share/ur_description/meshes/ur5e/visual/wrist3.dae
[4.028s] -- Symlinking: /home/skyler/Documents/ece569-fall2026/ece569_Lab2/ws2/install/ur_description/share/ur_description/meshes/ur8long/LICENSE.txt
[4.036s] -- Symlinking: /home/skyler/Documents/ece569-fall2026/ece569_Lab2/ws2/install/ur_description/share/ur_description/meshes/ur8long/collision/forearm.stl
[4.045s] -- Symlinking: /home/skyler/Documents/ece569-fall2026/ece569_Lab2/ws2/install/ur_description/share/ur_description/meshes/ur8long/collision/upperarm.stl
[4.052s] -- Symlinking: /home/skyler/Documents/ece569-fall2026/ece569_Lab2/ws2/install/ur_description/share/ur_description/meshes/ur8long/visual/UR8Long_DIFF_8bit_2K.jpg
[4.060s] -- Symlinking: /home/skyler/Documents/ece569-fall2026/ece569_Lab2/ws2/install/ur_description/share/ur_description/meshes/ur8long/visual/forearm.dae
[4.067s] -- Symlinking: /home/skyler/Documents/ece569-fall2026/ece569_Lab2/ws2/install/ur_description/share/ur_description/meshes/ur8long/visual/upperarm.dae
[4.075s] -- Symlinking: /home/skyler/Documents/ece569-fall2026/ece569_Lab2/ws2/install/ur_description/share/ur_description/rviz/view_robot.rviz
[4.082s] -- Symlinking: /home/skyler/Documents/ece569-fall2026/ece569_Lab2/ws2/install/ur_description/share/ur_description/urdf/inc/ur_common.xacro
[4.090s] -- Symlinking: /home/skyler/Documents/ece569-fall2026/ece569_Lab2/ws2/install/ur_description/share/ur_description/urdf/inc/ur_transmissions.xacro
[4.098s] -- Symlinking: /home/skyler/Documents/ece569-fall2026/ece569_Lab2/ws2/install/ur_description/share/ur_description/urdf/ur.ros2_control.xacro
[4.106s] -- Symlinking: /home/skyler/Documents/ece569-fall2026/ece569_Lab2/ws2/install/ur_description/share/ur_description/urdf/ur.urdf.xacro
[4.114s] -- Symlinking: /home/skyler/Documents/ece569-fall2026/ece569_Lab2/ws2/install/ur_description/share/ur_description/urdf/ur_macro.xacro
[4.122s] -- Symlinking: /home/skyler/Documents/ece569-fall2026/ece569_Lab2/ws2/install/ur_description/share/ur_description/test/test_ur_urdf_xacro.py
[4.130s] -- Symlinking: /home/skyler/Documents/ece569-fall2026/ece569_Lab2/ws2/install/ur_description/share/ur_description/test/test_view_ur_launch.py
[4.138s] -- Symlinking: /home/skyler/Documents/ece569-fall2026/ece569_Lab2/ws2/install/ur_description/share/ament_index/resource_index/package_run_dependencies/ur_description
[4.146s] -- Symlinking: /home/skyler/Documents/ece569-fall2026/ece569_Lab2/ws2/install/ur_description/share/ament_index/resource_index/parent_prefix_path/ur_description
[4.153s] -- Symlinking: /home/skyler/Documents/ece569-fall2026/ece569_Lab2/ws2/install/ur_description/share/ur_description/environment/ament_prefix_path.sh
[4.161s] -- Symlinking: /home/skyler/Documents/ece569-fall2026/ece569_Lab2/ws2/install/ur_description/share/ur_description/environment/ament_prefix_path.dsv
[4.169s] -- Symlinking: /home/skyler/Documents/ece569-fall2026/ece569_Lab2/ws2/install/ur_description/share/ur_description/environment/path.sh
[4.177s] -- Symlinking: /home/skyler/Documents/ece569-fall2026/ece569_Lab2/ws2/install/ur_description/share/ur_description/environment/path.dsv
[4.184s] -- Symlinking: /home/skyler/Documents/ece569-fall2026/ece569_Lab2/ws2/install/ur_description/share/ur_description/local_setup.bash
[4.194s] -- Symlinking: /home/skyler/Documents/ece569-fall2026/ece569_Lab2/ws2/install/ur_description/share/ur_description/local_setup.sh
[4.204s] -- Symlinking: /home/skyler/Documents/ece569-fall2026/ece569_Lab2/ws2/install/ur_description/share/ur_description/local_setup.zsh
[4.212s] -- Symlinking: /home/skyler/Documents/ece569-fall2026/ece569_Lab2/ws2/install/ur_description/share/ur_description/local_setup.dsv
[4.219s] -- Symlinking: /home/skyler/Documents/ece569-fall2026/ece569_Lab2/ws2/install/ur_description/share/ur_description/package.dsv
[4.228s] -- Symlinking: /home/skyler/Documents/ece569-fall2026/ece569_Lab2/ws2/install/ur_description/share/ament_index/resource_index/packages/ur_description
[4.237s] -- Symlinking: /home/skyler/Documents/ece569-fall2026/ece569_Lab2/ws2/install/ur_description/share/ur_description/cmake/ur_descriptionConfig.cmake
[4.244s] -- Symlinking: /home/skyler/Documents/ece569-fall2026/ece569_Lab2/ws2/install/ur_description/share/ur_description/cmake/ur_descriptionConfig-version.cmake
[4.252s] -- Symlinking: /home/skyler/Documents/ece569-fall2026/ece569_Lab2/ws2/install/ur_description/share/ur_description/package.xml
[4.262s] Invoked command in '/home/skyler/Documents/ece569-fall2026/ece569_Lab2/ws2/build/ur_description' returned '0': CMAKE_PREFIX_PATH=${CMAKE_PREFIX_PATH}:/home/skyler/Documents/ece569-fall2026/ece569_Lab2/ws2/install/ur3e_on_table:/home/skyler/Documents/ece569-fall2026/ece569_Lab2/ws2/install/table_description:/home/skyler/Documents/ece569-fall2026/ece569_Lab2/ws2/install/rrbot_description:/opt/ros/humble /usr/bin/cmake --install /home/skyler/Documents/ece569-fall2026/ece569_Lab2/ws2/build/ur_description
