[0.117s] DEBUG:colcon:Command line arguments: ['/usr/bin/colcon', 'build', '--symlink-install']
[0.117s] DEBUG:colcon:Parsed command line arguments: Namespace(log_base=None, log_level=None, verb_name='build', build_base='build', install_base='install', merge_install=False, symlink_install=True, test_result_base=None, continue_on_error=False, executor='parallel', parallel_workers=4, event_handlers=None, ignore_user_meta=False, metas=['./colcon.meta'], base_paths=['.'], packages_ignore=None, packages_ignore_regex=None, paths=None, packages_up_to=None, packages_up_to_regex=None, packages_above=None, packages_above_and_dependencies=None, packages_above_depth=None, packages_select_by_dep=None, packages_skip_by_dep=None, packages_skip_up_to=None, packages_select_build_failed=False, packages_skip_build_finished=False, packages_select_test_failures=False, packages_skip_test_passed=False, packages_select=None, packages_skip=None, packages_select_regex=None, packages_skip_regex=None, packages_start=None, packages_end=None, allow_overriding=[], cmake_args=None, cmake_target=None, cmake_target_skip_unavailable=False, cmake_clean_cache=False, cmake_clean_first=False, cmake_force_configure=False, ament_cmake_args=None, catkin_cmake_args=None, catkin_skip_building_tests=False, mixin_files=None, mixin=None, verb_parser=<colcon_mixin.mixin.mixin_argument.MixinArgumentDecorator object at 0x77722b6df430>, verb_extension=<colcon_core.verb.build.BuildVerb object at 0x77722b6dea10>, main=<bound method BuildVerb.main of <colcon_core.verb.build.BuildVerb object at 0x77722b6dea10>>, mixin_verb=('build',))
[0.280s] Level 1:colcon.colcon_core.package_discovery:discover_packages(colcon_meta) check parameters
[0.280s] Level 1:colcon.colcon_core.package_discovery:discover_packages(recursive) check parameters
[0.280s] Level 1:colcon.colcon_core.package_discovery:discover_packages(ignore) check parameters
[0.280s] Level 1:colcon.colcon_core.package_discovery:discover_packages(path) check parameters
[0.280s] Level 1:colcon.colcon_core.package_discovery:discover_packages(colcon_meta) discover
[0.280s] Level 1:colcon.colcon_core.package_discovery:discover_packages(recursive) discover
[0.280s] INFO:colcon.colcon_core.package_discovery:Crawling recursively for packages in '/home/skyler/Documents/ece569-fall2026/ece569_Lab2/ws2'
[0.280s] Level 1:colcon.colcon_core.package_identification:_identify(.) by extensions ['ignore', 'ignore_ament_install']
[0.280s] Level 1:colcon.colcon_core.package_identification:_identify(.) by extension 'ignore'
[0.280s] Level 1:colcon.colcon_core.package_identification:_identify(.) by extension 'ignore_ament_install'
[0.280s] Level 1:colcon.colcon_core.package_identification:_identify(.) by extensions ['colcon_pkg']
[0.280s] Level 1:colcon.colcon_core.package_identification:_identify(.) by extension 'colcon_pkg'
[0.280s] Level 1:colcon.colcon_core.package_identification:_identify(.) by extensions ['colcon_meta']
[0.280s] Level 1:colcon.colcon_core.package_identification:_identify(.) by extension 'colcon_meta'
[0.280s] Level 1:colcon.colcon_core.package_identification:_identify(.) by extensions ['ros']
[0.280s] Level 1:colcon.colcon_core.package_identification:_identify(.) by extension 'ros'
[0.295s] Level 1:colcon.colcon_core.package_identification:_identify(.) by extensions ['cmake', 'python']
[0.295s] Level 1:colcon.colcon_core.package_identification:_identify(.) by extension 'cmake'
[0.295s] Level 1:colcon.colcon_core.package_identification:_identify(.) by extension 'python'
[0.295s] Level 1:colcon.colcon_core.package_identification:_identify(.) by extensions ['python_setup_py']
[0.295s] Level 1:colcon.colcon_core.package_identification:_identify(.) by extension 'python_setup_py'
[0.295s] Level 1:colcon.colcon_core.package_identification:_identify(build) by extensions ['ignore', 'ignore_ament_install']
[0.295s] Level 1:colcon.colcon_core.package_identification:_identify(build) by extension 'ignore'
[0.295s] Level 1:colcon.colcon_core.package_identification:_identify(build) ignored
[0.295s] Level 1:colcon.colcon_core.package_identification:_identify(install) by extensions ['ignore', 'ignore_ament_install']
[0.296s] Level 1:colcon.colcon_core.package_identification:_identify(install) by extension 'ignore'
[0.296s] Level 1:colcon.colcon_core.package_identification:_identify(install) ignored
[0.296s] Level 1:colcon.colcon_core.package_identification:_identify(log) by extensions ['ignore', 'ignore_ament_install']
[0.296s] Level 1:colcon.colcon_core.package_identification:_identify(log) by extension 'ignore'
[0.296s] Level 1:colcon.colcon_core.package_identification:_identify(log) ignored
[0.296s] Level 1:colcon.colcon_core.package_identification:_identify(src) by extensions ['ignore', 'ignore_ament_install']
[0.296s] Level 1:colcon.colcon_core.package_identification:_identify(src) by extension 'ignore'
[0.296s] Level 1:colcon.colcon_core.package_identification:_identify(src) by extension 'ignore_ament_install'
[0.296s] Level 1:colcon.colcon_core.package_identification:_identify(src) by extensions ['colcon_pkg']
[0.296s] Level 1:colcon.colcon_core.package_identification:_identify(src) by extension 'colcon_pkg'
[0.296s] Level 1:colcon.colcon_core.package_identification:_identify(src) by extensions ['colcon_meta']
[0.296s] Level 1:colcon.colcon_core.package_identification:_identify(src) by extension 'colcon_meta'
[0.296s] Level 1:colcon.colcon_core.package_identification:_identify(src) by extensions ['ros']
[0.296s] Level 1:colcon.colcon_core.package_identification:_identify(src) by extension 'ros'
[0.296s] Level 1:colcon.colcon_core.package_identification:_identify(src) by extensions ['cmake', 'python']
[0.297s] Level 1:colcon.colcon_core.package_identification:_identify(src) by extension 'cmake'
[0.297s] Level 1:colcon.colcon_core.package_identification:_identify(src) by extension 'python'
[0.297s] Level 1:colcon.colcon_core.package_identification:_identify(src) by extensions ['python_setup_py']
[0.297s] Level 1:colcon.colcon_core.package_identification:_identify(src) by extension 'python_setup_py'
[0.298s] Level 1:colcon.colcon_core.package_identification:_identify(src/Universal_Robots_ROS2_Description) by extensions ['ignore', 'ignore_ament_install']
[0.298s] Level 1:colcon.colcon_core.package_identification:_identify(src/Universal_Robots_ROS2_Description) by extension 'ignore'
[0.298s] Level 1:colcon.colcon_core.package_identification:_identify(src/Universal_Robots_ROS2_Description) by extension 'ignore_ament_install'
[0.298s] Level 1:colcon.colcon_core.package_identification:_identify(src/Universal_Robots_ROS2_Description) by extensions ['colcon_pkg']
[0.298s] Level 1:colcon.colcon_core.package_identification:_identify(src/Universal_Robots_ROS2_Description) by extension 'colcon_pkg'
[0.298s] Level 1:colcon.colcon_core.package_identification:_identify(src/Universal_Robots_ROS2_Description) by extensions ['colcon_meta']
[0.298s] Level 1:colcon.colcon_core.package_identification:_identify(src/Universal_Robots_ROS2_Description) by extension 'colcon_meta'
[0.298s] Level 1:colcon.colcon_core.package_identification:_identify(src/Universal_Robots_ROS2_Description) by extensions ['ros']
[0.298s] Level 1:colcon.colcon_core.package_identification:_identify(src/Universal_Robots_ROS2_Description) by extension 'ros'
[0.301s] DEBUG:colcon.colcon_core.package_identification:Package 'src/Universal_Robots_ROS2_Description' with type 'ros.ament_cmake' and name 'ur_description'
[0.301s] Level 1:colcon.colcon_core.package_identification:_identify(src/rrbot_description) by extensions ['ignore', 'ignore_ament_install']
[0.302s] Level 1:colcon.colcon_core.package_identification:_identify(src/rrbot_description) by extension 'ignore'
[0.302s] Level 1:colcon.colcon_core.package_identification:_identify(src/rrbot_description) by extension 'ignore_ament_install'
[0.302s] Level 1:colcon.colcon_core.package_identification:_identify(src/rrbot_description) by extensions ['colcon_pkg']
[0.302s] Level 1:colcon.colcon_core.package_identification:_identify(src/rrbot_description) by extension 'colcon_pkg'
[0.302s] Level 1:colcon.colcon_core.package_identification:_identify(src/rrbot_description) by extensions ['colcon_meta']
[0.302s] Level 1:colcon.colcon_core.package_identification:_identify(src/rrbot_description) by extension 'colcon_meta'
[0.302s] Level 1:colcon.colcon_core.package_identification:_identify(src/rrbot_description) by extensions ['ros']
[0.302s] Level 1:colcon.colcon_core.package_identification:_identify(src/rrbot_description) by extension 'ros'
[0.302s] DEBUG:colcon.colcon_core.package_identification:Package 'src/rrbot_description' with type 'ros.ament_python' and name 'rrbot_description'
[0.302s] Level 1:colcon.colcon_core.package_identification:_identify(src/table_description) by extensions ['ignore', 'ignore_ament_install']
[0.302s] Level 1:colcon.colcon_core.package_identification:_identify(src/table_description) by extension 'ignore'
[0.303s] Level 1:colcon.colcon_core.package_identification:_identify(src/table_description) by extension 'ignore_ament_install'
[0.303s] Level 1:colcon.colcon_core.package_identification:_identify(src/table_description) by extensions ['colcon_pkg']
[0.303s] Level 1:colcon.colcon_core.package_identification:_identify(src/table_description) by extension 'colcon_pkg'
[0.303s] Level 1:colcon.colcon_core.package_identification:_identify(src/table_description) by extensions ['colcon_meta']
[0.303s] Level 1:colcon.colcon_core.package_identification:_identify(src/table_description) by extension 'colcon_meta'
[0.303s] Level 1:colcon.colcon_core.package_identification:_identify(src/table_description) by extensions ['ros']
[0.303s] Level 1:colcon.colcon_core.package_identification:_identify(src/table_description) by extension 'ros'
[0.303s] DEBUG:colcon.colcon_core.package_identification:Package 'src/table_description' with type 'ros.ament_python' and name 'table_description'
[0.303s] Level 1:colcon.colcon_core.package_discovery:discover_packages(recursive) using defaults
[0.303s] Level 1:colcon.colcon_core.package_discovery:discover_packages(ignore) discover
[0.303s] Level 1:colcon.colcon_core.package_discovery:discover_packages(ignore) using defaults
[0.303s] Level 1:colcon.colcon_core.package_discovery:discover_packages(path) discover
[0.303s] Level 1:colcon.colcon_core.package_discovery:discover_packages(path) using defaults
[0.335s] Level 1:colcon.colcon_core.package_discovery:discover_packages(prefix_path) check parameters
[0.335s] Level 1:colcon.colcon_core.package_discovery:discover_packages(prefix_path) discover
[0.337s] DEBUG:colcon.colcon_installed_package_information.package_discovery:Found 3 installed packages in /home/skyler/Documents/ece569-fall2026/ece569_Lab2/ws2/install
[0.338s] DEBUG:colcon.colcon_installed_package_information.package_discovery:Found 276 installed packages in /opt/ros/humble
[0.339s] Level 1:colcon.colcon_core.package_discovery:discover_packages(prefix_path) using defaults
[0.372s] Level 5:colcon.colcon_core.verb:set package 'rrbot_description' build argument 'cmake_args' from command line to 'None'
[0.372s] Level 5:colcon.colcon_core.verb:set package 'rrbot_description' build argument 'cmake_target' from command line to 'None'
[0.372s] Level 5:colcon.colcon_core.verb:set package 'rrbot_description' build argument 'cmake_target_skip_unavailable' from command line to 'False'
[0.372s] Level 5:colcon.colcon_core.verb:set package 'rrbot_description' build argument 'cmake_clean_cache' from command line to 'False'
[0.372s] Level 5:colcon.colcon_core.verb:set package 'rrbot_description' build argument 'cmake_clean_first' from command line to 'False'
[0.372s] Level 5:colcon.colcon_core.verb:set package 'rrbot_description' build argument 'cmake_force_configure' from command line to 'False'
[0.372s] Level 5:colcon.colcon_core.verb:set package 'rrbot_description' build argument 'ament_cmake_args' from command line to 'None'
[0.372s] Level 5:colcon.colcon_core.verb:set package 'rrbot_description' build argument 'catkin_cmake_args' from command line to 'None'
[0.372s] Level 5:colcon.colcon_core.verb:set package 'rrbot_description' build argument 'catkin_skip_building_tests' from command line to 'False'
[0.372s] DEBUG:colcon.colcon_core.verb:Building package 'rrbot_description' with the following arguments: {'ament_cmake_args': None, 'build_base': '/home/skyler/Documents/ece569-fall2026/ece569_Lab2/ws2/build/rrbot_description', 'catkin_cmake_args': None, 'catkin_skip_building_tests': False, 'cmake_args': None, 'cmake_clean_cache': False, 'cmake_clean_first': False, 'cmake_force_configure': False, 'cmake_target': None, 'cmake_target_skip_unavailable': False, 'install_base': '/home/skyler/Documents/ece569-fall2026/ece569_Lab2/ws2/install/rrbot_description', 'merge_install': False, 'path': '/home/skyler/Documents/ece569-fall2026/ece569_Lab2/ws2/src/rrbot_description', 'symlink_install': True, 'test_result_base': None}
[0.373s] Level 5:colcon.colcon_core.verb:set package 'table_description' build argument 'cmake_args' from command line to 'None'
[0.373s] Level 5:colcon.colcon_core.verb:set package 'table_description' build argument 'cmake_target' from command line to 'None'
[0.373s] Level 5:colcon.colcon_core.verb:set package 'table_description' build argument 'cmake_target_skip_unavailable' from command line to 'False'
[0.373s] Level 5:colcon.colcon_core.verb:set package 'table_description' build argument 'cmake_clean_cache' from command line to 'False'
[0.373s] Level 5:colcon.colcon_core.verb:set package 'table_description' build argument 'cmake_clean_first' from command line to 'False'
[0.373s] Level 5:colcon.colcon_core.verb:set package 'table_description' build argument 'cmake_force_configure' from command line to 'False'
[0.373s] Level 5:colcon.colcon_core.verb:set package 'table_description' build argument 'ament_cmake_args' from command line to 'None'
[0.373s] Level 5:colcon.colcon_core.verb:set package 'table_description' build argument 'catkin_cmake_args' from command line to 'None'
[0.373s] Level 5:colcon.colcon_core.verb:set package 'table_description' build argument 'catkin_skip_building_tests' from command line to 'False'
[0.373s] DEBUG:colcon.colcon_core.verb:Building package 'table_description' with the following arguments: {'ament_cmake_args': None, 'build_base': '/home/skyler/Documents/ece569-fall2026/ece569_Lab2/ws2/build/table_description', 'catkin_cmake_args': None, 'catkin_skip_building_tests': False, 'cmake_args': None, 'cmake_clean_cache': False, 'cmake_clean_first': False, 'cmake_force_configure': False, 'cmake_target': None, 'cmake_target_skip_unavailable': False, 'install_base': '/home/skyler/Documents/ece569-fall2026/ece569_Lab2/ws2/install/table_description', 'merge_install': False, 'path': '/home/skyler/Documents/ece569-fall2026/ece569_Lab2/ws2/src/table_description', 'symlink_install': True, 'test_result_base': None}
[0.373s] Level 5:colcon.colcon_core.verb:set package 'ur_description' build argument 'cmake_args' from command line to 'None'
[0.373s] Level 5:colcon.colcon_core.verb:set package 'ur_description' build argument 'cmake_target' from command line to 'None'
[0.373s] Level 5:colcon.colcon_core.verb:set package 'ur_description' build argument 'cmake_target_skip_unavailable' from command line to 'False'
[0.373s] Level 5:colcon.colcon_core.verb:set package 'ur_description' build argument 'cmake_clean_cache' from command line to 'False'
[0.373s] Level 5:colcon.colcon_core.verb:set package 'ur_description' build argument 'cmake_clean_first' from command line to 'False'
[0.373s] Level 5:colcon.colcon_core.verb:set package 'ur_description' build argument 'cmake_force_configure' from command line to 'False'
[0.373s] Level 5:colcon.colcon_core.verb:set package 'ur_description' build argument 'ament_cmake_args' from command line to 'None'
[0.373s] Level 5:colcon.colcon_core.verb:set package 'ur_description' build argument 'catkin_cmake_args' from command line to 'None'
[0.373s] Level 5:colcon.colcon_core.verb:set package 'ur_description' build argument 'catkin_skip_building_tests' from command line to 'False'
[0.373s] DEBUG:colcon.colcon_core.verb:Building package 'ur_description' with the following arguments: {'ament_cmake_args': None, 'build_base': '/home/skyler/Documents/ece569-fall2026/ece569_Lab2/ws2/build/ur_description', 'catkin_cmake_args': None, 'catkin_skip_building_tests': False, 'cmake_args': None, 'cmake_clean_cache': False, 'cmake_clean_first': False, 'cmake_force_configure': False, 'cmake_target': None, 'cmake_target_skip_unavailable': False, 'install_base': '/home/skyler/Documents/ece569-fall2026/ece569_Lab2/ws2/install/ur_description', 'merge_install': False, 'path': '/home/skyler/Documents/ece569-fall2026/ece569_Lab2/ws2/src/Universal_Robots_ROS2_Description', 'symlink_install': True, 'test_result_base': None}
[0.373s] INFO:colcon.colcon_core.executor:Executing jobs using 'parallel' executor
[0.374s] DEBUG:colcon.colcon_parallel_executor.executor.parallel:run_until_complete
[0.375s] INFO:colcon.colcon_ros.task.ament_python.build:Building ROS package in '/home/skyler/Documents/ece569-fall2026/ece569_Lab2/ws2/src/rrbot_description' with build type 'ament_python'
[0.375s] Level 1:colcon.colcon_core.shell:create_environment_hook('rrbot_description', 'ament_prefix_path')
[0.377s] INFO:colcon.colcon_core.plugin_system:Skipping extension 'colcon_core.shell.bat': Not used on non-Windows systems
[0.377s] INFO:colcon.colcon_core.shell:Creating environment hook '/home/skyler/Documents/ece569-fall2026/ece569_Lab2/ws2/install/rrbot_description/share/rrbot_description/hook/ament_prefix_path.ps1'
[0.377s] INFO:colcon.colcon_core.shell:Creating environment descriptor '/home/skyler/Documents/ece569-fall2026/ece569_Lab2/ws2/install/rrbot_description/share/rrbot_description/hook/ament_prefix_path.dsv'
[0.378s] INFO:colcon.colcon_core.shell:Creating environment hook '/home/skyler/Documents/ece569-fall2026/ece569_Lab2/ws2/install/rrbot_description/share/rrbot_description/hook/ament_prefix_path.sh'
[0.379s] INFO:colcon.colcon_core.shell:Skip shell extension 'powershell' for command environment: Not usable outside of PowerShell
[0.379s] DEBUG:colcon.colcon_core.shell:Skip shell extension 'dsv' for command environment
[0.382s] INFO:colcon.colcon_ros.task.ament_python.build:Building ROS package in '/home/skyler/Documents/ece569-fall2026/ece569_Lab2/ws2/src/table_description' with build type 'ament_python'
[0.383s] Level 1:colcon.colcon_core.shell:create_environment_hook('table_description', 'ament_prefix_path')
[0.383s] INFO:colcon.colcon_core.shell:Creating environment hook '/home/skyler/Documents/ece569-fall2026/ece569_Lab2/ws2/install/table_description/share/table_description/hook/ament_prefix_path.ps1'
[0.383s] INFO:colcon.colcon_core.shell:Creating environment descriptor '/home/skyler/Documents/ece569-fall2026/ece569_Lab2/ws2/install/table_description/share/table_description/hook/ament_prefix_path.dsv'
[0.385s] INFO:colcon.colcon_core.shell:Creating environment hook '/home/skyler/Documents/ece569-fall2026/ece569_Lab2/ws2/install/table_description/share/table_description/hook/ament_prefix_path.sh'
[0.385s] INFO:colcon.colcon_core.shell:Skip shell extension 'powershell' for command environment: Not usable outside of PowerShell
[0.385s] DEBUG:colcon.colcon_core.shell:Skip shell extension 'dsv' for command environment
[0.390s] INFO:colcon.colcon_ros.task.ament_cmake.build:Building ROS package in '/home/skyler/Documents/ece569-fall2026/ece569_Lab2/ws2/src/Universal_Robots_ROS2_Description' with build type 'ament_cmake'
[0.391s] INFO:colcon.colcon_cmake.task.cmake.build:Building CMake package in '/home/skyler/Documents/ece569-fall2026/ece569_Lab2/ws2/src/Universal_Robots_ROS2_Description'
[0.391s] INFO:colcon.colcon_core.shell:Skip shell extension 'powershell' for command environment: Not usable outside of PowerShell
[0.391s] DEBUG:colcon.colcon_core.shell:Skip shell extension 'dsv' for command environment
[0.633s] INFO:colcon.colcon_core.task.python.build:Building Python package in '/home/skyler/Documents/ece569-fall2026/ece569_Lab2/ws2/src/rrbot_description'
[0.633s] INFO:colcon.colcon_core.shell:Skip shell extension 'powershell' for command environment: Not usable outside of PowerShell
[0.633s] DEBUG:colcon.colcon_core.shell:Skip shell extension 'dsv' for command environment
[0.855s] INFO:colcon.colcon_core.task.python.build:Building Python package in '/home/skyler/Documents/ece569-fall2026/ece569_Lab2/ws2/src/table_description'
[0.855s] INFO:colcon.colcon_core.shell:Skip shell extension 'powershell' for command environment: Not usable outside of PowerShell
[0.855s] DEBUG:colcon.colcon_core.shell:Skip shell extension 'dsv' for command environment
[0.861s] DEBUG:colcon.colcon_core.event_handler.log_command:Invoking command in '/home/skyler/Documents/ece569-fall2026/ece569_Lab2/ws2/build/ur_description': CMAKE_PREFIX_PATH=/home/skyler/Documents/ece569-fall2026/ece569_Lab2/ws2/install/table_description:/home/skyler/Documents/ece569-fall2026/ece569_Lab2/ws2/install/rrbot_description:/opt/ros/humble /usr/bin/cmake /home/skyler/Documents/ece569-fall2026/ece569_Lab2/ws2/src/Universal_Robots_ROS2_Description -DAMENT_CMAKE_SYMLINK_INSTALL=1 -DCMAKE_INSTALL_PREFIX=/home/skyler/Documents/ece569-fall2026/ece569_Lab2/ws2/install/ur_description
[1.180s] DEBUG:colcon.colcon_core.task.python.build:Available setuptools commands: check, rotate, install_egg_info, clean, bdist_rpm, egg_info, upload, build_scripts, alias, nosetests, upload_docs, build_py, bdist_egg, saveopts, install_scripts, install_data, register, bdist_dumb, install, symlink_data, easy_install, build_clib, install_lib, test, dist_info, build_ext, develop, setopt, bdist, bdist_wheel, install_headers, sdist, build
[1.202s] DEBUG:colcon.colcon_core.task.python.build:Available setuptools commands: check, rotate, install_egg_info, clean, bdist_rpm, egg_info, upload, build_scripts, alias, nosetests, upload_docs, build_py, bdist_egg, saveopts, install_scripts, install_data, register, bdist_dumb, install, symlink_data, easy_install, build_clib, install_lib, test, dist_info, build_ext, develop, setopt, bdist, bdist_wheel, install_headers, sdist, build
[1.454s] DEBUG:colcon.colcon_core.task.python.build:Available setuptools 'develop' options: --editable, --install-layout, --always-copy, --multi-version, --verbose, --no-user-cfg, --egg-path, --upgrade, --prefix, --allow-hosts, --optimize, --help, --script-dir, --index-url, --no-find-links, --force-installation-into-system-dir, --version, --install-dir, --no-deps, --quiet, --user, --dry-run, --local-snapshots-ok, --zip-ok, --site-dirs, --build-directory, --always-unzip, --uninstall, --exclude-scripts, --record, --find-links
[1.456s] DEBUG:colcon.colcon_core.event_handler.log_command:Invoking command in '/home/skyler/Documents/ece569-fall2026/ece569_Lab2/ws2/build/rrbot_description': PYTHONPATH=/home/skyler/Documents/ece569-fall2026/ece569_Lab2/ws2/build/rrbot_description/prefix_override:/usr/lib/python3/dist-packages/colcon_core/task/python/colcon_distutils_commands:/home/skyler/Documents/ece569-fall2026/ece569_Lab2/ws2/install/rrbot_description/lib/python3.10/site-packages:${PYTHONPATH} /usr/bin/python3 -W ignore:setup.py install is deprecated -W ignore:easy_install command is deprecated setup.py develop --editable --build-directory /home/skyler/Documents/ece569-fall2026/ece569_Lab2/ws2/build/rrbot_description/build --no-deps symlink_data
[1.467s] DEBUG:colcon.colcon_core.task.python.build:Available setuptools 'develop' options: --editable, --install-layout, --always-copy, --multi-version, --verbose, --no-user-cfg, --egg-path, --upgrade, --prefix, --allow-hosts, --optimize, --help, --script-dir, --index-url, --no-find-links, --force-installation-into-system-dir, --version, --install-dir, --no-deps, --quiet, --user, --dry-run, --local-snapshots-ok, --zip-ok, --site-dirs, --build-directory, --always-unzip, --uninstall, --exclude-scripts, --record, --find-links
[1.470s] DEBUG:colcon.colcon_core.event_handler.log_command:Invoking command in '/home/skyler/Documents/ece569-fall2026/ece569_Lab2/ws2/build/table_description': PYTHONPATH=/home/skyler/Documents/ece569-fall2026/ece569_Lab2/ws2/build/table_description/prefix_override:/usr/lib/python3/dist-packages/colcon_core/task/python/colcon_distutils_commands:/home/skyler/Documents/ece569-fall2026/ece569_Lab2/ws2/install/table_description/lib/python3.10/site-packages:${PYTHONPATH} /usr/bin/python3 -W ignore:setup.py install is deprecated -W ignore:easy_install command is deprecated setup.py develop --editable --build-directory /home/skyler/Documents/ece569-fall2026/ece569_Lab2/ws2/build/table_description/build --no-deps symlink_data
[1.896s] Level 1:colcon.colcon_core.shell:create_environment_hook('rrbot_description', 'pythonpath_develop')
[1.896s] INFO:colcon.colcon_core.shell:Creating environment hook '/home/skyler/Documents/ece569-fall2026/ece569_Lab2/ws2/build/rrbot_description/share/rrbot_description/hook/pythonpath_develop.ps1'
[1.896s] DEBUG:colcon.colcon_core.event_handler.log_command:Invoked command in '/home/skyler/Documents/ece569-fall2026/ece569_Lab2/ws2/build/rrbot_description' returned '0': PYTHONPATH=/home/skyler/Documents/ece569-fall2026/ece569_Lab2/ws2/build/rrbot_description/prefix_override:/usr/lib/python3/dist-packages/colcon_core/task/python/colcon_distutils_commands:/home/skyler/Documents/ece569-fall2026/ece569_Lab2/ws2/install/rrbot_description/lib/python3.10/site-packages:${PYTHONPATH} /usr/bin/python3 -W ignore:setup.py install is deprecated -W ignore:easy_install command is deprecated setup.py develop --editable --build-directory /home/skyler/Documents/ece569-fall2026/ece569_Lab2/ws2/build/rrbot_description/build --no-deps symlink_data
[1.897s] INFO:colcon.colcon_core.shell:Creating environment descriptor '/home/skyler/Documents/ece569-fall2026/ece569_Lab2/ws2/build/rrbot_description/share/rrbot_description/hook/pythonpath_develop.dsv'
[1.897s] INFO:colcon.colcon_core.shell:Creating environment hook '/home/skyler/Documents/ece569-fall2026/ece569_Lab2/ws2/build/rrbot_description/share/rrbot_description/hook/pythonpath_develop.sh'
[1.899s] Level 1:colcon.colcon_core.environment:checking '/home/skyler/Documents/ece569-fall2026/ece569_Lab2/ws2/install/rrbot_description' for CMake module files
[1.900s] Level 1:colcon.colcon_core.environment:checking '/home/skyler/Documents/ece569-fall2026/ece569_Lab2/ws2/install/rrbot_description' for CMake config files
[1.900s] Level 1:colcon.colcon_core.environment:checking '/home/skyler/Documents/ece569-fall2026/ece569_Lab2/ws2/install/rrbot_description/lib'
[1.900s] Level 1:colcon.colcon_core.environment:checking '/home/skyler/Documents/ece569-fall2026/ece569_Lab2/ws2/install/rrbot_description/bin'
[1.900s] Level 1:colcon.colcon_core.environment:checking '/home/skyler/Documents/ece569-fall2026/ece569_Lab2/ws2/install/rrbot_description/lib/pkgconfig/rrbot_description.pc'
[1.901s] Level 1:colcon.colcon_core.environment:checking '/home/skyler/Documents/ece569-fall2026/ece569_Lab2/ws2/install/rrbot_description/lib/python3.10/site-packages'
[1.901s] Level 1:colcon.colcon_core.shell:create_environment_hook('rrbot_description', 'pythonpath')
[1.901s] INFO:colcon.colcon_core.shell:Creating environment hook '/home/skyler/Documents/ece569-fall2026/ece569_Lab2/ws2/install/rrbot_description/share/rrbot_description/hook/pythonpath.ps1'
[1.901s] INFO:colcon.colcon_core.shell:Creating environment descriptor '/home/skyler/Documents/ece569-fall2026/ece569_Lab2/ws2/install/rrbot_description/share/rrbot_description/hook/pythonpath.dsv'
[1.901s] INFO:colcon.colcon_core.shell:Creating environment hook '/home/skyler/Documents/ece569-fall2026/ece569_Lab2/ws2/install/rrbot_description/share/rrbot_description/hook/pythonpath.sh'
[1.902s] Level 1:colcon.colcon_core.environment:checking '/home/skyler/Documents/ece569-fall2026/ece569_Lab2/ws2/install/rrbot_description/bin'
[1.902s] Level 1:colcon.colcon_core.environment:create_environment_scripts_only(rrbot_description)
[1.902s] INFO:colcon.colcon_core.shell:Creating package script '/home/skyler/Documents/ece569-fall2026/ece569_Lab2/ws2/install/rrbot_description/share/rrbot_description/package.ps1'
[1.903s] INFO:colcon.colcon_core.shell:Creating package descriptor '/home/skyler/Documents/ece569-fall2026/ece569_Lab2/ws2/install/rrbot_description/share/rrbot_description/package.dsv'
[1.904s] INFO:colcon.colcon_core.shell:Creating package script '/home/skyler/Documents/ece569-fall2026/ece569_Lab2/ws2/install/rrbot_description/share/rrbot_description/package.sh'
[1.905s] INFO:colcon.colcon_core.shell:Creating package script '/home/skyler/Documents/ece569-fall2026/ece569_Lab2/ws2/install/rrbot_description/share/rrbot_description/package.bash'
[1.905s] INFO:colcon.colcon_core.shell:Creating package script '/home/skyler/Documents/ece569-fall2026/ece569_Lab2/ws2/install/rrbot_description/share/rrbot_description/package.zsh'
[1.906s] Level 1:colcon.colcon_core.environment:create_file_with_runtime_dependencies(/home/skyler/Documents/ece569-fall2026/ece569_Lab2/ws2/install/rrbot_description/share/colcon-core/packages/rrbot_description)
[1.907s] Level 1:colcon.colcon_core.shell:create_environment_hook('table_description', 'pythonpath_develop')
[1.907s] INFO:colcon.colcon_core.shell:Creating environment hook '/home/skyler/Documents/ece569-fall2026/ece569_Lab2/ws2/build/table_description/share/table_description/hook/pythonpath_develop.ps1'
[1.908s] INFO:colcon.colcon_core.shell:Creating environment descriptor '/home/skyler/Documents/ece569-fall2026/ece569_Lab2/ws2/build/table_description/share/table_description/hook/pythonpath_develop.dsv'
[1.908s] INFO:colcon.colcon_core.shell:Creating environment hook '/home/skyler/Documents/ece569-fall2026/ece569_Lab2/ws2/build/table_description/share/table_description/hook/pythonpath_develop.sh'
[1.909s] Level 1:colcon.colcon_core.environment:checking '/home/skyler/Documents/ece569-fall2026/ece569_Lab2/ws2/install/table_description' for CMake module files
[1.909s] Level 1:colcon.colcon_core.environment:checking '/home/skyler/Documents/ece569-fall2026/ece569_Lab2/ws2/install/table_description' for CMake config files
[1.910s] DEBUG:colcon.colcon_core.event_handler.log_command:Invoked command in '/home/skyler/Documents/ece569-fall2026/ece569_Lab2/ws2/build/table_description' returned '0': PYTHONPATH=/home/skyler/Documents/ece569-fall2026/ece569_Lab2/ws2/build/table_description/prefix_override:/usr/lib/python3/dist-packages/colcon_core/task/python/colcon_distutils_commands:/home/skyler/Documents/ece569-fall2026/ece569_Lab2/ws2/install/table_description/lib/python3.10/site-packages:${PYTHONPATH} /usr/bin/python3 -W ignore:setup.py install is deprecated -W ignore:easy_install command is deprecated setup.py develop --editable --build-directory /home/skyler/Documents/ece569-fall2026/ece569_Lab2/ws2/build/table_description/build --no-deps symlink_data
[1.910s] Level 1:colcon.colcon_core.environment:checking '/home/skyler/Documents/ece569-fall2026/ece569_Lab2/ws2/install/table_description/lib'
[1.910s] Level 1:colcon.colcon_core.environment:checking '/home/skyler/Documents/ece569-fall2026/ece569_Lab2/ws2/install/table_description/bin'
[1.910s] Level 1:colcon.colcon_core.environment:checking '/home/skyler/Documents/ece569-fall2026/ece569_Lab2/ws2/install/table_description/lib/pkgconfig/table_description.pc'
[1.910s] Level 1:colcon.colcon_core.environment:checking '/home/skyler/Documents/ece569-fall2026/ece569_Lab2/ws2/install/table_description/lib/python3.10/site-packages'
[1.910s] Level 1:colcon.colcon_core.shell:create_environment_hook('table_description', 'pythonpath')
[1.911s] INFO:colcon.colcon_core.shell:Creating environment hook '/home/skyler/Documents/ece569-fall2026/ece569_Lab2/ws2/install/table_description/share/table_description/hook/pythonpath.ps1'
[1.911s] INFO:colcon.colcon_core.shell:Creating environment descriptor '/home/skyler/Documents/ece569-fall2026/ece569_Lab2/ws2/install/table_description/share/table_description/hook/pythonpath.dsv'
[1.911s] INFO:colcon.colcon_core.shell:Creating environment hook '/home/skyler/Documents/ece569-fall2026/ece569_Lab2/ws2/install/table_description/share/table_description/hook/pythonpath.sh'
[1.912s] Level 1:colcon.colcon_core.environment:checking '/home/skyler/Documents/ece569-fall2026/ece569_Lab2/ws2/install/table_description/bin'
[1.912s] Level 1:colcon.colcon_core.environment:create_environment_scripts_only(table_description)
[1.912s] INFO:colcon.colcon_core.shell:Creating package script '/home/skyler/Documents/ece569-fall2026/ece569_Lab2/ws2/install/table_description/share/table_description/package.ps1'
[1.913s] INFO:colcon.colcon_core.shell:Creating package descriptor '/home/skyler/Documents/ece569-fall2026/ece569_Lab2/ws2/install/table_description/share/table_description/package.dsv'
[1.914s] INFO:colcon.colcon_core.shell:Creating package script '/home/skyler/Documents/ece569-fall2026/ece569_Lab2/ws2/install/table_description/share/table_description/package.sh'
[1.914s] INFO:colcon.colcon_core.shell:Creating package script '/home/skyler/Documents/ece569-fall2026/ece569_Lab2/ws2/install/table_description/share/table_description/package.bash'
[1.914s] INFO:colcon.colcon_core.shell:Creating package script '/home/skyler/Documents/ece569-fall2026/ece569_Lab2/ws2/install/table_description/share/table_description/package.zsh'
[1.915s] Level 1:colcon.colcon_core.environment:create_file_with_runtime_dependencies(/home/skyler/Documents/ece569-fall2026/ece569_Lab2/ws2/install/table_description/share/colcon-core/packages/table_description)
[2.652s] DEBUG:colcon.colcon_core.event_handler.log_command:Invoked command in '/home/skyler/Documents/ece569-fall2026/ece569_Lab2/ws2/build/ur_description' returned '0': CMAKE_PREFIX_PATH=/home/skyler/Documents/ece569-fall2026/ece569_Lab2/ws2/install/table_description:/home/skyler/Documents/ece569-fall2026/ece569_Lab2/ws2/install/rrbot_description:/opt/ros/humble /usr/bin/cmake /home/skyler/Documents/ece569-fall2026/ece569_Lab2/ws2/src/Universal_Robots_ROS2_Description -DAMENT_CMAKE_SYMLINK_INSTALL=1 -DCMAKE_INSTALL_PREFIX=/home/skyler/Documents/ece569-fall2026/ece569_Lab2/ws2/install/ur_description
[2.654s] DEBUG:colcon.colcon_core.event_handler.log_command:Invoking command in '/home/skyler/Documents/ece569-fall2026/ece569_Lab2/ws2/build/ur_description': CMAKE_PREFIX_PATH=/home/skyler/Documents/ece569-fall2026/ece569_Lab2/ws2/install/table_description:/home/skyler/Documents/ece569-fall2026/ece569_Lab2/ws2/install/rrbot_description:/opt/ros/humble /usr/bin/cmake --build /home/skyler/Documents/ece569-fall2026/ece569_Lab2/ws2/build/ur_description -- -j4 -l4
[2.686s] DEBUG:colcon.colcon_core.event_handler.log_command:Invoked command in '/home/skyler/Documents/ece569-fall2026/ece569_Lab2/ws2/build/ur_description' returned '0': CMAKE_PREFIX_PATH=/home/skyler/Documents/ece569-fall2026/ece569_Lab2/ws2/install/table_description:/home/skyler/Documents/ece569-fall2026/ece569_Lab2/ws2/install/rrbot_description:/opt/ros/humble /usr/bin/cmake --build /home/skyler/Documents/ece569-fall2026/ece569_Lab2/ws2/build/ur_description -- -j4 -l4
[2.696s] DEBUG:colcon.colcon_core.event_handler.log_command:Invoking command in '/home/skyler/Documents/ece569-fall2026/ece569_Lab2/ws2/build/ur_description': CMAKE_PREFIX_PATH=/home/skyler/Documents/ece569-fall2026/ece569_Lab2/ws2/install/table_description:/home/skyler/Documents/ece569-fall2026/ece569_Lab2/ws2/install/rrbot_description:/opt/ros/humble /usr/bin/cmake --install /home/skyler/Documents/ece569-fall2026/ece569_Lab2/ws2/build/ur_description
[4.439s] Level 1:colcon.colcon_core.environment:create_environment_scripts_only(ur_description)
[4.440s] Level 1:colcon.colcon_core.environment:checking '/home/skyler/Documents/ece569-fall2026/ece569_Lab2/ws2/install/ur_description' for CMake module files
[4.440s] Level 1:colcon.colcon_core.environment:checking '/home/skyler/Documents/ece569-fall2026/ece569_Lab2/ws2/install/ur_description' for CMake config files
[4.440s] DEBUG:colcon.colcon_core.event_handler.log_command:Invoked command in '/home/skyler/Documents/ece569-fall2026/ece569_Lab2/ws2/build/ur_description' returned '0': CMAKE_PREFIX_PATH=/home/skyler/Documents/ece569-fall2026/ece569_Lab2/ws2/install/table_description:/home/skyler/Documents/ece569-fall2026/ece569_Lab2/ws2/install/rrbot_description:/opt/ros/humble /usr/bin/cmake --install /home/skyler/Documents/ece569-fall2026/ece569_Lab2/ws2/build/ur_description
[4.441s] Level 1:colcon.colcon_core.shell:create_environment_hook('ur_description', 'cmake_prefix_path')
[4.441s] INFO:colcon.colcon_core.shell:Creating environment hook '/home/skyler/Documents/ece569-fall2026/ece569_Lab2/ws2/install/ur_description/share/ur_description/hook/cmake_prefix_path.ps1'
[4.441s] INFO:colcon.colcon_core.shell:Creating environment descriptor '/home/skyler/Documents/ece569-fall2026/ece569_Lab2/ws2/install/ur_description/share/ur_description/hook/cmake_prefix_path.dsv'
[4.442s] INFO:colcon.colcon_core.shell:Creating environment hook '/home/skyler/Documents/ece569-fall2026/ece569_Lab2/ws2/install/ur_description/share/ur_description/hook/cmake_prefix_path.sh'
[4.442s] Level 1:colcon.colcon_core.environment:checking '/home/skyler/Documents/ece569-fall2026/ece569_Lab2/ws2/install/ur_description/bin'
[4.442s] Level 1:colcon.colcon_core.environment:checking '/home/skyler/Documents/ece569-fall2026/ece569_Lab2/ws2/install/ur_description/lib/pkgconfig/ur_description.pc'
[4.442s] Level 1:colcon.colcon_core.environment:checking '/home/skyler/Documents/ece569-fall2026/ece569_Lab2/ws2/install/ur_description/lib/python3.10/site-packages'
[4.443s] Level 1:colcon.colcon_core.environment:checking '/home/skyler/Documents/ece569-fall2026/ece569_Lab2/ws2/install/ur_description/bin'
[4.443s] INFO:colcon.colcon_core.shell:Creating package script '/home/skyler/Documents/ece569-fall2026/ece569_Lab2/ws2/install/ur_description/share/ur_description/package.ps1'
[4.443s] INFO:colcon.colcon_core.shell:Creating package descriptor '/home/skyler/Documents/ece569-fall2026/ece569_Lab2/ws2/install/ur_description/share/ur_description/package.dsv'
[4.444s] INFO:colcon.colcon_core.shell:Creating package script '/home/skyler/Documents/ece569-fall2026/ece569_Lab2/ws2/install/ur_description/share/ur_description/package.sh'
[4.444s] INFO:colcon.colcon_core.shell:Creating package script '/home/skyler/Documents/ece569-fall2026/ece569_Lab2/ws2/install/ur_description/share/ur_description/package.bash'
[4.444s] INFO:colcon.colcon_core.shell:Creating package script '/home/skyler/Documents/ece569-fall2026/ece569_Lab2/ws2/install/ur_description/share/ur_description/package.zsh'
[4.445s] Level 1:colcon.colcon_core.environment:create_file_with_runtime_dependencies(/home/skyler/Documents/ece569-fall2026/ece569_Lab2/ws2/install/ur_description/share/colcon-core/packages/ur_description)
[4.445s] Level 1:colcon.colcon_core.environment:create_environment_scripts_only(ur_description)
[4.445s] Level 1:colcon.colcon_core.environment:checking '/home/skyler/Documents/ece569-fall2026/ece569_Lab2/ws2/install/ur_description' for CMake module files
[4.446s] Level 1:colcon.colcon_core.environment:checking '/home/skyler/Documents/ece569-fall2026/ece569_Lab2/ws2/install/ur_description' for CMake config files
[4.446s] Level 1:colcon.colcon_core.shell:create_environment_hook('ur_description', 'cmake_prefix_path')
[4.446s] INFO:colcon.colcon_core.shell:Creating environment hook '/home/skyler/Documents/ece569-fall2026/ece569_Lab2/ws2/install/ur_description/share/ur_description/hook/cmake_prefix_path.ps1'
[4.447s] INFO:colcon.colcon_core.shell:Creating environment descriptor '/home/skyler/Documents/ece569-fall2026/ece569_Lab2/ws2/install/ur_description/share/ur_description/hook/cmake_prefix_path.dsv'
[4.447s] INFO:colcon.colcon_core.shell:Creating environment hook '/home/skyler/Documents/ece569-fall2026/ece569_Lab2/ws2/install/ur_description/share/ur_description/hook/cmake_prefix_path.sh'
[4.447s] Level 1:colcon.colcon_core.environment:checking '/home/skyler/Documents/ece569-fall2026/ece569_Lab2/ws2/install/ur_description/bin'
[4.447s] Level 1:colcon.colcon_core.environment:checking '/home/skyler/Documents/ece569-fall2026/ece569_Lab2/ws2/install/ur_description/lib/pkgconfig/ur_description.pc'
[4.448s] Level 1:colcon.colcon_core.environment:checking '/home/skyler/Documents/ece569-fall2026/ece569_Lab2/ws2/install/ur_description/lib/python3.10/site-packages'
[4.448s] Level 1:colcon.colcon_core.environment:checking '/home/skyler/Documents/ece569-fall2026/ece569_Lab2/ws2/install/ur_description/bin'
[4.448s] INFO:colcon.colcon_core.shell:Creating package script '/home/skyler/Documents/ece569-fall2026/ece569_Lab2/ws2/install/ur_description/share/ur_description/package.ps1'
[4.449s] INFO:colcon.colcon_core.shell:Creating package descriptor '/home/skyler/Documents/ece569-fall2026/ece569_Lab2/ws2/install/ur_description/share/ur_description/package.dsv'
[4.449s] INFO:colcon.colcon_core.shell:Creating package script '/home/skyler/Documents/ece569-fall2026/ece569_Lab2/ws2/install/ur_description/share/ur_description/package.sh'
[4.449s] INFO:colcon.colcon_core.shell:Creating package script '/home/skyler/Documents/ece569-fall2026/ece569_Lab2/ws2/install/ur_description/share/ur_description/package.bash'
[4.450s] INFO:colcon.colcon_core.shell:Creating package script '/home/skyler/Documents/ece569-fall2026/ece569_Lab2/ws2/install/ur_description/share/ur_description/package.zsh'
[4.450s] Level 1:colcon.colcon_core.environment:create_file_with_runtime_dependencies(/home/skyler/Documents/ece569-fall2026/ece569_Lab2/ws2/install/ur_description/share/colcon-core/packages/ur_description)
[4.450s] DEBUG:colcon.colcon_parallel_executor.executor.parallel:closing loop
[4.451s] DEBUG:colcon.colcon_parallel_executor.executor.parallel:loop closed
[4.451s] DEBUG:colcon.colcon_parallel_executor.executor.parallel:run_until_complete finished with '0'
[4.451s] DEBUG:colcon.colcon_core.event_reactor:joining thread
[4.455s] INFO:colcon.colcon_core.plugin_system:Skipping extension 'colcon_notification.desktop_notification.terminal_notifier': Not used on non-Darwin systems
[4.455s] INFO:colcon.colcon_core.plugin_system:Skipping extension 'colcon_notification.desktop_notification.win32': Not used on non-Windows systems
[4.455s] INFO:colcon.colcon_notification.desktop_notification:Sending desktop notification using 'notify2'
[4.467s] DEBUG:colcon.colcon_core.event_reactor:joined thread
[4.467s] INFO:colcon.colcon_core.shell:Creating prefix script '/home/skyler/Documents/ece569-fall2026/ece569_Lab2/ws2/install/local_setup.ps1'
[4.468s] INFO:colcon.colcon_core.shell:Creating prefix util module '/home/skyler/Documents/ece569-fall2026/ece569_Lab2/ws2/install/_local_setup_util_ps1.py'
[4.469s] INFO:colcon.colcon_core.shell:Creating prefix chain script '/home/skyler/Documents/ece569-fall2026/ece569_Lab2/ws2/install/setup.ps1'
[4.470s] INFO:colcon.colcon_core.shell:Creating prefix script '/home/skyler/Documents/ece569-fall2026/ece569_Lab2/ws2/install/local_setup.sh'
[4.471s] INFO:colcon.colcon_core.shell:Creating prefix util module '/home/skyler/Documents/ece569-fall2026/ece569_Lab2/ws2/install/_local_setup_util_sh.py'
[4.471s] INFO:colcon.colcon_core.shell:Creating prefix chain script '/home/skyler/Documents/ece569-fall2026/ece569_Lab2/ws2/install/setup.sh'
[4.472s] INFO:colcon.colcon_core.shell:Creating prefix script '/home/skyler/Documents/ece569-fall2026/ece569_Lab2/ws2/install/local_setup.bash'
[4.473s] INFO:colcon.colcon_core.shell:Creating prefix chain script '/home/skyler/Documents/ece569-fall2026/ece569_Lab2/ws2/install/setup.bash'
[4.473s] INFO:colcon.colcon_core.shell:Creating prefix script '/home/skyler/Documents/ece569-fall2026/ece569_Lab2/ws2/install/local_setup.zsh'
[4.474s] INFO:colcon.colcon_core.shell:Creating prefix chain script '/home/skyler/Documents/ece569-fall2026/ece569_Lab2/ws2/install/setup.zsh'
