[1.014s] Invoking command in '/home/skyler/Documents/ece569-fall2026/ece569_Lab2/ws2/build/rrbot_description': PYTHONPATH=/home/skyler/Documents/ece569-fall2026/ece569_Lab2/ws2/build/rrbot_description/prefix_override:/usr/lib/python3/dist-packages/colcon_core/task/python/colcon_distutils_commands:/home/skyler/Documents/ece569-fall2026/ece569_Lab2/ws2/install/rrbot_description/lib/python3.10/site-packages:${PYTHONPATH} /usr/bin/python3 -W ignore:setup.py install is deprecated -W ignore:easy_install command is deprecated setup.py develop --editable --build-directory /home/skyler/Documents/ece569-fall2026/ece569_Lab2/ws2/build/rrbot_description/build --no-deps symlink_data
[1.244s] running develop
[1.386s] running egg_info
[1.386s] creating rrbot_description.egg-info
[1.386s] writing rrbot_description.egg-info/PKG-INFO
[1.386s] writing dependency_links to rrbot_description.egg-info/dependency_links.txt
[1.386s] writing entry points to rrbot_description.egg-info/entry_points.txt
[1.387s] writing requirements to rrbot_description.egg-info/requires.txt
[1.387s] writing top-level names to rrbot_description.egg-info/top_level.txt
[1.387s] writing manifest file 'rrbot_description.egg-info/SOURCES.txt'
[1.388s] reading manifest file 'rrbot_description.egg-info/SOURCES.txt'
[1.389s] writing manifest file 'rrbot_description.egg-info/SOURCES.txt'
[1.390s] running build_ext
[1.390s] Creating /home/skyler/Documents/ece569-fall2026/ece569_Lab2/ws2/install/rrbot_description/lib/python3.10/site-packages/rrbot-description.egg-link (link to .)
[1.391s] 
[1.391s] Installed /home/skyler/Documents/ece569-fall2026/ece569_Lab2/ws2/build/rrbot_description
[1.391s] running symlink_data
[1.391s] creating /home/skyler/Documents/ece569-fall2026/ece569_Lab2/ws2/install/rrbot_description/share/ament_index
[1.391s] creating /home/skyler/Documents/ece569-fall2026/ece569_Lab2/ws2/install/rrbot_description/share/ament_index/resource_index
[1.391s] creating /home/skyler/Documents/ece569-fall2026/ece569_Lab2/ws2/install/rrbot_description/share/ament_index/resource_index/packages
[1.391s] symbolically linking /home/skyler/Documents/ece569-fall2026/ece569_Lab2/ws2/build/rrbot_description/resource/rrbot_description -> /home/skyler/Documents/ece569-fall2026/ece569_Lab2/ws2/install/rrbot_description/share/ament_index/resource_index/packages
[1.392s] symbolically linking /home/skyler/Documents/ece569-fall2026/ece569_Lab2/ws2/build/rrbot_description/package.xml -> /home/skyler/Documents/ece569-fall2026/ece569_Lab2/ws2/install/rrbot_description/share/rrbot_description
[1.392s] creating /home/skyler/Documents/ece569-fall2026/ece569_Lab2/ws2/install/rrbot_description/share/rrbot_description/config
[1.392s] symbolically linking /home/skyler/Documents/ece569-fall2026/ece569_Lab2/ws2/build/rrbot_description/config/rrbot_dimensions.yaml -> /home/skyler/Documents/ece569-fall2026/ece569_Lab2/ws2/install/rrbot_description/share/rrbot_description/config
[1.392s] creating /home/skyler/Documents/ece569-fall2026/ece569_Lab2/ws2/install/rrbot_description/share/rrbot_description/launch
[1.392s] symbolically linking /home/skyler/Documents/ece569-fall2026/ece569_Lab2/ws2/build/rrbot_description/launch/test_rrbot_description.launch.py -> /home/skyler/Documents/ece569-fall2026/ece569_Lab2/ws2/install/rrbot_description/share/rrbot_description/launch
[1.392s] creating /home/skyler/Documents/ece569-fall2026/ece569_Lab2/ws2/install/rrbot_description/share/rrbot_description/rviz
[1.392s] symbolically linking /home/skyler/Documents/ece569-fall2026/ece569_Lab2/ws2/build/rrbot_description/rviz/rrbot_default.rviz -> /home/skyler/Documents/ece569-fall2026/ece569_Lab2/ws2/install/rrbot_description/share/rrbot_description/rviz
[1.392s] creating /home/skyler/Documents/ece569-fall2026/ece569_Lab2/ws2/install/rrbot_description/share/rrbot_description/urdf
[1.392s] symbolically linking /home/skyler/Documents/ece569-fall2026/ece569_Lab2/ws2/build/rrbot_description/urdf/rrbot.urdf.xacro -> /home/skyler/Documents/ece569-fall2026/ece569_Lab2/ws2/install/rrbot_description/share/rrbot_description/urdf
[1.392s] symbolically linking /home/skyler/Documents/ece569-fall2026/ece569_Lab2/ws2/build/rrbot_description/urdf/materials.xacro -> /home/skyler/Documents/ece569-fall2026/ece569_Lab2/ws2/install/rrbot_description/share/rrbot_description/urdf
[1.392s] symbolically linking /home/skyler/Documents/ece569-fall2026/ece569_Lab2/ws2/build/rrbot_description/urdf/rrbot_macro.xacro -> /home/skyler/Documents/ece569-fall2026/ece569_Lab2/ws2/install/rrbot_description/share/rrbot_description/urdf
[1.392s] creating /home/skyler/Documents/ece569-fall2026/ece569_Lab2/ws2/install/rrbot_description/share/rrbot_description/urdf/rrbot
[1.418s] Invoked command in '/home/skyler/Documents/ece569-fall2026/ece569_Lab2/ws2/build/rrbot_description' returned '0': PYTHONPATH=/home/skyler/Documents/ece569-fall2026/ece569_Lab2/ws2/build/rrbot_description/prefix_override:/usr/lib/python3/dist-packages/colcon_core/task/python/colcon_distutils_commands:/home/skyler/Documents/ece569-fall2026/ece569_Lab2/ws2/install/rrbot_description/lib/python3.10/site-packages:${PYTHONPATH} /usr/bin/python3 -W ignore:setup.py install is deprecated -W ignore:easy_install command is deprecated setup.py develop --editable --build-directory /home/skyler/Documents/ece569-fall2026/ece569_Lab2/ws2/build/rrbot_description/build --no-deps symlink_data
