[0.109s] DEBUG:colcon:Command line arguments: ['/usr/bin/colcon', 'build', '--symlink-install']
[0.109s] DEBUG:colcon:Parsed command line arguments: Namespace(log_base=None, log_level=None, verb_name='build', build_base='build', install_base='install', merge_install=False, symlink_install=True, test_result_base=None, continue_on_error=False, executor='parallel', parallel_workers=4, event_handlers=None, ignore_user_meta=False, metas=['./colcon.meta'], base_paths=['.'], packages_ignore=None, packages_ignore_regex=None, paths=None, packages_up_to=None, packages_up_to_regex=None, packages_above=None, packages_above_and_dependencies=None, packages_above_depth=None, packages_select_by_dep=None, packages_skip_by_dep=None, packages_skip_up_to=None, packages_select_build_failed=False, packages_skip_build_finished=False, packages_select_test_failures=False, packages_skip_test_passed=False, packages_select=None, packages_skip=None, packages_select_regex=None, packages_skip_regex=None, packages_start=None, packages_end=None, allow_overriding=[], cmake_args=None, cmake_target=None, cmake_target_skip_unavailable=False, cmake_clean_cache=False, cmake_clean_first=False, cmake_force_configure=False, ament_cmake_args=None, catkin_cmake_args=None, catkin_skip_building_tests=False, mixin_files=None, mixin=None, verb_parser=<colcon_mixin.mixin.mixin_argument.MixinArgumentDecorator object at 0x717346727970>, verb_extension=<colcon_core.verb.build.BuildVerb object at 0x717346726fe0>, main=<bound method BuildVerb.main of <colcon_core.verb.build.BuildVerb object at 0x717346726fe0>>, mixin_verb=('build',))
[0.265s] Level 1:colcon.colcon_core.package_discovery:discover_packages(colcon_meta) check parameters
[0.265s] Level 1:colcon.colcon_core.package_discovery:discover_packages(recursive) check parameters
[0.265s] Level 1:colcon.colcon_core.package_discovery:discover_packages(ignore) check parameters
[0.265s] Level 1:colcon.colcon_core.package_discovery:discover_packages(path) check parameters
[0.265s] Level 1:colcon.colcon_core.package_discovery:discover_packages(colcon_meta) discover
[0.265s] Level 1:colcon.colcon_core.package_discovery:discover_packages(recursive) discover
[0.265s] INFO:colcon.colcon_core.package_discovery:Crawling recursively for packages in '/home/skyler/Documents/ece569-fall2026/ece569_Lab2/ws2'
[0.265s] Level 1:colcon.colcon_core.package_identification:_identify(.) by extensions ['ignore', 'ignore_ament_install']
[0.265s] Level 1:colcon.colcon_core.package_identification:_identify(.) by extension 'ignore'
[0.265s] Level 1:colcon.colcon_core.package_identification:_identify(.) by extension 'ignore_ament_install'
[0.265s] Level 1:colcon.colcon_core.package_identification:_identify(.) by extensions ['colcon_pkg']
[0.265s] Level 1:colcon.colcon_core.package_identification:_identify(.) by extension 'colcon_pkg'
[0.265s] Level 1:colcon.colcon_core.package_identification:_identify(.) by extensions ['colcon_meta']
[0.265s] Level 1:colcon.colcon_core.package_identification:_identify(.) by extension 'colcon_meta'
[0.265s] Level 1:colcon.colcon_core.package_identification:_identify(.) by extensions ['ros']
[0.265s] Level 1:colcon.colcon_core.package_identification:_identify(.) by extension 'ros'
[0.275s] Level 1:colcon.colcon_core.package_identification:_identify(.) by extensions ['cmake', 'python']
[0.276s] Level 1:colcon.colcon_core.package_identification:_identify(.) by extension 'cmake'
[0.276s] Level 1:colcon.colcon_core.package_identification:_identify(.) by extension 'python'
[0.276s] Level 1:colcon.colcon_core.package_identification:_identify(.) by extensions ['python_setup_py']
[0.276s] Level 1:colcon.colcon_core.package_identification:_identify(.) by extension 'python_setup_py'
[0.276s] Level 1:colcon.colcon_core.package_identification:_identify(build) by extensions ['ignore', 'ignore_ament_install']
[0.276s] Level 1:colcon.colcon_core.package_identification:_identify(build) by extension 'ignore'
[0.276s] Level 1:colcon.colcon_core.package_identification:_identify(build) ignored
[0.276s] Level 1:colcon.colcon_core.package_identification:_identify(install) by extensions ['ignore', 'ignore_ament_install']
[0.276s] Level 1:colcon.colcon_core.package_identification:_identify(install) by extension 'ignore'
[0.276s] Level 1:colcon.colcon_core.package_identification:_identify(install) ignored
[0.276s] Level 1:colcon.colcon_core.package_identification:_identify(log) by extensions ['ignore', 'ignore_ament_install']
[0.276s] Level 1:colcon.colcon_core.package_identification:_identify(log) by extension 'ignore'
[0.276s] Level 1:colcon.colcon_core.package_identification:_identify(log) ignored
[0.277s] Level 1:colcon.colcon_core.package_identification:_identify(src) by extensions ['ignore', 'ignore_ament_install']
[0.277s] Level 1:colcon.colcon_core.package_identification:_identify(src) by extension 'ignore'
[0.277s] Level 1:colcon.colcon_core.package_identification:_identify(src) by extension 'ignore_ament_install'
[0.277s] Level 1:colcon.colcon_core.package_identification:_identify(src) by extensions ['colcon_pkg']
[0.277s] Level 1:colcon.colcon_core.package_identification:_identify(src) by extension 'colcon_pkg'
[0.277s] Level 1:colcon.colcon_core.package_identification:_identify(src) by extensions ['colcon_meta']
[0.277s] Level 1:colcon.colcon_core.package_identification:_identify(src) by extension 'colcon_meta'
[0.277s] Level 1:colcon.colcon_core.package_identification:_identify(src) by extensions ['ros']
[0.277s] Level 1:colcon.colcon_core.package_identification:_identify(src) by extension 'ros'
[0.277s] Level 1:colcon.colcon_core.package_identification:_identify(src) by extensions ['cmake', 'python']
[0.277s] Level 1:colcon.colcon_core.package_identification:_identify(src) by extension 'cmake'
[0.277s] Level 1:colcon.colcon_core.package_identification:_identify(src) by extension 'python'
[0.277s] Level 1:colcon.colcon_core.package_identification:_identify(src) by extensions ['python_setup_py']
[0.277s] Level 1:colcon.colcon_core.package_identification:_identify(src) by extension 'python_setup_py'
[0.277s] Level 1:colcon.colcon_core.package_identification:_identify(src/Universal_Robots_ROS2_Description) by extensions ['ignore', 'ignore_ament_install']
[0.277s] Level 1:colcon.colcon_core.package_identification:_identify(src/Universal_Robots_ROS2_Description) by extension 'ignore'
[0.277s] Level 1:colcon.colcon_core.package_identification:_identify(src/Universal_Robots_ROS2_Description) by extension 'ignore_ament_install'
[0.277s] Level 1:colcon.colcon_core.package_identification:_identify(src/Universal_Robots_ROS2_Description) by extensions ['colcon_pkg']
[0.277s] Level 1:colcon.colcon_core.package_identification:_identify(src/Universal_Robots_ROS2_Description) by extension 'colcon_pkg'
[0.277s] Level 1:colcon.colcon_core.package_identification:_identify(src/Universal_Robots_ROS2_Description) by extensions ['colcon_meta']
[0.277s] Level 1:colcon.colcon_core.package_identification:_identify(src/Universal_Robots_ROS2_Description) by extension 'colcon_meta'
[0.278s] Level 1:colcon.colcon_core.package_identification:_identify(src/Universal_Robots_ROS2_Description) by extensions ['ros']
[0.278s] Level 1:colcon.colcon_core.package_identification:_identify(src/Universal_Robots_ROS2_Description) by extension 'ros'
[0.280s] DEBUG:colcon.colcon_core.package_identification:Package 'src/Universal_Robots_ROS2_Description' with type 'ros.ament_cmake' and name 'ur_description'
[0.280s] Level 1:colcon.colcon_core.package_identification:_identify(src/rrbot_description) by extensions ['ignore', 'ignore_ament_install']
[0.281s] Level 1:colcon.colcon_core.package_identification:_identify(src/rrbot_description) by extension 'ignore'
[0.281s] Level 1:colcon.colcon_core.package_identification:_identify(src/rrbot_description) by extension 'ignore_ament_install'
[0.281s] Level 1:colcon.colcon_core.package_identification:_identify(src/rrbot_description) by extensions ['colcon_pkg']
[0.281s] Level 1:colcon.colcon_core.package_identification:_identify(src/rrbot_description) by extension 'colcon_pkg'
[0.281s] Level 1:colcon.colcon_core.package_identification:_identify(src/rrbot_description) by extensions ['colcon_meta']
[0.281s] Level 1:colcon.colcon_core.package_identification:_identify(src/rrbot_description) by extension 'colcon_meta'
[0.281s] Level 1:colcon.colcon_core.package_identification:_identify(src/rrbot_description) by extensions ['ros']
[0.281s] Level 1:colcon.colcon_core.package_identification:_identify(src/rrbot_description) by extension 'ros'
[0.281s] DEBUG:colcon.colcon_core.package_identification:Package 'src/rrbot_description' with type 'ros.ament_python' and name 'rrbot_description'
[0.281s] Level 1:colcon.colcon_core.package_identification:_identify(src/table_description) by extensions ['ignore', 'ignore_ament_install']
[0.282s] Level 1:colcon.colcon_core.package_identification:_identify(src/table_description) by extension 'ignore'
[0.282s] Level 1:colcon.colcon_core.package_identification:_identify(src/table_description) by extension 'ignore_ament_install'
[0.282s] Level 1:colcon.colcon_core.package_identification:_identify(src/table_description) by extensions ['colcon_pkg']
[0.282s] Level 1:colcon.colcon_core.package_identification:_identify(src/table_description) by extension 'colcon_pkg'
[0.282s] Level 1:colcon.colcon_core.package_identification:_identify(src/table_description) by extensions ['colcon_meta']
[0.282s] Level 1:colcon.colcon_core.package_identification:_identify(src/table_description) by extension 'colcon_meta'
[0.282s] Level 1:colcon.colcon_core.package_identification:_identify(src/table_description) by extensions ['ros']
[0.282s] Level 1:colcon.colcon_core.package_identification:_identify(src/table_description) by extension 'ros'
[0.282s] DEBUG:colcon.colcon_core.package_identification:Package 'src/table_description' with type 'ros.ament_python' and name 'table_description'
[0.282s] Level 1:colcon.colcon_core.package_identification:_identify(src/ur3e_on_table) by extensions ['ignore', 'ignore_ament_install']
[0.282s] Level 1:colcon.colcon_core.package_identification:_identify(src/ur3e_on_table) by extension 'ignore'
[0.282s] Level 1:colcon.colcon_core.package_identification:_identify(src/ur3e_on_table) by extension 'ignore_ament_install'
[0.283s] Level 1:colcon.colcon_core.package_identification:_identify(src/ur3e_on_table) by extensions ['colcon_pkg']
[0.283s] Level 1:colcon.colcon_core.package_identification:_identify(src/ur3e_on_table) by extension 'colcon_pkg'
[0.283s] Level 1:colcon.colcon_core.package_identification:_identify(src/ur3e_on_table) by extensions ['colcon_meta']
[0.283s] Level 1:colcon.colcon_core.package_identification:_identify(src/ur3e_on_table) by extension 'colcon_meta'
[0.283s] Level 1:colcon.colcon_core.package_identification:_identify(src/ur3e_on_table) by extensions ['ros']
[0.283s] Level 1:colcon.colcon_core.package_identification:_identify(src/ur3e_on_table) by extension 'ros'
[0.283s] DEBUG:colcon.colcon_core.package_identification:Package 'src/ur3e_on_table' with type 'ros.ament_python' and name 'ur3e_on_table'
[0.283s] Level 1:colcon.colcon_core.package_discovery:discover_packages(recursive) using defaults
[0.283s] Level 1:colcon.colcon_core.package_discovery:discover_packages(ignore) discover
[0.283s] Level 1:colcon.colcon_core.package_discovery:discover_packages(ignore) using defaults
[0.283s] Level 1:colcon.colcon_core.package_discovery:discover_packages(path) discover
[0.283s] Level 1:colcon.colcon_core.package_discovery:discover_packages(path) using defaults
[0.315s] Level 1:colcon.colcon_core.package_discovery:discover_packages(prefix_path) check parameters
[0.316s] Level 1:colcon.colcon_core.package_discovery:discover_packages(prefix_path) discover
[0.317s] DEBUG:colcon.colcon_installed_package_information.package_discovery:Found 4 installed packages in /home/skyler/Documents/ece569-fall2026/ece569_Lab2/ws2/install
[0.318s] DEBUG:colcon.colcon_installed_package_information.package_discovery:Found 276 installed packages in /opt/ros/humble
[0.320s] Level 1:colcon.colcon_core.package_discovery:discover_packages(prefix_path) using defaults
[0.361s] Level 5:colcon.colcon_core.verb:set package 'rrbot_description' build argument 'cmake_args' from command line to 'None'
[0.361s] Level 5:colcon.colcon_core.verb:set package 'rrbot_description' build argument 'cmake_target' from command line to 'None'
[0.361s] Level 5:colcon.colcon_core.verb:set package 'rrbot_description' build argument 'cmake_target_skip_unavailable' from command line to 'False'
[0.361s] Level 5:colcon.colcon_core.verb:set package 'rrbot_description' build argument 'cmake_clean_cache' from command line to 'False'
[0.361s] Level 5:colcon.colcon_core.verb:set package 'rrbot_description' build argument 'cmake_clean_first' from command line to 'False'
[0.361s] Level 5:colcon.colcon_core.verb:set package 'rrbot_description' build argument 'cmake_force_configure' from command line to 'False'
[0.361s] Level 5:colcon.colcon_core.verb:set package 'rrbot_description' build argument 'ament_cmake_args' from command line to 'None'
[0.361s] Level 5:colcon.colcon_core.verb:set package 'rrbot_description' build argument 'catkin_cmake_args' from command line to 'None'
[0.361s] Level 5:colcon.colcon_core.verb:set package 'rrbot_description' build argument 'catkin_skip_building_tests' from command line to 'False'
[0.361s] DEBUG:colcon.colcon_core.verb:Building package 'rrbot_description' with the following arguments: {'ament_cmake_args': None, 'build_base': '/home/skyler/Documents/ece569-fall2026/ece569_Lab2/ws2/build/rrbot_description', 'catkin_cmake_args': None, 'catkin_skip_building_tests': False, 'cmake_args': None, 'cmake_clean_cache': False, 'cmake_clean_first': False, 'cmake_force_configure': False, 'cmake_target': None, 'cmake_target_skip_unavailable': False, 'install_base': '/home/skyler/Documents/ece569-fall2026/ece569_Lab2/ws2/install/rrbot_description', 'merge_install': False, 'path': '/home/skyler/Documents/ece569-fall2026/ece569_Lab2/ws2/src/rrbot_description', 'symlink_install': True, 'test_result_base': None}
[0.362s] Level 5:colcon.colcon_core.verb:set package 'table_description' build argument 'cmake_args' from command line to 'None'
[0.362s] Level 5:colcon.colcon_core.verb:set package 'table_description' build argument 'cmake_target' from command line to 'None'
[0.362s] Level 5:colcon.colcon_core.verb:set package 'table_description' build argument 'cmake_target_skip_unavailable' from command line to 'False'
[0.362s] Level 5:colcon.colcon_core.verb:set package 'table_description' build argument 'cmake_clean_cache' from command line to 'False'
[0.362s] Level 5:colcon.colcon_core.verb:set package 'table_description' build argument 'cmake_clean_first' from command line to 'False'
[0.362s] Level 5:colcon.colcon_core.verb:set package 'table_description' build argument 'cmake_force_configure' from command line to 'False'
[0.362s] Level 5:colcon.colcon_core.verb:set package 'table_description' build argument 'ament_cmake_args' from command line to 'None'
[0.362s] Level 5:colcon.colcon_core.verb:set package 'table_description' build argument 'catkin_cmake_args' from command line to 'None'
[0.362s] Level 5:colcon.colcon_core.verb:set package 'table_description' build argument 'catkin_skip_building_tests' from command line to 'False'
[0.362s] DEBUG:colcon.colcon_core.verb:Building package 'table_description' with the following arguments: {'ament_cmake_args': None, 'build_base': '/home/skyler/Documents/ece569-fall2026/ece569_Lab2/ws2/build/table_description', 'catkin_cmake_args': None, 'catkin_skip_building_tests': False, 'cmake_args': None, 'cmake_clean_cache': False, 'cmake_clean_first': False, 'cmake_force_configure': False, 'cmake_target': None, 'cmake_target_skip_unavailable': False, 'install_base': '/home/skyler/Documents/ece569-fall2026/ece569_Lab2/ws2/install/table_description', 'merge_install': False, 'path': '/home/skyler/Documents/ece569-fall2026/ece569_Lab2/ws2/src/table_description', 'symlink_install': True, 'test_result_base': None}
[0.362s] Level 5:colcon.colcon_core.verb:set package 'ur3e_on_table' build argument 'cmake_args' from command line to 'None'
[0.362s] Level 5:colcon.colcon_core.verb:set package 'ur3e_on_table' build argument 'cmake_target' from command line to 'None'
[0.362s] Level 5:colcon.colcon_core.verb:set package 'ur3e_on_table' build argument 'cmake_target_skip_unavailable' from command line to 'False'
[0.362s] Level 5:colcon.colcon_core.verb:set package 'ur3e_on_table' build argument 'cmake_clean_cache' from command line to 'False'
[0.362s] Level 5:colcon.colcon_core.verb:set package 'ur3e_on_table' build argument 'cmake_clean_first' from command line to 'False'
[0.362s] Level 5:colcon.colcon_core.verb:set package 'ur3e_on_table' build argument 'cmake_force_configure' from command line to 'False'
[0.362s] Level 5:colcon.colcon_core.verb:set package 'ur3e_on_table' build argument 'ament_cmake_args' from command line to 'None'
[0.362s] Level 5:colcon.colcon_core.verb:set package 'ur3e_on_table' build argument 'catkin_cmake_args' from command line to 'None'
[0.362s] Level 5:colcon.colcon_core.verb:set package 'ur3e_on_table' build argument 'catkin_skip_building_tests' from command line to 'False'
[0.362s] DEBUG:colcon.colcon_core.verb:Building package 'ur3e_on_table' with the following arguments: {'ament_cmake_args': None, 'build_base': '/home/skyler/Documents/ece569-fall2026/ece569_Lab2/ws2/build/ur3e_on_table', 'catkin_cmake_args': None, 'catkin_skip_building_tests': False, 'cmake_args': None, 'cmake_clean_cache': False, 'cmake_clean_first': False, 'cmake_force_configure': False, 'cmake_target': None, 'cmake_target_skip_unavailable': False, 'install_base': '/home/skyler/Documents/ece569-fall2026/ece569_Lab2/ws2/install/ur3e_on_table', 'merge_install': False, 'path': '/home/skyler/Documents/ece569-fall2026/ece569_Lab2/ws2/src/ur3e_on_table', 'symlink_install': True, 'test_result_base': None}
[0.363s] Level 5:colcon.colcon_core.verb:set package 'ur_description' build argument 'cmake_args' from command line to 'None'
[0.363s] Level 5:colcon.colcon_core.verb:set package 'ur_description' build argument 'cmake_target' from command line to 'None'
[0.363s] Level 5:colcon.colcon_core.verb:set package 'ur_description' build argument 'cmake_target_skip_unavailable' from command line to 'False'
[0.363s] Level 5:colcon.colcon_core.verb:set package 'ur_description' build argument 'cmake_clean_cache' from command line to 'False'
[0.363s] Level 5:colcon.colcon_core.verb:set package 'ur_description' build argument 'cmake_clean_first' from command line to 'False'
[0.363s] Level 5:colcon.colcon_core.verb:set package 'ur_description' build argument 'cmake_force_configure' from command line to 'False'
[0.363s] Level 5:colcon.colcon_core.verb:set package 'ur_description' build argument 'ament_cmake_args' from command line to 'None'
[0.363s] Level 5:colcon.colcon_core.verb:set package 'ur_description' build argument 'catkin_cmake_args' from command line to 'None'
[0.363s] Level 5:colcon.colcon_core.verb:set package 'ur_description' build argument 'catkin_skip_building_tests' from command line to 'False'
[0.363s] DEBUG:colcon.colcon_core.verb:Building package 'ur_description' with the following arguments: {'ament_cmake_args': None, 'build_base': '/home/skyler/Documents/ece569-fall2026/ece569_Lab2/ws2/build/ur_description', 'catkin_cmake_args': None, 'catkin_skip_building_tests': False, 'cmake_args': None, 'cmake_clean_cache': False, 'cmake_clean_first': False, 'cmake_force_configure': False, 'cmake_target': None, 'cmake_target_skip_unavailable': False, 'install_base': '/home/skyler/Documents/ece569-fall2026/ece569_Lab2/ws2/install/ur_description', 'merge_install': False, 'path': '/home/skyler/Documents/ece569-fall2026/ece569_Lab2/ws2/src/Universal_Robots_ROS2_Description', 'symlink_install': True, 'test_result_base': None}
[0.363s] INFO:colcon.colcon_core.executor:Executing jobs using 'parallel' executor
[0.364s] DEBUG:colcon.colcon_parallel_executor.executor.parallel:run_until_complete
[0.365s] INFO:colcon.colcon_ros.task.ament_python.build:Building ROS package in '/home/skyler/Documents/ece569-fall2026/ece569_Lab2/ws2/src/rrbot_description' with build type 'ament_python'
[0.365s] Level 1:colcon.colcon_core.shell:create_environment_hook('rrbot_description', 'ament_prefix_path')
[0.367s] INFO:colcon.colcon_core.plugin_system:Skipping extension 'colcon_core.shell.bat': Not used on non-Windows systems
[0.367s] INFO:colcon.colcon_core.shell:Creating environment hook '/home/skyler/Documents/ece569-fall2026/ece569_Lab2/ws2/install/rrbot_description/share/rrbot_description/hook/ament_prefix_path.ps1'
[0.368s] INFO:colcon.colcon_core.shell:Creating environment descriptor '/home/skyler/Documents/ece569-fall2026/ece569_Lab2/ws2/install/rrbot_description/share/rrbot_description/hook/ament_prefix_path.dsv'
[0.369s] INFO:colcon.colcon_core.shell:Creating environment hook '/home/skyler/Documents/ece569-fall2026/ece569_Lab2/ws2/install/rrbot_description/share/rrbot_description/hook/ament_prefix_path.sh'
[0.369s] INFO:colcon.colcon_core.shell:Skip shell extension 'powershell' for command environment: Not usable outside of PowerShell
[0.370s] DEBUG:colcon.colcon_core.shell:Skip shell extension 'dsv' for command environment
[0.373s] INFO:colcon.colcon_ros.task.ament_python.build:Building ROS package in '/home/skyler/Documents/ece569-fall2026/ece569_Lab2/ws2/src/table_description' with build type 'ament_python'
[0.374s] Level 1:colcon.colcon_core.shell:create_environment_hook('table_description', 'ament_prefix_path')
[0.374s] INFO:colcon.colcon_core.shell:Creating environment hook '/home/skyler/Documents/ece569-fall2026/ece569_Lab2/ws2/install/table_description/share/table_description/hook/ament_prefix_path.ps1'
[0.375s] INFO:colcon.colcon_core.shell:Creating environment descriptor '/home/skyler/Documents/ece569-fall2026/ece569_Lab2/ws2/install/table_description/share/table_description/hook/ament_prefix_path.dsv'
[0.376s] INFO:colcon.colcon_core.shell:Creating environment hook '/home/skyler/Documents/ece569-fall2026/ece569_Lab2/ws2/install/table_description/share/table_description/hook/ament_prefix_path.sh'
[0.376s] INFO:colcon.colcon_core.shell:Skip shell extension 'powershell' for command environment: Not usable outside of PowerShell
[0.377s] DEBUG:colcon.colcon_core.shell:Skip shell extension 'dsv' for command environment
[0.380s] INFO:colcon.colcon_ros.task.ament_python.build:Building ROS package in '/home/skyler/Documents/ece569-fall2026/ece569_Lab2/ws2/src/ur3e_on_table' with build type 'ament_python'
[0.381s] Level 1:colcon.colcon_core.shell:create_environment_hook('ur3e_on_table', 'ament_prefix_path')
[0.381s] INFO:colcon.colcon_core.shell:Creating environment hook '/home/skyler/Documents/ece569-fall2026/ece569_Lab2/ws2/install/ur3e_on_table/share/ur3e_on_table/hook/ament_prefix_path.ps1'
[0.382s] INFO:colcon.colcon_core.shell:Creating environment descriptor '/home/skyler/Documents/ece569-fall2026/ece569_Lab2/ws2/install/ur3e_on_table/share/ur3e_on_table/hook/ament_prefix_path.dsv'
[0.383s] INFO:colcon.colcon_core.shell:Creating environment hook '/home/skyler/Documents/ece569-fall2026/ece569_Lab2/ws2/install/ur3e_on_table/share/ur3e_on_table/hook/ament_prefix_path.sh'
[0.384s] INFO:colcon.colcon_core.shell:Skip shell extension 'powershell' for command environment: Not usable outside of PowerShell
[0.384s] DEBUG:colcon.colcon_core.shell:Skip shell extension 'dsv' for command environment
[0.387s] INFO:colcon.colcon_ros.task.ament_cmake.build:Building ROS package in '/home/skyler/Documents/ece569-fall2026/ece569_Lab2/ws2/src/Universal_Robots_ROS2_Description' with build type 'ament_cmake'
[0.387s] INFO:colcon.colcon_cmake.task.cmake.build:Building CMake package in '/home/skyler/Documents/ece569-fall2026/ece569_Lab2/ws2/src/Universal_Robots_ROS2_Description'
[0.387s] INFO:colcon.colcon_core.shell:Skip shell extension 'powershell' for command environment: Not usable outside of PowerShell
[0.387s] DEBUG:colcon.colcon_core.shell:Skip shell extension 'dsv' for command environment
[0.632s] INFO:colcon.colcon_core.task.python.build:Building Python package in '/home/skyler/Documents/ece569-fall2026/ece569_Lab2/ws2/src/rrbot_description'
[0.632s] INFO:colcon.colcon_core.shell:Skip shell extension 'powershell' for command environment: Not usable outside of PowerShell
[0.632s] DEBUG:colcon.colcon_core.shell:Skip shell extension 'dsv' for command environment
[0.886s] INFO:colcon.colcon_core.task.python.build:Building Python package in '/home/skyler/Documents/ece569-fall2026/ece569_Lab2/ws2/src/table_description'
[0.886s] INFO:colcon.colcon_core.shell:Skip shell extension 'powershell' for command environment: Not usable outside of PowerShell
[0.887s] DEBUG:colcon.colcon_core.shell:Skip shell extension 'dsv' for command environment
[1.110s] INFO:colcon.colcon_core.task.python.build:Building Python package in '/home/skyler/Documents/ece569-fall2026/ece569_Lab2/ws2/src/ur3e_on_table'
[1.111s] INFO:colcon.colcon_core.shell:Skip shell extension 'powershell' for command environment: Not usable outside of PowerShell
[1.111s] DEBUG:colcon.colcon_core.shell:Skip shell extension 'dsv' for command environment
[1.120s] DEBUG:colcon.colcon_core.event_handler.log_command:Invoking command in '/home/skyler/Documents/ece569-fall2026/ece569_Lab2/ws2/build/ur_description': CMAKE_PREFIX_PATH=${CMAKE_PREFIX_PATH}:/home/skyler/Documents/ece569-fall2026/ece569_Lab2/ws2/install/ur3e_on_table:/home/skyler/Documents/ece569-fall2026/ece569_Lab2/ws2/install/table_description:/home/skyler/Documents/ece569-fall2026/ece569_Lab2/ws2/install/rrbot_description:/opt/ros/humble /usr/bin/cmake --build /home/skyler/Documents/ece569-fall2026/ece569_Lab2/ws2/build/ur_description -- -j4 -l4
[1.157s] DEBUG:colcon.colcon_core.event_handler.log_command:Invoked command in '/home/skyler/Documents/ece569-fall2026/ece569_Lab2/ws2/build/ur_description' returned '0': CMAKE_PREFIX_PATH=${CMAKE_PREFIX_PATH}:/home/skyler/Documents/ece569-fall2026/ece569_Lab2/ws2/install/ur3e_on_table:/home/skyler/Documents/ece569-fall2026/ece569_Lab2/ws2/install/table_description:/home/skyler/Documents/ece569-fall2026/ece569_Lab2/ws2/install/rrbot_description:/opt/ros/humble /usr/bin/cmake --build /home/skyler/Documents/ece569-fall2026/ece569_Lab2/ws2/build/ur_description -- -j4 -l4
[1.166s] DEBUG:colcon.colcon_core.event_handler.log_command:Invoking command in '/home/skyler/Documents/ece569-fall2026/ece569_Lab2/ws2/build/ur_description': CMAKE_PREFIX_PATH=${CMAKE_PREFIX_PATH}:/home/skyler/Documents/ece569-fall2026/ece569_Lab2/ws2/install/ur3e_on_table:/home/skyler/Documents/ece569-fall2026/ece569_Lab2/ws2/install/table_description:/home/skyler/Documents/ece569-fall2026/ece569_Lab2/ws2/install/rrbot_description:/opt/ros/humble /usr/bin/cmake --install /home/skyler/Documents/ece569-fall2026/ece569_Lab2/ws2/build/ur_description
[1.214s] Level 1:colcon.colcon_core.environment:create_environment_scripts_only(ur_description)
[1.215s] DEBUG:colcon.colcon_core.event_handler.log_command:Invoked command in '/home/skyler/Documents/ece569-fall2026/ece569_Lab2/ws2/build/ur_description' returned '0': CMAKE_PREFIX_PATH=${CMAKE_PREFIX_PATH}:/home/skyler/Documents/ece569-fall2026/ece569_Lab2/ws2/install/ur3e_on_table:/home/skyler/Documents/ece569-fall2026/ece569_Lab2/ws2/install/table_description:/home/skyler/Documents/ece569-fall2026/ece569_Lab2/ws2/install/rrbot_description:/opt/ros/humble /usr/bin/cmake --install /home/skyler/Documents/ece569-fall2026/ece569_Lab2/ws2/build/ur_description
[1.217s] Level 1:colcon.colcon_core.environment:checking '/home/skyler/Documents/ece569-fall2026/ece569_Lab2/ws2/install/ur_description' for CMake module files
[1.217s] Level 1:colcon.colcon_core.environment:checking '/home/skyler/Documents/ece569-fall2026/ece569_Lab2/ws2/install/ur_description' for CMake config files
[1.218s] Level 1:colcon.colcon_core.shell:create_environment_hook('ur_description', 'cmake_prefix_path')
[1.218s] INFO:colcon.colcon_core.shell:Creating environment hook '/home/skyler/Documents/ece569-fall2026/ece569_Lab2/ws2/install/ur_description/share/ur_description/hook/cmake_prefix_path.ps1'
[1.218s] INFO:colcon.colcon_core.shell:Creating environment descriptor '/home/skyler/Documents/ece569-fall2026/ece569_Lab2/ws2/install/ur_description/share/ur_description/hook/cmake_prefix_path.dsv'
[1.219s] INFO:colcon.colcon_core.shell:Creating environment hook '/home/skyler/Documents/ece569-fall2026/ece569_Lab2/ws2/install/ur_description/share/ur_description/hook/cmake_prefix_path.sh'
[1.219s] Level 1:colcon.colcon_core.environment:checking '/home/skyler/Documents/ece569-fall2026/ece569_Lab2/ws2/install/ur_description/bin'
[1.220s] Level 1:colcon.colcon_core.environment:checking '/home/skyler/Documents/ece569-fall2026/ece569_Lab2/ws2/install/ur_description/lib/pkgconfig/ur_description.pc'
[1.220s] Level 1:colcon.colcon_core.environment:checking '/home/skyler/Documents/ece569-fall2026/ece569_Lab2/ws2/install/ur_description/lib/python3.10/site-packages'
[1.220s] Level 1:colcon.colcon_core.environment:checking '/home/skyler/Documents/ece569-fall2026/ece569_Lab2/ws2/install/ur_description/bin'
[1.220s] INFO:colcon.colcon_core.shell:Creating package script '/home/skyler/Documents/ece569-fall2026/ece569_Lab2/ws2/install/ur_description/share/ur_description/package.ps1'
[1.222s] INFO:colcon.colcon_core.shell:Creating package descriptor '/home/skyler/Documents/ece569-fall2026/ece569_Lab2/ws2/install/ur_description/share/ur_description/package.dsv'
[1.222s] INFO:colcon.colcon_core.shell:Creating package script '/home/skyler/Documents/ece569-fall2026/ece569_Lab2/ws2/install/ur_description/share/ur_description/package.sh'
[1.223s] INFO:colcon.colcon_core.shell:Creating package script '/home/skyler/Documents/ece569-fall2026/ece569_Lab2/ws2/install/ur_description/share/ur_description/package.bash'
[1.223s] INFO:colcon.colcon_core.shell:Creating package script '/home/skyler/Documents/ece569-fall2026/ece569_Lab2/ws2/install/ur_description/share/ur_description/package.zsh'
[1.224s] Level 1:colcon.colcon_core.environment:create_file_with_runtime_dependencies(/home/skyler/Documents/ece569-fall2026/ece569_Lab2/ws2/install/ur_description/share/colcon-core/packages/ur_description)
[1.225s] Level 1:colcon.colcon_core.environment:create_environment_scripts_only(ur_description)
[1.225s] Level 1:colcon.colcon_core.environment:checking '/home/skyler/Documents/ece569-fall2026/ece569_Lab2/ws2/install/ur_description' for CMake module files
[1.225s] Level 1:colcon.colcon_core.environment:checking '/home/skyler/Documents/ece569-fall2026/ece569_Lab2/ws2/install/ur_description' for CMake config files
[1.226s] Level 1:colcon.colcon_core.shell:create_environment_hook('ur_description', 'cmake_prefix_path')
[1.226s] INFO:colcon.colcon_core.shell:Creating environment hook '/home/skyler/Documents/ece569-fall2026/ece569_Lab2/ws2/install/ur_description/share/ur_description/hook/cmake_prefix_path.ps1'
[1.226s] INFO:colcon.colcon_core.shell:Creating environment descriptor '/home/skyler/Documents/ece569-fall2026/ece569_Lab2/ws2/install/ur_description/share/ur_description/hook/cmake_prefix_path.dsv'
[1.227s] INFO:colcon.colcon_core.shell:Creating environment hook '/home/skyler/Documents/ece569-fall2026/ece569_Lab2/ws2/install/ur_description/share/ur_description/hook/cmake_prefix_path.sh'
[1.227s] Level 1:colcon.colcon_core.environment:checking '/home/skyler/Documents/ece569-fall2026/ece569_Lab2/ws2/install/ur_description/bin'
[1.228s] Level 1:colcon.colcon_core.environment:checking '/home/skyler/Documents/ece569-fall2026/ece569_Lab2/ws2/install/ur_description/lib/pkgconfig/ur_description.pc'
[1.228s] Level 1:colcon.colcon_core.environment:checking '/home/skyler/Documents/ece569-fall2026/ece569_Lab2/ws2/install/ur_description/lib/python3.10/site-packages'
[1.228s] Level 1:colcon.colcon_core.environment:checking '/home/skyler/Documents/ece569-fall2026/ece569_Lab2/ws2/install/ur_description/bin'
[1.228s] INFO:colcon.colcon_core.shell:Creating package script '/home/skyler/Documents/ece569-fall2026/ece569_Lab2/ws2/install/ur_description/share/ur_description/package.ps1'
[1.229s] INFO:colcon.colcon_core.shell:Creating package descriptor '/home/skyler/Documents/ece569-fall2026/ece569_Lab2/ws2/install/ur_description/share/ur_description/package.dsv'
[1.229s] INFO:colcon.colcon_core.shell:Creating package script '/home/skyler/Documents/ece569-fall2026/ece569_Lab2/ws2/install/ur_description/share/ur_description/package.sh'
[1.230s] INFO:colcon.colcon_core.shell:Creating package script '/home/skyler/Documents/ece569-fall2026/ece569_Lab2/ws2/install/ur_description/share/ur_description/package.bash'
[1.230s] INFO:colcon.colcon_core.shell:Creating package script '/home/skyler/Documents/ece569-fall2026/ece569_Lab2/ws2/install/ur_description/share/ur_description/package.zsh'
[1.231s] Level 1:colcon.colcon_core.environment:create_file_with_runtime_dependencies(/home/skyler/Documents/ece569-fall2026/ece569_Lab2/ws2/install/ur_description/share/colcon-core/packages/ur_description)
[1.474s] DEBUG:colcon.colcon_core.task.python.build:Available setuptools commands: setopt, dist_info, bdist, check, test, bdist_egg, easy_install, install_egg_info, clean, build_ext, bdist_rpm, install_lib, build_scripts, install_headers, symlink_data, upload_docs, alias, saveopts, build, install, sdist, bdist_wheel, install_data, develop, install_scripts, build_clib, bdist_dumb, register, nosetests, build_py, rotate, egg_info, upload
[1.485s] DEBUG:colcon.colcon_core.task.python.build:Available setuptools commands: setopt, dist_info, bdist, check, test, bdist_egg, easy_install, install_egg_info, clean, build_ext, bdist_rpm, install_lib, build_scripts, install_headers, symlink_data, upload_docs, alias, saveopts, build, install, sdist, bdist_wheel, install_data, develop, install_scripts, build_clib, bdist_dumb, register, nosetests, build_py, rotate, egg_info, upload
[1.489s] DEBUG:colcon.colcon_core.task.python.build:Available setuptools commands: setopt, dist_info, bdist, check, test, bdist_egg, easy_install, install_egg_info, clean, build_ext, bdist_rpm, install_lib, build_scripts, install_headers, symlink_data, upload_docs, alias, saveopts, build, install, sdist, bdist_wheel, install_data, develop, install_scripts, build_clib, bdist_dumb, register, nosetests, build_py, rotate, egg_info, upload
[1.737s] DEBUG:colcon.colcon_core.task.python.build:Available setuptools 'develop' options: --help, --zip-ok, --force-installation-into-system-dir, --verbose, --install-dir, --quiet, --install-layout, --multi-version, --no-find-links, --allow-hosts, --egg-path, --site-dirs, --exclude-scripts, --script-dir, --upgrade, --editable, --dry-run, --user, --prefix, --no-deps, --always-copy, --record, --build-directory, --find-links, --local-snapshots-ok, --no-user-cfg, --always-unzip, --uninstall, --version, --optimize, --index-url
[1.739s] DEBUG:colcon.colcon_core.event_handler.log_command:Invoking command in '/home/skyler/Documents/ece569-fall2026/ece569_Lab2/ws2/build/rrbot_description': PYTHONPATH=/home/skyler/Documents/ece569-fall2026/ece569_Lab2/ws2/build/rrbot_description/prefix_override:/usr/lib/python3/dist-packages/colcon_core/task/python/colcon_distutils_commands:/home/skyler/Documents/ece569-fall2026/ece569_Lab2/ws2/install/rrbot_description/lib/python3.10/site-packages:${PYTHONPATH} /usr/bin/python3 -W ignore:setup.py install is deprecated -W ignore:easy_install command is deprecated setup.py develop --editable --build-directory /home/skyler/Documents/ece569-fall2026/ece569_Lab2/ws2/build/rrbot_description/build --no-deps symlink_data
[1.748s] DEBUG:colcon.colcon_core.task.python.build:Available setuptools 'develop' options: --help, --zip-ok, --force-installation-into-system-dir, --verbose, --install-dir, --quiet, --install-layout, --multi-version, --no-find-links, --allow-hosts, --egg-path, --site-dirs, --exclude-scripts, --script-dir, --upgrade, --editable, --dry-run, --user, --prefix, --no-deps, --always-copy, --record, --build-directory, --find-links, --local-snapshots-ok, --no-user-cfg, --always-unzip, --uninstall, --version, --optimize, --index-url
[1.751s] DEBUG:colcon.colcon_core.event_handler.log_command:Invoking command in '/home/skyler/Documents/ece569-fall2026/ece569_Lab2/ws2/build/table_description': PYTHONPATH=/home/skyler/Documents/ece569-fall2026/ece569_Lab2/ws2/build/table_description/prefix_override:/usr/lib/python3/dist-packages/colcon_core/task/python/colcon_distutils_commands:/home/skyler/Documents/ece569-fall2026/ece569_Lab2/ws2/install/table_description/lib/python3.10/site-packages:${PYTHONPATH} /usr/bin/python3 -W ignore:setup.py install is deprecated -W ignore:easy_install command is deprecated setup.py develop --editable --build-directory /home/skyler/Documents/ece569-fall2026/ece569_Lab2/ws2/build/table_description/build --no-deps symlink_data
[1.766s] DEBUG:colcon.colcon_core.task.python.build:Available setuptools 'develop' options: --help, --zip-ok, --force-installation-into-system-dir, --verbose, --install-dir, --quiet, --install-layout, --multi-version, --no-find-links, --allow-hosts, --egg-path, --site-dirs, --exclude-scripts, --script-dir, --upgrade, --editable, --dry-run, --user, --prefix, --no-deps, --always-copy, --record, --build-directory, --find-links, --local-snapshots-ok, --no-user-cfg, --always-unzip, --uninstall, --version, --optimize, --index-url
[1.770s] DEBUG:colcon.colcon_core.event_handler.log_command:Invoking command in '/home/skyler/Documents/ece569-fall2026/ece569_Lab2/ws2/build/ur3e_on_table': PYTHONPATH=/home/skyler/Documents/ece569-fall2026/ece569_Lab2/ws2/build/ur3e_on_table/prefix_override:/usr/lib/python3/dist-packages/colcon_core/task/python/colcon_distutils_commands:/home/skyler/Documents/ece569-fall2026/ece569_Lab2/ws2/install/ur3e_on_table/lib/python3.10/site-packages:${PYTHONPATH} /usr/bin/python3 -W ignore:setup.py install is deprecated -W ignore:easy_install command is deprecated setup.py develop --editable --build-directory /home/skyler/Documents/ece569-fall2026/ece569_Lab2/ws2/build/ur3e_on_table/build --no-deps symlink_data
[2.166s] Level 1:colcon.colcon_core.shell:create_environment_hook('rrbot_description', 'pythonpath_develop')
[2.166s] INFO:colcon.colcon_core.shell:Creating environment hook '/home/skyler/Documents/ece569-fall2026/ece569_Lab2/ws2/build/rrbot_description/share/rrbot_description/hook/pythonpath_develop.ps1'
[2.167s] INFO:colcon.colcon_core.shell:Creating environment descriptor '/home/skyler/Documents/ece569-fall2026/ece569_Lab2/ws2/build/rrbot_description/share/rrbot_description/hook/pythonpath_develop.dsv'
[2.168s] DEBUG:colcon.colcon_core.event_handler.log_command:Invoked command in '/home/skyler/Documents/ece569-fall2026/ece569_Lab2/ws2/build/rrbot_description' returned '0': PYTHONPATH=/home/skyler/Documents/ece569-fall2026/ece569_Lab2/ws2/build/rrbot_description/prefix_override:/usr/lib/python3/dist-packages/colcon_core/task/python/colcon_distutils_commands:/home/skyler/Documents/ece569-fall2026/ece569_Lab2/ws2/install/rrbot_description/lib/python3.10/site-packages:${PYTHONPATH} /usr/bin/python3 -W ignore:setup.py install is deprecated -W ignore:easy_install command is deprecated setup.py develop --editable --build-directory /home/skyler/Documents/ece569-fall2026/ece569_Lab2/ws2/build/rrbot_description/build --no-deps symlink_data
[2.168s] INFO:colcon.colcon_core.shell:Creating environment hook '/home/skyler/Documents/ece569-fall2026/ece569_Lab2/ws2/build/rrbot_description/share/rrbot_description/hook/pythonpath_develop.sh'
[2.168s] Level 1:colcon.colcon_core.environment:checking '/home/skyler/Documents/ece569-fall2026/ece569_Lab2/ws2/install/rrbot_description' for CMake module files
[2.169s] Level 1:colcon.colcon_core.environment:checking '/home/skyler/Documents/ece569-fall2026/ece569_Lab2/ws2/install/rrbot_description' for CMake config files
[2.169s] Level 1:colcon.colcon_core.environment:checking '/home/skyler/Documents/ece569-fall2026/ece569_Lab2/ws2/install/rrbot_description/lib'
[2.169s] Level 1:colcon.colcon_core.environment:checking '/home/skyler/Documents/ece569-fall2026/ece569_Lab2/ws2/install/rrbot_description/bin'
[2.169s] Level 1:colcon.colcon_core.environment:checking '/home/skyler/Documents/ece569-fall2026/ece569_Lab2/ws2/install/rrbot_description/lib/pkgconfig/rrbot_description.pc'
[2.170s] Level 1:colcon.colcon_core.environment:checking '/home/skyler/Documents/ece569-fall2026/ece569_Lab2/ws2/install/rrbot_description/lib/python3.10/site-packages'
[2.170s] Level 1:colcon.colcon_core.shell:create_environment_hook('rrbot_description', 'pythonpath')
[2.170s] INFO:colcon.colcon_core.shell:Creating environment hook '/home/skyler/Documents/ece569-fall2026/ece569_Lab2/ws2/install/rrbot_description/share/rrbot_description/hook/pythonpath.ps1'
[2.170s] INFO:colcon.colcon_core.shell:Creating environment descriptor '/home/skyler/Documents/ece569-fall2026/ece569_Lab2/ws2/install/rrbot_description/share/rrbot_description/hook/pythonpath.dsv'
[2.171s] INFO:colcon.colcon_core.shell:Creating environment hook '/home/skyler/Documents/ece569-fall2026/ece569_Lab2/ws2/install/rrbot_description/share/rrbot_description/hook/pythonpath.sh'
[2.171s] Level 1:colcon.colcon_core.environment:checking '/home/skyler/Documents/ece569-fall2026/ece569_Lab2/ws2/install/rrbot_description/bin'
[2.171s] Level 1:colcon.colcon_core.environment:create_environment_scripts_only(rrbot_description)
[2.172s] INFO:colcon.colcon_core.shell:Creating package script '/home/skyler/Documents/ece569-fall2026/ece569_Lab2/ws2/install/rrbot_description/share/rrbot_description/package.ps1'
[2.172s] INFO:colcon.colcon_core.shell:Creating package descriptor '/home/skyler/Documents/ece569-fall2026/ece569_Lab2/ws2/install/rrbot_description/share/rrbot_description/package.dsv'
[2.173s] INFO:colcon.colcon_core.shell:Creating package script '/home/skyler/Documents/ece569-fall2026/ece569_Lab2/ws2/install/rrbot_description/share/rrbot_description/package.sh'
[2.173s] INFO:colcon.colcon_core.shell:Creating package script '/home/skyler/Documents/ece569-fall2026/ece569_Lab2/ws2/install/rrbot_description/share/rrbot_description/package.bash'
[2.174s] INFO:colcon.colcon_core.shell:Creating package script '/home/skyler/Documents/ece569-fall2026/ece569_Lab2/ws2/install/rrbot_description/share/rrbot_description/package.zsh'
[2.174s] Level 1:colcon.colcon_core.environment:create_file_with_runtime_dependencies(/home/skyler/Documents/ece569-fall2026/ece569_Lab2/ws2/install/rrbot_description/share/colcon-core/packages/rrbot_description)
[2.190s] Level 1:colcon.colcon_core.shell:create_environment_hook('table_description', 'pythonpath_develop')
[2.190s] INFO:colcon.colcon_core.shell:Creating environment hook '/home/skyler/Documents/ece569-fall2026/ece569_Lab2/ws2/build/table_description/share/table_description/hook/pythonpath_develop.ps1'
[2.190s] DEBUG:colcon.colcon_core.event_handler.log_command:Invoked command in '/home/skyler/Documents/ece569-fall2026/ece569_Lab2/ws2/build/table_description' returned '0': PYTHONPATH=/home/skyler/Documents/ece569-fall2026/ece569_Lab2/ws2/build/table_description/prefix_override:/usr/lib/python3/dist-packages/colcon_core/task/python/colcon_distutils_commands:/home/skyler/Documents/ece569-fall2026/ece569_Lab2/ws2/install/table_description/lib/python3.10/site-packages:${PYTHONPATH} /usr/bin/python3 -W ignore:setup.py install is deprecated -W ignore:easy_install command is deprecated setup.py develop --editable --build-directory /home/skyler/Documents/ece569-fall2026/ece569_Lab2/ws2/build/table_description/build --no-deps symlink_data
[2.192s] INFO:colcon.colcon_core.shell:Creating environment descriptor '/home/skyler/Documents/ece569-fall2026/ece569_Lab2/ws2/build/table_description/share/table_description/hook/pythonpath_develop.dsv'
[2.193s] INFO:colcon.colcon_core.shell:Creating environment hook '/home/skyler/Documents/ece569-fall2026/ece569_Lab2/ws2/build/table_description/share/table_description/hook/pythonpath_develop.sh'
[2.193s] Level 1:colcon.colcon_core.environment:checking '/home/skyler/Documents/ece569-fall2026/ece569_Lab2/ws2/install/table_description' for CMake module files
[2.194s] Level 1:colcon.colcon_core.environment:checking '/home/skyler/Documents/ece569-fall2026/ece569_Lab2/ws2/install/table_description' for CMake config files
[2.194s] Level 1:colcon.colcon_core.environment:checking '/home/skyler/Documents/ece569-fall2026/ece569_Lab2/ws2/install/table_description/lib'
[2.194s] Level 1:colcon.colcon_core.environment:checking '/home/skyler/Documents/ece569-fall2026/ece569_Lab2/ws2/install/table_description/bin'
[2.194s] Level 1:colcon.colcon_core.environment:checking '/home/skyler/Documents/ece569-fall2026/ece569_Lab2/ws2/install/table_description/lib/pkgconfig/table_description.pc'
[2.195s] Level 1:colcon.colcon_core.environment:checking '/home/skyler/Documents/ece569-fall2026/ece569_Lab2/ws2/install/table_description/lib/python3.10/site-packages'
[2.195s] Level 1:colcon.colcon_core.shell:create_environment_hook('table_description', 'pythonpath')
[2.195s] INFO:colcon.colcon_core.shell:Creating environment hook '/home/skyler/Documents/ece569-fall2026/ece569_Lab2/ws2/install/table_description/share/table_description/hook/pythonpath.ps1'
[2.195s] INFO:colcon.colcon_core.shell:Creating environment descriptor '/home/skyler/Documents/ece569-fall2026/ece569_Lab2/ws2/install/table_description/share/table_description/hook/pythonpath.dsv'
[2.196s] INFO:colcon.colcon_core.shell:Creating environment hook '/home/skyler/Documents/ece569-fall2026/ece569_Lab2/ws2/install/table_description/share/table_description/hook/pythonpath.sh'
[2.196s] Level 1:colcon.colcon_core.environment:checking '/home/skyler/Documents/ece569-fall2026/ece569_Lab2/ws2/install/table_description/bin'
[2.197s] Level 1:colcon.colcon_core.environment:create_environment_scripts_only(table_description)
[2.197s] INFO:colcon.colcon_core.shell:Creating package script '/home/skyler/Documents/ece569-fall2026/ece569_Lab2/ws2/install/table_description/share/table_description/package.ps1'
[2.198s] INFO:colcon.colcon_core.shell:Creating package descriptor '/home/skyler/Documents/ece569-fall2026/ece569_Lab2/ws2/install/table_description/share/table_description/package.dsv'
[2.198s] INFO:colcon.colcon_core.shell:Creating package script '/home/skyler/Documents/ece569-fall2026/ece569_Lab2/ws2/install/table_description/share/table_description/package.sh'
[2.199s] INFO:colcon.colcon_core.shell:Creating package script '/home/skyler/Documents/ece569-fall2026/ece569_Lab2/ws2/install/table_description/share/table_description/package.bash'
[2.199s] INFO:colcon.colcon_core.shell:Creating package script '/home/skyler/Documents/ece569-fall2026/ece569_Lab2/ws2/install/table_description/share/table_description/package.zsh'
[2.199s] Level 1:colcon.colcon_core.environment:create_file_with_runtime_dependencies(/home/skyler/Documents/ece569-fall2026/ece569_Lab2/ws2/install/table_description/share/colcon-core/packages/table_description)
[2.222s] Level 1:colcon.colcon_core.shell:create_environment_hook('ur3e_on_table', 'pythonpath_develop')
[2.222s] INFO:colcon.colcon_core.shell:Creating environment hook '/home/skyler/Documents/ece569-fall2026/ece569_Lab2/ws2/build/ur3e_on_table/share/ur3e_on_table/hook/pythonpath_develop.ps1'
[2.223s] DEBUG:colcon.colcon_core.event_handler.log_command:Invoked command in '/home/skyler/Documents/ece569-fall2026/ece569_Lab2/ws2/build/ur3e_on_table' returned '0': PYTHONPATH=/home/skyler/Documents/ece569-fall2026/ece569_Lab2/ws2/build/ur3e_on_table/prefix_override:/usr/lib/python3/dist-packages/colcon_core/task/python/colcon_distutils_commands:/home/skyler/Documents/ece569-fall2026/ece569_Lab2/ws2/install/ur3e_on_table/lib/python3.10/site-packages:${PYTHONPATH} /usr/bin/python3 -W ignore:setup.py install is deprecated -W ignore:easy_install command is deprecated setup.py develop --editable --build-directory /home/skyler/Documents/ece569-fall2026/ece569_Lab2/ws2/build/ur3e_on_table/build --no-deps symlink_data
[2.224s] INFO:colcon.colcon_core.shell:Creating environment descriptor '/home/skyler/Documents/ece569-fall2026/ece569_Lab2/ws2/build/ur3e_on_table/share/ur3e_on_table/hook/pythonpath_develop.dsv'
[2.224s] INFO:colcon.colcon_core.shell:Creating environment hook '/home/skyler/Documents/ece569-fall2026/ece569_Lab2/ws2/build/ur3e_on_table/share/ur3e_on_table/hook/pythonpath_develop.sh'
[2.225s] Level 1:colcon.colcon_core.environment:checking '/home/skyler/Documents/ece569-fall2026/ece569_Lab2/ws2/install/ur3e_on_table' for CMake module files
[2.225s] Level 1:colcon.colcon_core.environment:checking '/home/skyler/Documents/ece569-fall2026/ece569_Lab2/ws2/install/ur3e_on_table' for CMake config files
[2.226s] Level 1:colcon.colcon_core.environment:checking '/home/skyler/Documents/ece569-fall2026/ece569_Lab2/ws2/install/ur3e_on_table/lib'
[2.226s] Level 1:colcon.colcon_core.environment:checking '/home/skyler/Documents/ece569-fall2026/ece569_Lab2/ws2/install/ur3e_on_table/bin'
[2.226s] Level 1:colcon.colcon_core.environment:checking '/home/skyler/Documents/ece569-fall2026/ece569_Lab2/ws2/install/ur3e_on_table/lib/pkgconfig/ur3e_on_table.pc'
[2.226s] Level 1:colcon.colcon_core.environment:checking '/home/skyler/Documents/ece569-fall2026/ece569_Lab2/ws2/install/ur3e_on_table/lib/python3.10/site-packages'
[2.226s] Level 1:colcon.colcon_core.shell:create_environment_hook('ur3e_on_table', 'pythonpath')
[2.226s] INFO:colcon.colcon_core.shell:Creating environment hook '/home/skyler/Documents/ece569-fall2026/ece569_Lab2/ws2/install/ur3e_on_table/share/ur3e_on_table/hook/pythonpath.ps1'
[2.227s] INFO:colcon.colcon_core.shell:Creating environment descriptor '/home/skyler/Documents/ece569-fall2026/ece569_Lab2/ws2/install/ur3e_on_table/share/ur3e_on_table/hook/pythonpath.dsv'
[2.227s] INFO:colcon.colcon_core.shell:Creating environment hook '/home/skyler/Documents/ece569-fall2026/ece569_Lab2/ws2/install/ur3e_on_table/share/ur3e_on_table/hook/pythonpath.sh'
[2.228s] Level 1:colcon.colcon_core.environment:checking '/home/skyler/Documents/ece569-fall2026/ece569_Lab2/ws2/install/ur3e_on_table/bin'
[2.228s] Level 1:colcon.colcon_core.environment:create_environment_scripts_only(ur3e_on_table)
[2.228s] INFO:colcon.colcon_core.shell:Creating package script '/home/skyler/Documents/ece569-fall2026/ece569_Lab2/ws2/install/ur3e_on_table/share/ur3e_on_table/package.ps1'
[2.229s] INFO:colcon.colcon_core.shell:Creating package descriptor '/home/skyler/Documents/ece569-fall2026/ece569_Lab2/ws2/install/ur3e_on_table/share/ur3e_on_table/package.dsv'
[2.229s] INFO:colcon.colcon_core.shell:Creating package script '/home/skyler/Documents/ece569-fall2026/ece569_Lab2/ws2/install/ur3e_on_table/share/ur3e_on_table/package.sh'
[2.230s] INFO:colcon.colcon_core.shell:Creating package script '/home/skyler/Documents/ece569-fall2026/ece569_Lab2/ws2/install/ur3e_on_table/share/ur3e_on_table/package.bash'
[2.230s] INFO:colcon.colcon_core.shell:Creating package script '/home/skyler/Documents/ece569-fall2026/ece569_Lab2/ws2/install/ur3e_on_table/share/ur3e_on_table/package.zsh'
[2.230s] Level 1:colcon.colcon_core.environment:create_file_with_runtime_dependencies(/home/skyler/Documents/ece569-fall2026/ece569_Lab2/ws2/install/ur3e_on_table/share/colcon-core/packages/ur3e_on_table)
[2.231s] DEBUG:colcon.colcon_parallel_executor.executor.parallel:closing loop
[2.231s] DEBUG:colcon.colcon_parallel_executor.executor.parallel:loop closed
[2.231s] DEBUG:colcon.colcon_parallel_executor.executor.parallel:run_until_complete finished with '0'
[2.231s] DEBUG:colcon.colcon_core.event_reactor:joining thread
[2.236s] INFO:colcon.colcon_core.plugin_system:Skipping extension 'colcon_notification.desktop_notification.terminal_notifier': Not used on non-Darwin systems
[2.236s] INFO:colcon.colcon_core.plugin_system:Skipping extension 'colcon_notification.desktop_notification.win32': Not used on non-Windows systems
[2.236s] INFO:colcon.colcon_notification.desktop_notification:Sending desktop notification using 'notify2'
[2.248s] DEBUG:colcon.colcon_core.event_reactor:joined thread
[2.248s] INFO:colcon.colcon_core.shell:Creating prefix script '/home/skyler/Documents/ece569-fall2026/ece569_Lab2/ws2/install/local_setup.ps1'
[2.249s] INFO:colcon.colcon_core.shell:Creating prefix util module '/home/skyler/Documents/ece569-fall2026/ece569_Lab2/ws2/install/_local_setup_util_ps1.py'
[2.250s] INFO:colcon.colcon_core.shell:Creating prefix chain script '/home/skyler/Documents/ece569-fall2026/ece569_Lab2/ws2/install/setup.ps1'
[2.251s] INFO:colcon.colcon_core.shell:Creating prefix script '/home/skyler/Documents/ece569-fall2026/ece569_Lab2/ws2/install/local_setup.sh'
[2.251s] INFO:colcon.colcon_core.shell:Creating prefix util module '/home/skyler/Documents/ece569-fall2026/ece569_Lab2/ws2/install/_local_setup_util_sh.py'
[2.252s] INFO:colcon.colcon_core.shell:Creating prefix chain script '/home/skyler/Documents/ece569-fall2026/ece569_Lab2/ws2/install/setup.sh'
[2.253s] INFO:colcon.colcon_core.shell:Creating prefix script '/home/skyler/Documents/ece569-fall2026/ece569_Lab2/ws2/install/local_setup.bash'
[2.253s] INFO:colcon.colcon_core.shell:Creating prefix chain script '/home/skyler/Documents/ece569-fall2026/ece569_Lab2/ws2/install/setup.bash'
[2.254s] INFO:colcon.colcon_core.shell:Creating prefix script '/home/skyler/Documents/ece569-fall2026/ece569_Lab2/ws2/install/local_setup.zsh'
[2.254s] INFO:colcon.colcon_core.shell:Creating prefix chain script '/home/skyler/Documents/ece569-fall2026/ece569_Lab2/ws2/install/setup.zsh'
