[0.471s] Invoking command in '/home/skyler/Documents/ece569-fall2026/ece569_Lab2/ws2/build/ur_description': CMAKE_PREFIX_PATH=/home/skyler/Documents/ece569-fall2026/ece569_Lab2/ws2/install/table_description:/home/skyler/Documents/ece569-fall2026/ece569_Lab2/ws2/install/rrbot_description:/opt/ros/humble /usr/bin/cmake /home/skyler/Documents/ece569-fall2026/ece569_Lab2/ws2/src/Universal_Robots_ROS2_Description -DAMENT_CMAKE_SYMLINK_INSTALL=1 -DCMAKE_INSTALL_PREFIX=/home/skyler/Documents/ece569-fall2026/ece569_Lab2/ws2/install/ur_description
[0.709s] -- The C compiler identification is GNU 11.4.0
[0.871s] -- The CXX compiler identification is GNU 11.4.0
[0.890s] -- Detecting C compiler ABI info
[0.968s] -- Detecting C compiler ABI info - done
[0.970s] -- Check for working C compiler: /usr/bin/cc - skipped
[0.970s] -- Detecting C compile features
[0.971s] -- Detecting C compile features - done
[0.975s] -- Detecting CXX compiler ABI info
[1.056s] -- Detecting CXX compiler ABI info - done
[1.061s] -- Check for working CXX compiler: /usr/bin/c++ - skipped
[1.062s] -- Detecting CXX compile features
[1.062s] -- Detecting CXX compile features - done
[1.068s] -- Found ament_cmake: 1.3.14 (/opt/ros/humble/share/ament_cmake/cmake)
[1.219s] -- Found Python3: /usr/bin/python3 (found version "3.10.12") found components: Interpreter 
[1.292s] -- Override CMake install command with custom implementation using symlinks instead of copying resources
[1.341s] -- Found ament_cmake_pytest: 1.3.14 (/opt/ros/humble/share/ament_cmake_pytest/cmake)
[2.255s] -- Configuring done
[2.257s] -- Generating done
[2.259s] -- Build files have been written to: /home/skyler/Documents/ece569-fall2026/ece569_Lab2/ws2/build/ur_description
[2.262s] Invoked command in '/home/skyler/Documents/ece569-fall2026/ece569_Lab2/ws2/build/ur_description' returned '0': CMAKE_PREFIX_PATH=/home/skyler/Documents/ece569-fall2026/ece569_Lab2/ws2/install/table_description:/home/skyler/Documents/ece569-fall2026/ece569_Lab2/ws2/install/rrbot_description:/opt/ros/humble /usr/bin/cmake /home/skyler/Documents/ece569-fall2026/ece569_Lab2/ws2/src/Universal_Robots_ROS2_Description -DAMENT_CMAKE_SYMLINK_INSTALL=1 -DCMAKE_INSTALL_PREFIX=/home/skyler/Documents/ece569-fall2026/ece569_Lab2/ws2/install/ur_description
[2.264s] Invoking command in '/home/skyler/Documents/ece569-fall2026/ece569_Lab2/ws2/build/ur_description': CMAKE_PREFIX_PATH=/home/skyler/Documents/ece569-fall2026/ece569_Lab2/ws2/install/table_description:/home/skyler/Documents/ece569-fall2026/ece569_Lab2/ws2/install/rrbot_description:/opt/ros/humble /usr/bin/cmake --build /home/skyler/Documents/ece569-fall2026/ece569_Lab2/ws2/build/ur_description -- -j4 -l4
[2.296s] Invoked command in '/home/skyler/Documents/ece569-fall2026/ece569_Lab2/ws2/build/ur_description' returned '0': CMAKE_PREFIX_PATH=/home/skyler/Documents/ece569-fall2026/ece569_Lab2/ws2/install/table_description:/home/skyler/Documents/ece569-fall2026/ece569_Lab2/ws2/install/rrbot_description:/opt/ros/humble /usr/bin/cmake --build /home/skyler/Documents/ece569-fall2026/ece569_Lab2/ws2/build/ur_description -- -j4 -l4
[2.306s] Invoking command in '/home/skyler/Documents/ece569-fall2026/ece569_Lab2/ws2/build/ur_description': CMAKE_PREFIX_PATH=/home/skyler/Documents/ece569-fall2026/ece569_Lab2/ws2/install/table_description:/home/skyler/Documents/ece569-fall2026/ece569_Lab2/ws2/install/rrbot_description:/opt/ros/humble /usr/bin/cmake --install /home/skyler/Documents/ece569-fall2026/ece569_Lab2/ws2/build/ur_description
[2.312s] -- Install configuration: ""
[2.312s] -- Execute custom install script
[2.313s] -- Symlinking: /home/skyler/Documents/ece569-fall2026/ece569_Lab2/ws2/install/ur_description/share/ur_description/config/initial_positions.yaml
[2.321s] -- Symlinking: /home/skyler/Documents/ece569-fall2026/ece569_Lab2/ws2/install/ur_description/share/ur_description/config/ur10/default_kinematics.yaml
[2.330s] -- Symlinking: /home/skyler/Documents/ece569-fall2026/ece569_Lab2/ws2/install/ur_description/share/ur_description/config/ur10/joint_limits.yaml
[2.337s] -- Symlinking: /home/skyler/Documents/ece569-fall2026/ece569_Lab2/ws2/install/ur_description/share/ur_description/config/ur10/physical_parameters.yaml
[2.344s] -- Symlinking: /home/skyler/Documents/ece569-fall2026/ece569_Lab2/ws2/install/ur_description/share/ur_description/config/ur10/visual_parameters.yaml
[2.352s] -- Symlinking: /home/skyler/Documents/ece569-fall2026/ece569_Lab2/ws2/install/ur_description/share/ur_description/config/ur10e/default_kinematics.yaml
[2.360s] -- Symlinking: /home/skyler/Documents/ece569-fall2026/ece569_Lab2/ws2/install/ur_description/share/ur_description/config/ur10e/joint_limits.yaml
[2.368s] -- Symlinking: /home/skyler/Documents/ece569-fall2026/ece569_Lab2/ws2/install/ur_description/share/ur_description/config/ur10e/physical_parameters.yaml
[2.375s] -- Symlinking: /home/skyler/Documents/ece569-fall2026/ece569_Lab2/ws2/install/ur_description/share/ur_description/config/ur10e/visual_parameters.yaml
[2.382s] -- Symlinking: /home/skyler/Documents/ece569-fall2026/ece569_Lab2/ws2/install/ur_description/share/ur_description/config/ur12e/default_kinematics.yaml
[2.390s] -- Symlinking: /home/skyler/Documents/ece569-fall2026/ece569_Lab2/ws2/install/ur_description/share/ur_description/config/ur12e/joint_limits.yaml
[2.397s] -- Symlinking: /home/skyler/Documents/ece569-fall2026/ece569_Lab2/ws2/install/ur_description/share/ur_description/config/ur12e/physical_parameters.yaml
[2.405s] -- Symlinking: /home/skyler/Documents/ece569-fall2026/ece569_Lab2/ws2/install/ur_description/share/ur_description/config/ur12e/visual_parameters.yaml
[2.413s] -- Symlinking: /home/skyler/Documents/ece569-fall2026/ece569_Lab2/ws2/install/ur_description/share/ur_description/config/ur15/default_kinematics.yaml
[2.421s] -- Symlinking: /home/skyler/Documents/ece569-fall2026/ece569_Lab2/ws2/install/ur_description/share/ur_description/config/ur15/joint_limits.yaml
[2.430s] -- Symlinking: /home/skyler/Documents/ece569-fall2026/ece569_Lab2/ws2/install/ur_description/share/ur_description/config/ur15/physical_parameters.yaml
[2.438s] -- Symlinking: /home/skyler/Documents/ece569-fall2026/ece569_Lab2/ws2/install/ur_description/share/ur_description/config/ur15/visual_parameters.yaml
[2.445s] -- Symlinking: /home/skyler/Documents/ece569-fall2026/ece569_Lab2/ws2/install/ur_description/share/ur_description/config/ur16e/default_kinematics.yaml
[2.453s] -- Symlinking: /home/skyler/Documents/ece569-fall2026/ece569_Lab2/ws2/install/ur_description/share/ur_description/config/ur16e/joint_limits.yaml
[2.461s] -- Symlinking: /home/skyler/Documents/ece569-fall2026/ece569_Lab2/ws2/install/ur_description/share/ur_description/config/ur16e/physical_parameters.yaml
[2.468s] -- Symlinking: /home/skyler/Documents/ece569-fall2026/ece569_Lab2/ws2/install/ur_description/share/ur_description/config/ur16e/visual_parameters.yaml
[2.476s] -- Symlinking: /home/skyler/Documents/ece569-fall2026/ece569_Lab2/ws2/install/ur_description/share/ur_description/config/ur18/default_kinematics.yaml
[2.483s] -- Symlinking: /home/skyler/Documents/ece569-fall2026/ece569_Lab2/ws2/install/ur_description/share/ur_description/config/ur18/joint_limits.yaml
[2.491s] -- Symlinking: /home/skyler/Documents/ece569-fall2026/ece569_Lab2/ws2/install/ur_description/share/ur_description/config/ur18/physical_parameters.yaml
[2.499s] -- Symlinking: /home/skyler/Documents/ece569-fall2026/ece569_Lab2/ws2/install/ur_description/share/ur_description/config/ur18/visual_parameters.yaml
[2.507s] -- Symlinking: /home/skyler/Documents/ece569-fall2026/ece569_Lab2/ws2/install/ur_description/share/ur_description/config/ur20/default_kinematics.yaml
[2.515s] -- Symlinking: /home/skyler/Documents/ece569-fall2026/ece569_Lab2/ws2/install/ur_description/share/ur_description/config/ur20/joint_limits.yaml
[2.523s] -- Symlinking: /home/skyler/Documents/ece569-fall2026/ece569_Lab2/ws2/install/ur_description/share/ur_description/config/ur20/physical_parameters.yaml
[2.532s] -- Symlinking: /home/skyler/Documents/ece569-fall2026/ece569_Lab2/ws2/install/ur_description/share/ur_description/config/ur20/visual_parameters.yaml
[2.540s] -- Symlinking: /home/skyler/Documents/ece569-fall2026/ece569_Lab2/ws2/install/ur_description/share/ur_description/config/ur3/default_kinematics.yaml
[2.548s] -- Symlinking: /home/skyler/Documents/ece569-fall2026/ece569_Lab2/ws2/install/ur_description/share/ur_description/config/ur3/joint_limits.yaml
[2.557s] -- Symlinking: /home/skyler/Documents/ece569-fall2026/ece569_Lab2/ws2/install/ur_description/share/ur_description/config/ur3/physical_parameters.yaml
[2.565s] -- Symlinking: /home/skyler/Documents/ece569-fall2026/ece569_Lab2/ws2/install/ur_description/share/ur_description/config/ur3/visual_parameters.yaml
[2.573s] -- Symlinking: /home/skyler/Documents/ece569-fall2026/ece569_Lab2/ws2/install/ur_description/share/ur_description/config/ur30/default_kinematics.yaml
[2.580s] -- Symlinking: /home/skyler/Documents/ece569-fall2026/ece569_Lab2/ws2/install/ur_description/share/ur_description/config/ur30/joint_limits.yaml
[2.588s] -- Symlinking: /home/skyler/Documents/ece569-fall2026/ece569_Lab2/ws2/install/ur_description/share/ur_description/config/ur30/physical_parameters.yaml
[2.596s] -- Symlinking: /home/skyler/Documents/ece569-fall2026/ece569_Lab2/ws2/install/ur_description/share/ur_description/config/ur30/visual_parameters.yaml
[2.603s] -- Symlinking: /home/skyler/Documents/ece569-fall2026/ece569_Lab2/ws2/install/ur_description/share/ur_description/config/ur3e/default_kinematics.yaml
[2.611s] -- Symlinking: /home/skyler/Documents/ece569-fall2026/ece569_Lab2/ws2/install/ur_description/share/ur_description/config/ur3e/joint_limits.yaml
[2.620s] -- Symlinking: /home/skyler/Documents/ece569-fall2026/ece569_Lab2/ws2/install/ur_description/share/ur_description/config/ur3e/physical_parameters.yaml
[2.628s] -- Symlinking: /home/skyler/Documents/ece569-fall2026/ece569_Lab2/ws2/install/ur_description/share/ur_description/config/ur3e/visual_parameters.yaml
[2.636s] -- Symlinking: /home/skyler/Documents/ece569-fall2026/ece569_Lab2/ws2/install/ur_description/share/ur_description/config/ur5/default_kinematics.yaml
[2.644s] -- Symlinking: /home/skyler/Documents/ece569-fall2026/ece569_Lab2/ws2/install/ur_description/share/ur_description/config/ur5/joint_limits.yaml
[2.652s] -- Symlinking: /home/skyler/Documents/ece569-fall2026/ece569_Lab2/ws2/install/ur_description/share/ur_description/config/ur5/physical_parameters.yaml
[2.660s] -- Symlinking: /home/skyler/Documents/ece569-fall2026/ece569_Lab2/ws2/install/ur_description/share/ur_description/config/ur5/visual_parameters.yaml
[2.667s] -- Symlinking: /home/skyler/Documents/ece569-fall2026/ece569_Lab2/ws2/install/ur_description/share/ur_description/config/ur5e/default_kinematics.yaml
[2.675s] -- Symlinking: /home/skyler/Documents/ece569-fall2026/ece569_Lab2/ws2/install/ur_description/share/ur_description/config/ur5e/joint_limits.yaml
[2.683s] -- Symlinking: /home/skyler/Documents/ece569-fall2026/ece569_Lab2/ws2/install/ur_description/share/ur_description/config/ur5e/physical_parameters.yaml
[2.690s] -- Symlinking: /home/skyler/Documents/ece569-fall2026/ece569_Lab2/ws2/install/ur_description/share/ur_description/config/ur5e/visual_parameters.yaml
[2.698s] -- Symlinking: /home/skyler/Documents/ece569-fall2026/ece569_Lab2/ws2/install/ur_description/share/ur_description/config/ur7e/default_kinematics.yaml
[2.706s] -- Symlinking: /home/skyler/Documents/ece569-fall2026/ece569_Lab2/ws2/install/ur_description/share/ur_description/config/ur7e/joint_limits.yaml
[2.714s] -- Symlinking: /home/skyler/Documents/ece569-fall2026/ece569_Lab2/ws2/install/ur_description/share/ur_description/config/ur7e/physical_parameters.yaml
[2.722s] -- Symlinking: /home/skyler/Documents/ece569-fall2026/ece569_Lab2/ws2/install/ur_description/share/ur_description/config/ur7e/visual_parameters.yaml
[2.732s] -- Symlinking: /home/skyler/Documents/ece569-fall2026/ece569_Lab2/ws2/install/ur_description/share/ur_description/config/ur8long/default_kinematics.yaml
[2.739s] -- Symlinking: /home/skyler/Documents/ece569-fall2026/ece569_Lab2/ws2/install/ur_description/share/ur_description/config/ur8long/joint_limits.yaml
[2.746s] -- Symlinking: /home/skyler/Documents/ece569-fall2026/ece569_Lab2/ws2/install/ur_description/share/ur_description/config/ur8long/physical_parameters.yaml
[2.754s] -- Symlinking: /home/skyler/Documents/ece569-fall2026/ece569_Lab2/ws2/install/ur_description/share/ur_description/config/ur8long/visual_parameters.yaml
[2.762s] -- Symlinking: /home/skyler/Documents/ece569-fall2026/ece569_Lab2/ws2/install/ur_description/share/ur_description/launch/view_ur.launch.py
[2.770s] -- Symlinking: /home/skyler/Documents/ece569-fall2026/ece569_Lab2/ws2/install/ur_description/share/ur_description/launch/view_ur.launch.xml
[2.779s] -- Symlinking: /home/skyler/Documents/ece569-fall2026/ece569_Lab2/ws2/install/ur_description/share/ur_description/meshes/ur10/collision/base.stl
[2.786s] -- Symlinking: /home/skyler/Documents/ece569-fall2026/ece569_Lab2/ws2/install/ur_description/share/ur_description/meshes/ur10/collision/forearm.stl
[2.794s] -- Symlinking: /home/skyler/Documents/ece569-fall2026/ece569_Lab2/ws2/install/ur_description/share/ur_description/meshes/ur10/collision/shoulder.stl
[2.801s] -- Symlinking: /home/skyler/Documents/ece569-fall2026/ece569_Lab2/ws2/install/ur_description/share/ur_description/meshes/ur10/collision/upperarm.stl
[2.810s] -- Symlinking: /home/skyler/Documents/ece569-fall2026/ece569_Lab2/ws2/install/ur_description/share/ur_description/meshes/ur10/collision/wrist1.stl
[2.818s] -- Symlinking: /home/skyler/Documents/ece569-fall2026/ece569_Lab2/ws2/install/ur_description/share/ur_description/meshes/ur10/collision/wrist2.stl
[2.826s] -- Symlinking: /home/skyler/Documents/ece569-fall2026/ece569_Lab2/ws2/install/ur_description/share/ur_description/meshes/ur10/collision/wrist3.stl
[2.835s] -- Symlinking: /home/skyler/Documents/ece569-fall2026/ece569_Lab2/ws2/install/ur_description/share/ur_description/meshes/ur10/visual/base.dae
[2.843s] -- Symlinking: /home/skyler/Documents/ece569-fall2026/ece569_Lab2/ws2/install/ur_description/share/ur_description/meshes/ur10/visual/forearm.dae
[2.851s] -- Symlinking: /home/skyler/Documents/ece569-fall2026/ece569_Lab2/ws2/install/ur_description/share/ur_description/meshes/ur10/visual/shoulder.dae
[2.859s] -- Symlinking: /home/skyler/Documents/ece569-fall2026/ece569_Lab2/ws2/install/ur_description/share/ur_description/meshes/ur10/visual/upperarm.dae
[2.866s] -- Symlinking: /home/skyler/Documents/ece569-fall2026/ece569_Lab2/ws2/install/ur_description/share/ur_description/meshes/ur10/visual/wrist1.dae
[2.874s] -- Symlinking: /home/skyler/Documents/ece569-fall2026/ece569_Lab2/ws2/install/ur_description/share/ur_description/meshes/ur10/visual/wrist2.dae
[2.881s] -- Symlinking: /home/skyler/Documents/ece569-fall2026/ece569_Lab2/ws2/install/ur_description/share/ur_description/meshes/ur10/visual/wrist3.dae
[2.889s] -- Symlinking: /home/skyler/Documents/ece569-fall2026/ece569_Lab2/ws2/install/ur_description/share/ur_description/meshes/ur10e/collision/base.stl
[2.897s] -- Symlinking: /home/skyler/Documents/ece569-fall2026/ece569_Lab2/ws2/install/ur_description/share/ur_description/meshes/ur10e/collision/forearm.stl
[2.905s] -- Symlinking: /home/skyler/Documents/ece569-fall2026/ece569_Lab2/ws2/install/ur_description/share/ur_description/meshes/ur10e/collision/shoulder.stl
[2.912s] -- Symlinking: /home/skyler/Documents/ece569-fall2026/ece569_Lab2/ws2/install/ur_description/share/ur_description/meshes/ur10e/collision/upperarm.stl
[2.921s] -- Symlinking: /home/skyler/Documents/ece569-fall2026/ece569_Lab2/ws2/install/ur_description/share/ur_description/meshes/ur10e/collision/wrist1.stl
[2.929s] -- Symlinking: /home/skyler/Documents/ece569-fall2026/ece569_Lab2/ws2/install/ur_description/share/ur_description/meshes/ur10e/collision/wrist2.stl
[2.937s] -- Symlinking: /home/skyler/Documents/ece569-fall2026/ece569_Lab2/ws2/install/ur_description/share/ur_description/meshes/ur10e/collision/wrist3.stl
[2.945s] -- Symlinking: /home/skyler/Documents/ece569-fall2026/ece569_Lab2/ws2/install/ur_description/share/ur_description/meshes/ur10e/visual/base.dae
[2.953s] -- Symlinking: /home/skyler/Documents/ece569-fall2026/ece569_Lab2/ws2/install/ur_description/share/ur_description/meshes/ur10e/visual/forearm.dae
[2.960s] -- Symlinking: /home/skyler/Documents/ece569-fall2026/ece569_Lab2/ws2/install/ur_description/share/ur_description/meshes/ur10e/visual/shoulder.dae
[2.968s] -- Symlinking: /home/skyler/Documents/ece569-fall2026/ece569_Lab2/ws2/install/ur_description/share/ur_description/meshes/ur10e/visual/upperarm.dae
[2.975s] -- Symlinking: /home/skyler/Documents/ece569-fall2026/ece569_Lab2/ws2/install/ur_description/share/ur_description/meshes/ur10e/visual/wrist1.dae
[2.984s] -- Symlinking: /home/skyler/Documents/ece569-fall2026/ece569_Lab2/ws2/install/ur_description/share/ur_description/meshes/ur10e/visual/wrist2.dae
[2.991s] -- Symlinking: /home/skyler/Documents/ece569-fall2026/ece569_Lab2/ws2/install/ur_description/share/ur_description/meshes/ur10e/visual/wrist3.dae
[2.998s] -- Symlinking: /home/skyler/Documents/ece569-fall2026/ece569_Lab2/ws2/install/ur_description/share/ur_description/meshes/ur15/LICENSE.txt
[3.006s] -- Symlinking: /home/skyler/Documents/ece569-fall2026/ece569_Lab2/ws2/install/ur_description/share/ur_description/meshes/ur15/collision/base.stl
[3.014s] -- Symlinking: /home/skyler/Documents/ece569-fall2026/ece569_Lab2/ws2/install/ur_description/share/ur_description/meshes/ur15/collision/forearm.stl
[3.022s] -- Symlinking: /home/skyler/Documents/ece569-fall2026/ece569_Lab2/ws2/install/ur_description/share/ur_description/meshes/ur15/collision/shoulder.stl
[3.031s] -- Symlinking: /home/skyler/Documents/ece569-fall2026/ece569_Lab2/ws2/install/ur_description/share/ur_description/meshes/ur15/collision/upperarm.stl
[3.039s] -- Symlinking: /home/skyler/Documents/ece569-fall2026/ece569_Lab2/ws2/install/ur_description/share/ur_description/meshes/ur15/collision/wrist1.stl
[3.047s] -- Symlinking: /home/skyler/Documents/ece569-fall2026/ece569_Lab2/ws2/install/ur_description/share/ur_description/meshes/ur15/collision/wrist2.stl
[3.055s] -- Symlinking: /home/skyler/Documents/ece569-fall2026/ece569_Lab2/ws2/install/ur_description/share/ur_description/meshes/ur15/collision/wrist3.stl
[3.063s] -- Symlinking: /home/skyler/Documents/ece569-fall2026/ece569_Lab2/ws2/install/ur_description/share/ur_description/meshes/ur15/visual/UR15_DIFF_8bit_2K.jpg
[3.071s] -- Symlinking: /home/skyler/Documents/ece569-fall2026/ece569_Lab2/ws2/install/ur_description/share/ur_description/meshes/ur15/visual/base.dae
[3.078s] -- Symlinking: /home/skyler/Documents/ece569-fall2026/ece569_Lab2/ws2/install/ur_description/share/ur_description/meshes/ur15/visual/forearm.dae
[3.086s] -- Symlinking: /home/skyler/Documents/ece569-fall2026/ece569_Lab2/ws2/install/ur_description/share/ur_description/meshes/ur15/visual/shoulder.dae
[3.093s] -- Symlinking: /home/skyler/Documents/ece569-fall2026/ece569_Lab2/ws2/install/ur_description/share/ur_description/meshes/ur15/visual/upperarm.dae
[3.101s] -- Symlinking: /home/skyler/Documents/ece569-fall2026/ece569_Lab2/ws2/install/ur_description/share/ur_description/meshes/ur15/visual/wrist1.dae
[3.109s] -- Symlinking: /home/skyler/Documents/ece569-fall2026/ece569_Lab2/ws2/install/ur_description/share/ur_description/meshes/ur15/visual/wrist2.dae
[3.117s] -- Symlinking: /home/skyler/Documents/ece569-fall2026/ece569_Lab2/ws2/install/ur_description/share/ur_description/meshes/ur15/visual/wrist3.dae
[3.125s] -- Symlinking: /home/skyler/Documents/ece569-fall2026/ece569_Lab2/ws2/install/ur_description/share/ur_description/meshes/ur16e/collision/forearm.stl
[3.133s] -- Symlinking: /home/skyler/Documents/ece569-fall2026/ece569_Lab2/ws2/install/ur_description/share/ur_description/meshes/ur16e/collision/upperarm.stl
[3.141s] -- Symlinking: /home/skyler/Documents/ece569-fall2026/ece569_Lab2/ws2/install/ur_description/share/ur_description/meshes/ur16e/visual/forearm.dae
[3.149s] -- Symlinking: /home/skyler/Documents/ece569-fall2026/ece569_Lab2/ws2/install/ur_description/share/ur_description/meshes/ur16e/visual/upperarm.dae
[3.158s] -- Symlinking: /home/skyler/Documents/ece569-fall2026/ece569_Lab2/ws2/install/ur_description/share/ur_description/meshes/ur18/LICENSE.txt
[3.165s] -- Symlinking: /home/skyler/Documents/ece569-fall2026/ece569_Lab2/ws2/install/ur_description/share/ur_description/meshes/ur18/collision/forearm.stl
[3.173s] -- Symlinking: /home/skyler/Documents/ece569-fall2026/ece569_Lab2/ws2/install/ur_description/share/ur_description/meshes/ur18/collision/upperarm.stl
[3.181s] -- Symlinking: /home/skyler/Documents/ece569-fall2026/ece569_Lab2/ws2/install/ur_description/share/ur_description/meshes/ur18/visual/UR18_DIFF_8bit_2K.jpg
[3.188s] -- Symlinking: /home/skyler/Documents/ece569-fall2026/ece569_Lab2/ws2/install/ur_description/share/ur_description/meshes/ur18/visual/forearm.dae
[3.196s] -- Symlinking: /home/skyler/Documents/ece569-fall2026/ece569_Lab2/ws2/install/ur_description/share/ur_description/meshes/ur18/visual/upperarm.dae
[3.204s] -- Symlinking: /home/skyler/Documents/ece569-fall2026/ece569_Lab2/ws2/install/ur_description/share/ur_description/meshes/ur20/LICENSE.txt
[3.212s] -- Symlinking: /home/skyler/Documents/ece569-fall2026/ece569_Lab2/ws2/install/ur_description/share/ur_description/meshes/ur20/collision/base.stl
[3.220s] -- Symlinking: /home/skyler/Documents/ece569-fall2026/ece569_Lab2/ws2/install/ur_description/share/ur_description/meshes/ur20/collision/forearm.stl
[3.228s] -- Symlinking: /home/skyler/Documents/ece569-fall2026/ece569_Lab2/ws2/install/ur_description/share/ur_description/meshes/ur20/collision/shoulder.stl
[3.236s] -- Symlinking: /home/skyler/Documents/ece569-fall2026/ece569_Lab2/ws2/install/ur_description/share/ur_description/meshes/ur20/collision/upperarm.stl
[3.244s] -- Symlinking: /home/skyler/Documents/ece569-fall2026/ece569_Lab2/ws2/install/ur_description/share/ur_description/meshes/ur20/collision/wrist1.stl
[3.252s] -- Symlinking: /home/skyler/Documents/ece569-fall2026/ece569_Lab2/ws2/install/ur_description/share/ur_description/meshes/ur20/collision/wrist2.stl
[3.260s] -- Symlinking: /home/skyler/Documents/ece569-fall2026/ece569_Lab2/ws2/install/ur_description/share/ur_description/meshes/ur20/collision/wrist3.stl
[3.268s] -- Symlinking: /home/skyler/Documents/ece569-fall2026/ece569_Lab2/ws2/install/ur_description/share/ur_description/meshes/ur20/visual/UR20_DIFF_8bit_2K.png
[3.276s] -- Symlinking: /home/skyler/Documents/ece569-fall2026/ece569_Lab2/ws2/install/ur_description/share/ur_description/meshes/ur20/visual/base.dae
[3.283s] -- Symlinking: /home/skyler/Documents/ece569-fall2026/ece569_Lab2/ws2/install/ur_description/share/ur_description/meshes/ur20/visual/forearm.dae
[3.291s] -- Symlinking: /home/skyler/Documents/ece569-fall2026/ece569_Lab2/ws2/install/ur_description/share/ur_description/meshes/ur20/visual/shoulder.dae
[3.299s] -- Symlinking: /home/skyler/Documents/ece569-fall2026/ece569_Lab2/ws2/install/ur_description/share/ur_description/meshes/ur20/visual/upperarm.dae
[3.307s] -- Symlinking: /home/skyler/Documents/ece569-fall2026/ece569_Lab2/ws2/install/ur_description/share/ur_description/meshes/ur20/visual/wrist1.dae
[3.315s] -- Symlinking: /home/skyler/Documents/ece569-fall2026/ece569_Lab2/ws2/install/ur_description/share/ur_description/meshes/ur20/visual/wrist2.dae
[3.323s] -- Symlinking: /home/skyler/Documents/ece569-fall2026/ece569_Lab2/ws2/install/ur_description/share/ur_description/meshes/ur20/visual/wrist3.dae
[3.331s] -- Symlinking: /home/skyler/Documents/ece569-fall2026/ece569_Lab2/ws2/install/ur_description/share/ur_description/meshes/ur3/collision/base.stl
[3.339s] -- Symlinking: /home/skyler/Documents/ece569-fall2026/ece569_Lab2/ws2/install/ur_description/share/ur_description/meshes/ur3/collision/forearm.stl
[3.346s] -- Symlinking: /home/skyler/Documents/ece569-fall2026/ece569_Lab2/ws2/install/ur_description/share/ur_description/meshes/ur3/collision/shoulder.stl
[3.354s] -- Symlinking: /home/skyler/Documents/ece569-fall2026/ece569_Lab2/ws2/install/ur_description/share/ur_description/meshes/ur3/collision/upperarm.stl
[3.362s] -- Symlinking: /home/skyler/Documents/ece569-fall2026/ece569_Lab2/ws2/install/ur_description/share/ur_description/meshes/ur3/collision/wrist1.stl
[3.369s] -- Symlinking: /home/skyler/Documents/ece569-fall2026/ece569_Lab2/ws2/install/ur_description/share/ur_description/meshes/ur3/collision/wrist2.stl
[3.377s] -- Symlinking: /home/skyler/Documents/ece569-fall2026/ece569_Lab2/ws2/install/ur_description/share/ur_description/meshes/ur3/collision/wrist3.stl
[3.384s] -- Symlinking: /home/skyler/Documents/ece569-fall2026/ece569_Lab2/ws2/install/ur_description/share/ur_description/meshes/ur3/visual/base.dae
[3.391s] -- Symlinking: /home/skyler/Documents/ece569-fall2026/ece569_Lab2/ws2/install/ur_description/share/ur_description/meshes/ur3/visual/forearm.dae
[3.399s] -- Symlinking: /home/skyler/Documents/ece569-fall2026/ece569_Lab2/ws2/install/ur_description/share/ur_description/meshes/ur3/visual/shoulder.dae
[3.407s] -- Symlinking: /home/skyler/Documents/ece569-fall2026/ece569_Lab2/ws2/install/ur_description/share/ur_description/meshes/ur3/visual/upperarm.dae
[3.415s] -- Symlinking: /home/skyler/Documents/ece569-fall2026/ece569_Lab2/ws2/install/ur_description/share/ur_description/meshes/ur3/visual/wrist1.dae
[3.423s] -- Symlinking: /home/skyler/Documents/ece569-fall2026/ece569_Lab2/ws2/install/ur_description/share/ur_description/meshes/ur3/visual/wrist2.dae
[3.431s] -- Symlinking: /home/skyler/Documents/ece569-fall2026/ece569_Lab2/ws2/install/ur_description/share/ur_description/meshes/ur3/visual/wrist3.dae
[3.439s] -- Symlinking: /home/skyler/Documents/ece569-fall2026/ece569_Lab2/ws2/install/ur_description/share/ur_description/meshes/ur30/LICENSE.txt
[3.447s] -- Symlinking: /home/skyler/Documents/ece569-fall2026/ece569_Lab2/ws2/install/ur_description/share/ur_description/meshes/ur30/collision/forearm.stl
[3.455s] -- Symlinking: /home/skyler/Documents/ece569-fall2026/ece569_Lab2/ws2/install/ur_description/share/ur_description/meshes/ur30/collision/upperarm.stl
[3.464s] -- Symlinking: /home/skyler/Documents/ece569-fall2026/ece569_Lab2/ws2/install/ur_description/share/ur_description/meshes/ur30/visual/UR30_DIFF_8bit_2K.png
[3.472s] -- Symlinking: /home/skyler/Documents/ece569-fall2026/ece569_Lab2/ws2/install/ur_description/share/ur_description/meshes/ur30/visual/forearm.dae
[3.479s] -- Symlinking: /home/skyler/Documents/ece569-fall2026/ece569_Lab2/ws2/install/ur_description/share/ur_description/meshes/ur30/visual/upperarm.dae
[3.487s] -- Symlinking: /home/skyler/Documents/ece569-fall2026/ece569_Lab2/ws2/install/ur_description/share/ur_description/meshes/ur3e/collision/base.stl
[3.495s] -- Symlinking: /home/skyler/Documents/ece569-fall2026/ece569_Lab2/ws2/install/ur_description/share/ur_description/meshes/ur3e/collision/forearm.stl
[3.502s] -- Symlinking: /home/skyler/Documents/ece569-fall2026/ece569_Lab2/ws2/install/ur_description/share/ur_description/meshes/ur3e/collision/shoulder.stl
[3.510s] -- Symlinking: /home/skyler/Documents/ece569-fall2026/ece569_Lab2/ws2/install/ur_description/share/ur_description/meshes/ur3e/collision/upperarm.stl
[3.518s] -- Symlinking: /home/skyler/Documents/ece569-fall2026/ece569_Lab2/ws2/install/ur_description/share/ur_description/meshes/ur3e/collision/wrist1.stl
[3.525s] -- Symlinking: /home/skyler/Documents/ece569-fall2026/ece569_Lab2/ws2/install/ur_description/share/ur_description/meshes/ur3e/collision/wrist2.stl
[3.534s] -- Symlinking: /home/skyler/Documents/ece569-fall2026/ece569_Lab2/ws2/install/ur_description/share/ur_description/meshes/ur3e/collision/wrist3.stl
[3.542s] -- Symlinking: /home/skyler/Documents/ece569-fall2026/ece569_Lab2/ws2/install/ur_description/share/ur_description/meshes/ur3e/visual/base.dae
[3.549s] -- Symlinking: /home/skyler/Documents/ece569-fall2026/ece569_Lab2/ws2/install/ur_description/share/ur_description/meshes/ur3e/visual/forearm.dae
[3.557s] -- Symlinking: /home/skyler/Documents/ece569-fall2026/ece569_Lab2/ws2/install/ur_description/share/ur_description/meshes/ur3e/visual/shoulder.dae
[3.565s] -- Symlinking: /home/skyler/Documents/ece569-fall2026/ece569_Lab2/ws2/install/ur_description/share/ur_description/meshes/ur3e/visual/upperarm.dae
[3.574s] -- Symlinking: /home/skyler/Documents/ece569-fall2026/ece569_Lab2/ws2/install/ur_description/share/ur_description/meshes/ur3e/visual/wrist1.dae
[3.582s] -- Symlinking: /home/skyler/Documents/ece569-fall2026/ece569_Lab2/ws2/install/ur_description/share/ur_description/meshes/ur3e/visual/wrist2.dae
[3.589s] -- Symlinking: /home/skyler/Documents/ece569-fall2026/ece569_Lab2/ws2/install/ur_description/share/ur_description/meshes/ur3e/visual/wrist3.dae
[3.598s] -- Symlinking: /home/skyler/Documents/ece569-fall2026/ece569_Lab2/ws2/install/ur_description/share/ur_description/meshes/ur5/collision/base.stl
[3.605s] -- Symlinking: /home/skyler/Documents/ece569-fall2026/ece569_Lab2/ws2/install/ur_description/share/ur_description/meshes/ur5/collision/forearm.stl
[3.613s] -- Symlinking: /home/skyler/Documents/ece569-fall2026/ece569_Lab2/ws2/install/ur_description/share/ur_description/meshes/ur5/collision/shoulder.stl
[3.622s] -- Symlinking: /home/skyler/Documents/ece569-fall2026/ece569_Lab2/ws2/install/ur_description/share/ur_description/meshes/ur5/collision/upperarm.stl
[3.630s] -- Symlinking: /home/skyler/Documents/ece569-fall2026/ece569_Lab2/ws2/install/ur_description/share/ur_description/meshes/ur5/collision/wrist1.stl
[3.638s] -- Symlinking: /home/skyler/Documents/ece569-fall2026/ece569_Lab2/ws2/install/ur_description/share/ur_description/meshes/ur5/collision/wrist2.stl
[3.645s] -- Symlinking: /home/skyler/Documents/ece569-fall2026/ece569_Lab2/ws2/install/ur_description/share/ur_description/meshes/ur5/collision/wrist3.stl
[3.653s] -- Symlinking: /home/skyler/Documents/ece569-fall2026/ece569_Lab2/ws2/install/ur_description/share/ur_description/meshes/ur5/visual/base.dae
[3.662s] -- Symlinking: /home/skyler/Documents/ece569-fall2026/ece569_Lab2/ws2/install/ur_description/share/ur_description/meshes/ur5/visual/forearm.dae
[3.669s] -- Symlinking: /home/skyler/Documents/ece569-fall2026/ece569_Lab2/ws2/install/ur_description/share/ur_description/meshes/ur5/visual/shoulder.dae
[3.677s] -- Symlinking: /home/skyler/Documents/ece569-fall2026/ece569_Lab2/ws2/install/ur_description/share/ur_description/meshes/ur5/visual/upperarm.dae
[3.684s] -- Symlinking: /home/skyler/Documents/ece569-fall2026/ece569_Lab2/ws2/install/ur_description/share/ur_description/meshes/ur5/visual/wrist1.dae
[3.692s] -- Symlinking: /home/skyler/Documents/ece569-fall2026/ece569_Lab2/ws2/install/ur_description/share/ur_description/meshes/ur5/visual/wrist2.dae
[3.700s] -- Symlinking: /home/skyler/Documents/ece569-fall2026/ece569_Lab2/ws2/install/ur_description/share/ur_description/meshes/ur5/visual/wrist3.dae
[3.708s] -- Symlinking: /home/skyler/Documents/ece569-fall2026/ece569_Lab2/ws2/install/ur_description/share/ur_description/meshes/ur5e/collision/base.stl
[3.716s] -- Symlinking: /home/skyler/Documents/ece569-fall2026/ece569_Lab2/ws2/install/ur_description/share/ur_description/meshes/ur5e/collision/forearm.stl
[3.724s] -- Symlinking: /home/skyler/Documents/ece569-fall2026/ece569_Lab2/ws2/install/ur_description/share/ur_description/meshes/ur5e/collision/shoulder.stl
[3.732s] -- Symlinking: /home/skyler/Documents/ece569-fall2026/ece569_Lab2/ws2/install/ur_description/share/ur_description/meshes/ur5e/collision/upperarm.stl
[3.740s] -- Symlinking: /home/skyler/Documents/ece569-fall2026/ece569_Lab2/ws2/install/ur_description/share/ur_description/meshes/ur5e/collision/wrist1.stl
[3.748s] -- Symlinking: /home/skyler/Documents/ece569-fall2026/ece569_Lab2/ws2/install/ur_description/share/ur_description/meshes/ur5e/collision/wrist2.stl
[3.756s] -- Symlinking: /home/skyler/Documents/ece569-fall2026/ece569_Lab2/ws2/install/ur_description/share/ur_description/meshes/ur5e/collision/wrist3.stl
[3.764s] -- Symlinking: /home/skyler/Documents/ece569-fall2026/ece569_Lab2/ws2/install/ur_description/share/ur_description/meshes/ur5e/visual/base.dae
[3.771s] -- Symlinking: /home/skyler/Documents/ece569-fall2026/ece569_Lab2/ws2/install/ur_description/share/ur_description/meshes/ur5e/visual/forearm.dae
[3.779s] -- Symlinking: /home/skyler/Documents/ece569-fall2026/ece569_Lab2/ws2/install/ur_description/share/ur_description/meshes/ur5e/visual/shoulder.dae
[3.787s] -- Symlinking: /home/skyler/Documents/ece569-fall2026/ece569_Lab2/ws2/install/ur_description/share/ur_description/meshes/ur5e/visual/upperarm.dae
[3.795s] -- Symlinking: /home/skyler/Documents/ece569-fall2026/ece569_Lab2/ws2/install/ur_description/share/ur_description/meshes/ur5e/visual/wrist1.dae
[3.803s] -- Symlinking: /home/skyler/Documents/ece569-fall2026/ece569_Lab2/ws2/install/ur_description/share/ur_description/meshes/ur5e/visual/wrist2.dae
[3.811s] -- Symlinking: /home/skyler/Documents/ece569-fall2026/ece569_Lab2/ws2/install/ur_description/share/ur_description/meshes/ur5e/visual/wrist3.dae
[3.819s] -- Symlinking: /home/skyler/Documents/ece569-fall2026/ece569_Lab2/ws2/install/ur_description/share/ur_description/meshes/ur8long/LICENSE.txt
[3.827s] -- Symlinking: /home/skyler/Documents/ece569-fall2026/ece569_Lab2/ws2/install/ur_description/share/ur_description/meshes/ur8long/collision/forearm.stl
[3.836s] -- Symlinking: /home/skyler/Documents/ece569-fall2026/ece569_Lab2/ws2/install/ur_description/share/ur_description/meshes/ur8long/collision/upperarm.stl
[3.844s] -- Symlinking: /home/skyler/Documents/ece569-fall2026/ece569_Lab2/ws2/install/ur_description/share/ur_description/meshes/ur8long/visual/UR8Long_DIFF_8bit_2K.jpg
[3.851s] -- Symlinking: /home/skyler/Documents/ece569-fall2026/ece569_Lab2/ws2/install/ur_description/share/ur_description/meshes/ur8long/visual/forearm.dae
[3.859s] -- Symlinking: /home/skyler/Documents/ece569-fall2026/ece569_Lab2/ws2/install/ur_description/share/ur_description/meshes/ur8long/visual/upperarm.dae
[3.866s] -- Symlinking: /home/skyler/Documents/ece569-fall2026/ece569_Lab2/ws2/install/ur_description/share/ur_description/rviz/view_robot.rviz
[3.874s] -- Symlinking: /home/skyler/Documents/ece569-fall2026/ece569_Lab2/ws2/install/ur_description/share/ur_description/urdf/inc/ur_common.xacro
[3.882s] -- Symlinking: /home/skyler/Documents/ece569-fall2026/ece569_Lab2/ws2/install/ur_description/share/ur_description/urdf/inc/ur_transmissions.xacro
[3.890s] -- Symlinking: /home/skyler/Documents/ece569-fall2026/ece569_Lab2/ws2/install/ur_description/share/ur_description/urdf/ur.ros2_control.xacro
[3.898s] -- Symlinking: /home/skyler/Documents/ece569-fall2026/ece569_Lab2/ws2/install/ur_description/share/ur_description/urdf/ur.urdf.xacro
[3.905s] -- Symlinking: /home/skyler/Documents/ece569-fall2026/ece569_Lab2/ws2/install/ur_description/share/ur_description/urdf/ur_macro.xacro
[3.913s] -- Symlinking: /home/skyler/Documents/ece569-fall2026/ece569_Lab2/ws2/install/ur_description/share/ur_description/test/test_ur_urdf_xacro.py
[3.922s] -- Symlinking: /home/skyler/Documents/ece569-fall2026/ece569_Lab2/ws2/install/ur_description/share/ur_description/test/test_view_ur_launch.py
[3.931s] -- Symlinking: /home/skyler/Documents/ece569-fall2026/ece569_Lab2/ws2/install/ur_description/share/ament_index/resource_index/package_run_dependencies/ur_description
[3.939s] -- Symlinking: /home/skyler/Documents/ece569-fall2026/ece569_Lab2/ws2/install/ur_description/share/ament_index/resource_index/parent_prefix_path/ur_description
[3.947s] -- Symlinking: /home/skyler/Documents/ece569-fall2026/ece569_Lab2/ws2/install/ur_description/share/ur_description/environment/ament_prefix_path.sh
[3.955s] -- Symlinking: /home/skyler/Documents/ece569-fall2026/ece569_Lab2/ws2/install/ur_description/share/ur_description/environment/ament_prefix_path.dsv
[3.963s] -- Symlinking: /home/skyler/Documents/ece569-fall2026/ece569_Lab2/ws2/install/ur_description/share/ur_description/environment/path.sh
[3.970s] -- Symlinking: /home/skyler/Documents/ece569-fall2026/ece569_Lab2/ws2/install/ur_description/share/ur_description/environment/path.dsv
[3.978s] -- Symlinking: /home/skyler/Documents/ece569-fall2026/ece569_Lab2/ws2/install/ur_description/share/ur_description/local_setup.bash
[3.985s] -- Symlinking: /home/skyler/Documents/ece569-fall2026/ece569_Lab2/ws2/install/ur_description/share/ur_description/local_setup.sh
[3.993s] -- Symlinking: /home/skyler/Documents/ece569-fall2026/ece569_Lab2/ws2/install/ur_description/share/ur_description/local_setup.zsh
[4.000s] -- Symlinking: /home/skyler/Documents/ece569-fall2026/ece569_Lab2/ws2/install/ur_description/share/ur_description/local_setup.dsv
[4.008s] -- Symlinking: /home/skyler/Documents/ece569-fall2026/ece569_Lab2/ws2/install/ur_description/share/ur_description/package.dsv
[4.016s] -- Symlinking: /home/skyler/Documents/ece569-fall2026/ece569_Lab2/ws2/install/ur_description/share/ament_index/resource_index/packages/ur_description
[4.024s] -- Symlinking: /home/skyler/Documents/ece569-fall2026/ece569_Lab2/ws2/install/ur_description/share/ur_description/cmake/ur_descriptionConfig.cmake
[4.033s] -- Symlinking: /home/skyler/Documents/ece569-fall2026/ece569_Lab2/ws2/install/ur_description/share/ur_description/cmake/ur_descriptionConfig-version.cmake
[4.041s] -- Symlinking: /home/skyler/Documents/ece569-fall2026/ece569_Lab2/ws2/install/ur_description/share/ur_description/package.xml
[4.050s] Invoked command in '/home/skyler/Documents/ece569-fall2026/ece569_Lab2/ws2/build/ur_description' returned '0': CMAKE_PREFIX_PATH=/home/skyler/Documents/ece569-fall2026/ece569_Lab2/ws2/install/table_description:/home/skyler/Documents/ece569-fall2026/ece569_Lab2/ws2/install/rrbot_description:/opt/ros/humble /usr/bin/cmake --install /home/skyler/Documents/ece569-fall2026/ece569_Lab2/ws2/build/ur_description
